07-28 16:11:54.163  6848  7034 I TestRunner: started: testadd(com.example.cardiacrecorder.MainActivityTest$HomeTest)
07-28 16:11:54.183  6848  7034 W Settings: Setting always_finish_activities has moved from android.provider.Settings.System to android.provider.Settings.Global, returning read-only value.
07-28 16:11:54.189  6785  6891 I Finsky  : [3433] rrc.accept(43): SCH: Scheduling phonesky job Id: 3-35833, CT: 1659003114045, Constraints: [{ L: 0, D: 86400000, C: 2, I: 2, N: 2 }]
07-28 16:11:54.189  6785  6891 I Finsky  : [3433] rrc.accept(43): SCH: Scheduling phonesky job Id: 3-35834, CT: 1659003114046, Constraints: [{ L: 0, D: 86400000, C: 1, I: 2, N: 2 }]
07-28 16:11:54.190  6785  6891 I Finsky  : [3433] rrc.accept(43): SCH: Scheduling phonesky job Id: 3-35835, CT: 1659003114047, Constraints: [{ L: 0, D: 86400000, C: 1, I: 2, N: 2 }]
07-28 16:11:54.191  6785  6891 I Finsky  : [3433] rrc.accept(43): SCH: Scheduling phonesky job Id: 3-35836, CT: 1659003114047, Constraints: [{ L: 0, D: 86400000, C: 2, I: 2, N: 2 }]
07-28 16:11:54.201  6785  6858 I Finsky  : [3428] rqq.apply(12): SCH: Scheduling 2 system job(s)
07-28 16:11:54.202  6785  6858 I Finsky  : [3428] rqq.apply(18): SCH: Scheduling system job Id: 9867, L: 0, D: 86399844, C: true, I: true, N: 2
07-28 16:11:54.206  3201  3360 I InputReader: Touch event's action (MT) is 0x105 (id=4, t=0) [pCnt=2, s=1.498 3.506 ] when=4698.983174
07-28 16:11:54.207  3201  3359 I InputDispatcher: Delivering touch to (3846): action: 0x105, f=0x0, d=0, 'a8c0191', t=1
07-28 16:11:54.207  3201  3359 I InputDispatcher: Delivering touch to (3491): action: 0x105, f=0x3, d=0, 'ad7e14f', t=1
07-28 16:11:54.212  6785  6858 I Finsky  : [3428] rqq.apply(18): SCH: Scheduling system job Id: 9868, L: 0, D: 86399835, C: false, I: true, N: 2
07-28 16:11:54.217  2807  4920 I SurfaceFlinger: createSurf start. lock debugging [Stack=16]
07-28 16:11:54.218  2807  4920 I SurfaceFlinger: id=472 createSurf (0x0),-1 flag=80004, Stack=16#0
07-28 16:11:54.219  2807  4920 I SurfaceFlinger: createSurf start. lock debugging [animation background stackId=16]
07-28 16:11:54.219  2807  4920 I SurfaceFlinger: id=473 createSurf (0x0),-1 flag=20004, animation background stackId=16#0
07-28 16:11:54.221  2807  4920 I SurfaceFlinger: createSurf start. lock debugging [Task=18]
07-28 16:11:54.221  2807  4920 I SurfaceFlinger: id=474 createSurf (0x0),-1 flag=80004, Task=18#0
07-28 16:11:54.224  2807  4920 I SurfaceFlinger: createSurf start. lock debugging [AppWindowToken{8a03b30 token=Token{fb41073 ActivityRecord{6b6b4e2 u0 com.example.cardiacrecorder.test/androidx.test.core.app.InstrumentationActivityInvoker$BootstrapActivity t18}}}]
07-28 16:11:54.224  2807  4920 I SurfaceFlinger: id=475 createSurf (0x0),-1 flag=80004, AppWindowToken{8a03b30 token=Token{fb41073 ActivityRecord{6b6b4e2 u0 com.example.cardiacrecorder.test/androidx.test.core.app.InstrumentationActivityInvoker$BootstrapActivity t18}}}#0
07-28 16:11:54.229  2783  2783 I display : [PrimaryDisplay] [DYNAMIC_RECOMP] first frame after HWC_2_GLES
07-28 16:11:54.229  2783  2783 I display : [PrimaryDisplay] [DYNAMIC_RECOMP] GLES_2_HWC by high FPS(5)
07-28 16:11:54.232  3846  3846 D WallpaperUpdater: onPause : true
07-28 16:11:54.236  3846  3846 D SPayUpdater: updateSpayHandler launcher activity is paused false
07-28 16:11:54.238  3201  3223 E system_server: Invalid ID 0x00000000.
07-28 16:11:54.245  3201  3223 D PhoneWindow: forceLight changed to true [Splash Screen com.example.cardiacrecorder.test] from com.android.internal.policy.PhoneWindow.updateForceLightNavigationBar:4238 com.android.internal.policy.DecorView.updateColorViews:1510 com.android.internal.policy.PhoneWindow.dispatchWindowAttributesChanged:3216 android.view.Window.setFlags:1148 com.android.internal.policy.PhoneWindow.generateLayout:2444
07-28 16:11:54.245  3201  3442 I System.out: (HTTPLog)-Static: isSBSettingEnabled false
07-28 16:11:54.246  3201  3442 I System.out: (HTTPLog)-Static: isSBSettingEnabled false
07-28 16:11:54.246  3201  3689 V WindowManager: Relayout Window{a8c0191 u0 com.sec.android.app.launcher/com.sec.android.app.launcher.activities.LauncherActivity}: viewVisibility=0 req=720x1520
07-28 16:11:54.248  2941  3128 D EnterpriseController: netId is 0
07-28 16:11:54.248  2941  3128 E Netd    : getNetworkForDns: getNetId from enterpriseCtrl is netid 0
07-28 16:11:54.248  2941  3128 D DnsProxyListener: DNSDBG::dns addrinfo af 2 - 1000
07-28 16:11:54.248  3201  3222 I ApplicationPolicy: isApplicationExternalStorageWhitelisted:com.example.cardiacrecorder.test user:0
07-28 16:11:54.248  3201  3222 D ApplicationPolicy: isApplicationExternalStorageWhitelisted: DO is not enabled on user 0. Allowed.
07-28 16:11:54.248  3201  3222 I ApplicationPolicy: isApplicationExternalStorageBlacklisted:com.example.cardiacrecorder.test user:0
07-28 16:11:54.248  3201  3222 D ApplicationPolicy: isApplicationExternalStorageBlacklisted: DO is not enabled on user 0. Allowed.
07-28 16:11:54.248  3201  3222 I ApplicationPolicy: isApplicationExternalStorageBlacklisted:com.example.cardiacrecorder.test user:0
07-28 16:11:54.248  3201  3222 D ApplicationPolicy: isApplicationExternalStorageBlacklisted: DO is not enabled on user 0. Allowed.
07-28 16:11:54.250  3201  3423 E NetdEventListenerService: handleMessage: { when=0 what=10001 obj=com.android.server.connectivity.NetdEventListenerService$DnsResultParams@5c44048 target=com.android.server.connectivity.NetdEventListenerService$DnsEventHandler }
07-28 16:11:54.250  3201  3689 V WindowManager: Relayout 3846: mAttrs={(0,0)(fillxfill) sim={adjust=nothing} layoutInDisplayCutoutMode=always ty=BASE_APPLICATION fmt=TRANSPARENT wanim=0x10302f1
07-28 16:11:54.250  3201  3689 V WindowManager:   fl=81910100
07-28 16:11:54.250  3201  3689 V WindowManager:   pfl=20000
07-28 16:11:54.250  3201  3689 V WindowManager:   vsysui=700 naviIconColor=0}
07-28 16:11:54.252  3846  3846 D ViewRootImpl@dc629d6[LauncherActivity]: Relayout returned: old=(0,0,720,1520) new=(0,0,720,1520) req=(720,1520)0 dur=7 res=0x1 s={true 3162204160} ch=false
07-28 16:11:54.254  3201  3223 D InputTransport: Input channel constructed: '4ca281d', fd=399
07-28 16:11:54.254  3201  3223 D InputTransport: Input channel constructed: '4ca281d', fd=417
07-28 16:11:54.254  2807  4920 I SurfaceFlinger: createSurf start. lock debugging [4ca281d Splash Screen com.example.cardiacrecorder.test]
07-28 16:11:54.254  2807  4920 I SurfaceFlinger: id=476 createSurf (0x0),-1 flag=80004, 4ca281d Splash Screen com.example.cardiacrecorder.test#0
07-28 16:11:54.255  3201  3223 D ViewRootImpl@60118f4[test]: setView = com.android.internal.policy.DecorView@5ba1a92 TM=true MM=false
07-28 16:11:54.261  2867  2867 D Zygote  : Forked child process 7038
07-28 16:11:54.262  3201  3223 V WindowManager: Relayout Window{4ca281d u0 Splash Screen com.example.cardiacrecorder.test}: viewVisibility=0 req=720x1520
07-28 16:11:54.266  2807  4920 I SurfaceFlinger: createSurf start. lock debugging [Splash Screen com.example.cardiacrecorder.test]
07-28 16:11:54.266  2807  4920 I SurfaceFlinger: id=477 createSurf (720x1520),1 flag=404, Splash Screen com.example.cardiacrecorder.test#0
07-28 16:11:54.268  3846  3846 D ViewRootImpl@dc629d6[LauncherActivity]: MSG_WINDOW_FOCUS_CHANGED 0 1
07-28 16:11:54.269  7038  7038 I acrecorder.tes: Late-enabling -Xcheck:jni
07-28 16:11:54.269  3846  3846 D InputMethodManager: prepareNavigationBarInfo() DecorView@f1937b3[LauncherActivity]
07-28 16:11:54.269  3846  3846 D InputMethodManager: getNavigationBarColor() 0
07-28 16:11:54.270  3201  3223 V WindowManager: Relayout 3201: mAttrs={(0,0)(fillxfill) sim={adjust=pan} ty=APPLICATION_STARTING wanim=0x1030001
07-28 16:11:54.270  3201  3223 V WindowManager:   fl=1830118
07-28 16:11:54.270  3201  3223 V WindowManager:   pfl=10020011
07-28 16:11:54.270  3201  3223 V WindowManager:   vsysui=10 naviIconColor=0}
07-28 16:11:54.270  3201  3223 D ViewRootImpl@60118f4[test]: Relayout returned: old=(0,0,720,1520) new=(0,0,720,1520) req=(720,1520)0 dur=8 res=0x7 s={true 3515922432} ch=true
07-28 16:11:54.276  3201  3223 E DecorView: mWindow.mActivityCurrentConfig is null
07-28 16:11:54.278  3201  3689 D InputDispatcher: Focus left window (3846): a8c0191 in display 0 0
07-28 16:11:54.278  3201  3689 D InputDispatcher: Touched window was removed: Window{a8c0191 u0 com.sec.android.app.launcher/com.sec.android.app.launcher.activities.LauncherActivity} in display 0
07-28 16:11:54.279  3201  3689 I InputDispatcher: Delivering touch to (-1): action: 0x3, f=0x0, d=-1, 'a8c0191', t=1
07-28 16:11:54.284  3846  3846 D SwipeDetector: setState:DRAGGING->SETTLING
07-28 16:11:54.284  3846  3846 D FlingAndHoldTouchController: onDragEnd, fling = false, isPaused = true, handlingOverviewAnim = false
07-28 16:11:54.285  3846  3846 D ASCTouchController: onDragEnd, fling = false, from = com.android.launcher3.LauncherState@5993cb4, to = com.android.launcher3.uioverrides.states.AllAppsState@9f5e0dd
07-28 16:11:54.285  3846  3846 D PortraitStatesTouchCtrl: updateSwipeCompleteAnimation, isFling = false, targetState = com.android.launcher3.uioverrides.states.AllAppsState@9f5e0dd
07-28 16:11:54.285  3846  3846 D StateManager: onStateTransitionStart mState = com.android.launcher3.uioverrides.states.AllAppsState@9f5e0dd
07-28 16:11:54.286  3846  3935 D SamsungAnalytics605036: user do not agree
07-28 16:11:54.286  3846  3846 D Launcher.AppsPagedView: setLayout(), l: 25, r: 25, b: 68, spacing: 26
07-28 16:11:54.287  3846  3846 D Launcher: onStateSet for widget host, state : com.android.launcher3.uioverrides.states.AllAppsState@9f5e0dd
07-28 16:11:54.287  3846  3846 D ScrimView: mEndScrim = 0 state = com.android.launcher3.uioverrides.states.AllAppsState@9f5e0dd
07-28 16:11:54.287  3846  3846 D RecentsUIControllerImpl: updateElementsVisiblity event=ON_TRANSITION_START
07-28 16:11:54.288  3846  3846 D BlurOperator: progress = 1.0, mBlurProgress = 0.0, forced = true, mForced = true
07-28 16:11:54.288  3846  3846 D BlurOperator: mSetTime = 1659003029762, currentTimeMs = 1659003114288
07-28 16:11:54.288  3846  3846 D BlurOperator: blurAmount = 0.15, mBgBlurAmount = 0.15, show = true, mPreBlur = 0.0
07-28 16:11:54.288  3201  3223 D ViewRootImpl@60118f4[test]: MSG_RESIZED: frame=(0,0,720,1520) ci=(0,54,0,30) vi=(0,54,0,30) or=1
07-28 16:11:54.294  3846  3846 D ScrimView: updateColors mProgress = 0.19999999
07-28 16:11:54.294  3846  3846 D RecentsUIControllerImpl: updateElementsVisiblity event=ON_EXIT
07-28 16:11:54.295  3846  3846 V RecentsView: setFreezeViewVisibility mContentAlpha = 0.0
07-28 16:11:54.295  3846  3846 D StateManager: goToStateAnimated mStateChanged is false
07-28 16:11:54.295  3846  3846 D StateManager: End animation. mStateChanged is changed to False
07-28 16:11:54.296  3846  3846 D ASCTouchController: onSwipeInteractionCompleted, targetState = com.android.launcher3.uioverrides.states.AllAppsState@9f5e0dd
07-28 16:11:54.296  3846  3846 D SwipeDetector: finishedScrolling, mState = SETTLING
07-28 16:11:54.296  3846  3846 D SwipeDetector: setState:SETTLING->IDLE
07-28 16:11:54.299  3846  3846 D UserEvent:
07-28 16:11:54.299  3846  3846 D UserEvent: -----------------------------------------------------
07-28 16:11:54.299  3846  3846 D UserEvent: action:SWIPE direction=UP direction=UP
07-28 16:11:54.299  3846  3846 D UserEvent:  Source child:HOTSEAT id=1 span(374,1210)	parent:WORKSPACE id=0
07-28 16:11:54.299  3846  3846 D UserEvent:  Destination child:ALLAPPS
07-28 16:11:54.299  3846  3846 D UserEvent:  Elapsed container 84500 ms, session 84500 ms, action 0 ms
07-28 16:11:54.299  3846  3846 D UserEvent:
07-28 16:11:54.299  3846  3846 I StateManager: goToState isInState com.android.launcher3.uioverrides.states.AllAppsState@9f5e0dd
07-28 16:11:54.299  3846  3846 D ASCTouchController: resetForced()
07-28 16:11:54.299  3846  3846 D PortraitStatesTouchCtrl: onSwipeInteractionCompleted, targetState = com.android.launcher3.uioverrides.states.AllAppsState@9f5e0dd
07-28 16:11:54.301  3846  3846 D SPayUpdater: updateSpayHandler launcher activity is paused false
07-28 16:11:54.311  7038  7038 E acrecorder.tes: Unknown bits set in runtime_flags: 0x8000
07-28 16:11:54.313  3201  3360 I InputReader: Touch event's action (MT) is 0x106 (id=4, t=0) [pCnt=2, s=1.498 ] when=4699.089534
07-28 16:11:54.313  3201  3359 I InputDispatcher: Delivering touch to (3491): action: 0x106, f=0x3, d=0, 'ad7e14f', t=1
07-28 16:11:54.327  2806  2806 I lmkd    : cached 0, sandbox(not0) 0
07-28 16:11:54.327  2806  2806 I lmkd    : Reclaim Mem 'com.samsung.android.da.daagent' (6762), uid 1000, oom_adj 995, state 20 to free 97240kB
07-28 16:11:54.328  2806  2806 I lmkd    : Reclaimed 97240kB at oom_adj 850
07-28 16:11:54.329  7038  7038 D ActivityThread: setConscryptValidator
07-28 16:11:54.330  7038  7038 D ActivityThread: setConscryptValidator - put
07-28 16:11:54.347  3201  3689 D InputDispatcher: Focused application set to (0): 8a03b30
07-28 16:11:54.348  2867  2867 I Zygote  : Process 6762 exited due to signal 9 (Killed)
07-28 16:11:54.349  2806  2806 I lmkd    : 4(delay),0(swap), 0(freelimit) memory pressure events were skipped after a kill!
07-28 16:11:54.349  2806  2806 I lmkd    : cached 0, sandbox(not0) 0
07-28 16:11:54.350  2806  2806 I lmkd    : Reclaim Mem 'com.samsung.android.provider.filterprovider' (6699), uid 1000, oom_adj 985, state 20 to free 97100kB
07-28 16:11:54.350  2806  2806 I lmkd    : Reclaimed 97100kB at oom_adj 850
07-28 16:11:54.354  3201  3230 I libprocessgroup: Successfully killed process cgroup uid 1000 pid 6762 in 0ms
07-28 16:11:54.362  3491  9271 D WallpaperService: dispatchAppVisibility onVisibilityChanged(): false
07-28 16:11:54.364  3201  3220 D WindowManager: setSystemUiVisibility: displayId=0, vis=0x8018, fullVis=0x0, dockVis=0x0, win=Window{4ca281d u0 Splash Screen com.example.cardiacrecorder.test}
07-28 16:11:54.365  3491  3491 I ImageWallpaper:  onVisibilityChanged false
07-28 16:11:54.365  3491  3491 D WallpaperService: reportVisibility onVisibilityChanged visible: false
07-28 16:11:54.367  3201  3218 D WindowManager: adjustSystemUiVisibilityLw: displayId=0, vis=0x8018, resetVis=0x0, clearVis=0x0
07-28 16:11:54.367  3491  3491 D LightBarController: onNavigationVisibilityChanged : vis = 8018, nbModeChanged = false navigationBarMode = 4, navbarColorManagedByIme = false
07-28 16:11:54.368  3201  3218 D InputManager-JNI: setSystemUiVisibility dexmode: false changed: true displayid: 0 visibility: 0x8018 DD: 0x8018 OD: 0x0
07-28 16:11:54.368  2807  4920 E BufferQueueProducer: [com.sec.android.app.launcher/com.sec.android.app.launcher.activities.LauncherActivity$_3846#0] disconnect: not connected (req=1)
07-28 16:11:54.368  3846  4963 W libEGL  : EGLNativeWindowType 0xb35bd208 disconnect failed
07-28 16:11:54.372  3201  4828 V WindowManager: Relayout Window{a8c0191 u0 com.sec.android.app.launcher/com.sec.android.app.launcher.activities.LauncherActivity}: viewVisibility=8 req=720x1520
07-28 16:11:54.374  2867  2867 I Zygote  : Process 6699 exited due to signal 9 (Killed)
07-28 16:11:54.377  3201  4828 V WindowManager: Relayout 3846: mAttrs={(0,0)(fillxfill) sim={adjust=nothing} layoutInDisplayCutoutMode=always ty=BASE_APPLICATION fmt=TRANSPARENT wanim=0x10302f1
07-28 16:11:54.377  3201  4828 V WindowManager:   fl=81910100
07-28 16:11:54.377  3201  4828 V WindowManager:   pfl=20000
07-28 16:11:54.377  3201  4828 V WindowManager:   vsysui=700 naviIconColor=0}
07-28 16:11:54.378  3846  3846 D ViewRootImpl@dc629d6[LauncherActivity]: Relayout returned: old=(0,0,720,1520) new=(0,0,720,1520) req=(720,1520)8 dur=9 res=0x5 s={false 0} ch=true
07-28 16:11:54.388  2807  2807 I SurfaceFlinger: Display 0 HWC layers:
07-28 16:11:54.388  2807  2807 I SurfaceFlinger:     type    |    handle    | flag |  format   |   source crop (l,t,r,b)    |         frame       | name
07-28 16:11:54.388  2807  2807 I SurfaceFlinger: ------------+--------------+------+-----------+----------------------------+---------------------+------
07-28 16:11:54.388  2807  2807 I SurfaceFlinger:      DEVICE | 0xf464dcc0 | 0002 | RGBA_8888 |   0.0    0.0  720.0 1520.0 |    0    0  720 1520 | Splash Screen com.example.cardiacrecorder.test#0
07-28 16:11:54.388  2807  2807 I SurfaceFlinger:      CLIENT | 0xf464ebc0 | 0000 | RGBA_8888 |   0.0    0.0  720.0   54.0 |    0    0  720   54 | StatusBar$_3491#0
07-28 16:11:54.388  2807  2807 I SurfaceFlinger:      CLIENT | 0xf2732940 | 0000 | RGBA_8888 |   0.0    0.0  720.0   64.0 |    0 1456  720 1520 | GestureInterceptOverlay$_3491#0
07-28 16:11:54.388  2807  2807 I SurfaceFlinger:      CLIENT | 0xf2730280 | 0000 | RGBA_8888 |   0.0    0.0  720.0   96.0 |    0 1424  720 1520 | NavigationBar0$_3491#0
07-28 16:11:54.388  2807  2807 I SurfaceFlinger:      DEVICE | 0xf2731400 | 0000 | RGBA_8888 |   0.0    0.0  720.0 1520.0 |    0    0  720 1520 | $_3491#0
07-28 16:11:54.388  2807  2807 I SurfaceFlinger:
07-28 16:11:54.393  3201  3230 I libprocessgroup: Successfully killed process cgroup uid 1000 pid 6699 in 0ms
07-28 16:11:54.396  3201  3220 D CodecSolution: isMaxAspectPackageEx: com.example.cardiacrecorder.test : false(0)
07-28 16:11:54.397  3201  3418 W PkgPredictorService: background app without no launcher icon com.example.cardiacrecorder.test
07-28 16:11:54.400  2806  2806 I lmkd    : 1(delay),0(swap), 0(freelimit) memory pressure events were skipped after a kill!
07-28 16:11:54.401  7038  7038 I acrecorder.tes: The ClassLoaderContext is a special shared library.
07-28 16:11:54.407  7038  7038 I acrecorder.tes: The ClassLoaderContext is a special shared library.
07-28 16:11:54.426  3491  3844 D NetworkController.MobileSignalController(0/1): onSignalStrengthsChanged signalStrength=SignalStrength:{mCdma=Invalid,mGsm=Invalid,mWcdma=Invalid,mTdscdma=Invalid,mLte=CellSignalStrengthLte: rssi=-83 rsrp=-83 rsrq=-10 rssnr=90 cqi=11 ta=2147483647 level=3,mNr=Invalid,SignalBarInfo{ lteLevel=4 },P,rat=14,primary=CellSignalStrengthLte} level=4
07-28 16:11:54.427  3491  3844 D NetworkController.MobileSignalController(0/1): getMobileIconGroup(): 13
07-28 16:11:54.467  3201  3360 I InputReader: Touch event's action (MT) is 0x105 (id=4, t=0) [pCnt=2, s=0.507 1.498 ] when=4699.243158
07-28 16:11:54.467  3201  3359 I InputDispatcher: Dropping event because there is no touchable window or gesture monitor at (399, 1486) in display 0.
07-28 16:11:54.558  7038  7038 D PhoneWindow: forceLight changed to true [] from com.android.internal.policy.PhoneWindow.updateForceLightNavigationBar:4238 com.android.internal.policy.DecorView.updateColorViews:1510 com.android.internal.policy.PhoneWindow.dispatchWindowAttributesChanged:3216 android.view.Window.setFlags:1148 com.android.internal.policy.PhoneWindow.generateLayout:2444
07-28 16:11:54.560  7038  7038 I MultiWindowDecorSupport: updateCaptionType >> DecorView@3698a61[], isFloating: false, isApplication: true, hasWindowDecorCaption: false, hasWindowControllerCallback: true
07-28 16:11:54.560  7038  7038 D MultiWindowDecorSupport: setCaptionType = 0, DecorView = DecorView@3698a61[]
07-28 16:11:54.586  3201  3360 I InputReader: Touch event's action (MT) is 0x106 (id=4, t=0) [pCnt=2, s=1.498 ] when=4699.362658
07-28 16:11:54.586  3201  3359 I InputDispatcher: Delivering touch to (3491): action: 0x106, f=0x3, d=0, 'ad7e14f', t=1
07-28 16:11:54.622  2807  2988 I SurfaceFlinger: createSurf start. lock debugging [AppWindowToken{635b6bc token=Token{44352af ActivityRecord{a64ea8e u0 com.example.cardiacrecorder/.Home t18}}}]
07-28 16:11:54.623  2807  2988 I SurfaceFlinger: id=478 createSurf (0x0),-1 flag=80004, AppWindowToken{635b6bc token=Token{44352af ActivityRecord{a64ea8e u0 com.example.cardiacrecorder/.Home t18}}}#0
07-28 16:11:54.625  3201  3220 D WindowManager: setSystemUiVisibility: displayId=0, vis=0x8018, fullVis=0x0, dockVis=0x0, win=Window{4ca281d u0 Splash Screen com.example.cardiacrecorder.test}
07-28 16:11:54.627  3201  3223 D ViewRootImpl@60118f4[test]: MSG_RESIZED: frame=(0,0,720,1520) ci=(0,54,0,30) vi=(0,54,0,30) or=1
07-28 16:11:54.635  6848  6848 W ActivityThread: handleWindowVisibility: no activity for token android.os.BinderProxy@4c028a4
07-28 16:11:54.636  3201  3665 D InputDispatcher: Focused application set to (0): 635b6bc
07-28 16:11:54.645  3846  3846 D ViewRootImpl@dc629d6[LauncherActivity]: stopped(true) old=false
07-28 16:11:54.646  3846  3846 D UserEvent:
07-28 16:11:54.646  3846  3846 D UserEvent: -----------------------------------------------------
07-28 16:11:54.646  3846  3846 D UserEvent: action:STOP
07-28 16:11:54.646  3846  3846 D UserEvent:  Source child:ALLAPPS
07-28 16:11:54.646  3846  3846 D UserEvent:  Elapsed container 348 ms, session 84848 ms, action 0 ms
07-28 16:11:54.646  3846  3846 D UserEvent:
07-28 16:11:54.646  3846  3846 D LauncherAppWidgetHost: setListenIfResumed, mFlags = 5
07-28 16:11:54.648  3201  4828 I AppWidgetServiceImpl: stopListening callbacks : null
07-28 16:11:54.648  3846  3846 D Launcher.NotificationListener: removeNotificationsChangedListener
07-28 16:11:54.648  3846  3846 D BadgeCountUpdaterImpl: onNotificationsChangedDisConnected
07-28 16:11:54.648  3846  3846 D Launcher.NotificationListener: unregisterObserver, this is not notificationService!!
07-28 16:11:54.648  3846  3846 V SettingsHelper: *** unregister listener for com.android.launcher3.notification.-$$Lambda$NotificationListener$TPumyTwU0XeoXYvudWsC9Oq4HgU@b4bd74
07-28 16:11:54.649  3846  3846 V SettingsHelper: *** unregister listener for com.android.launcher3.notification.-$$Lambda$NotificationListener$rJMoivvsqzlKdmqkNLlyopK1Us8@a66329d
07-28 16:11:54.650  3201  3220 D CodecSolution: isMaxAspectPackageEx: com.example.cardiacrecorder : false(0)
07-28 16:11:54.660  3201  3220 D CodecSolution: isMaxAspectPackageEx: com.example.cardiacrecorder : false(0)
07-28 16:11:54.664  2807  2857 I Layer   : id=470 removeFromCurrentState com.sec.android.app.launcher/com.sec.android.app.launcher.activities.LauncherActivity$_3846#0 (52)
07-28 16:11:54.664  2807  2857 I SurfaceFlinger: id=470 Removed com.sec.android.app.launcher/com.sec.android.app.launcher.activities.LauncherActivity$_3846#0 (52)
07-28 16:11:54.667  3201  3220 D CodecSolution: isMaxAspectPackageEx: com.example.cardiacrecorder : false(0)
07-28 16:11:54.677  2807  2807 I Layer   : id=470[1] Destroyed com.sec.android.app.launcher/com.sec.android.app.launcher.activities.LauncherActivity$_3846#0
07-28 16:11:54.706  3201  3442 W WifiTransportLayerUtils: getApplicationCategory - IOException com.example.cardiacrecorder.test
07-28 16:11:54.707  3201  3442 I System.out: (HTTPLog)-Static: isSBSettingEnabled false
07-28 16:11:54.707  3201  3442 I System.out: (HTTPLog)-Static: isSBSettingEnabled false
07-28 16:11:54.765  6848  6848 D LifecycleMonitor: Lifecycle status change: com.example.cardiacrecorder.Home@6066609 in: PRE_ON_CREATE
07-28 16:11:54.766  6848  6848 V ActivityScenario: Activity lifecycle changed event received but ignored because the reported transition was not ON_CREATE while the last known transition was PRE_ON_CREATE
07-28 16:11:54.807  6848  6848 D PhoneWindow: forceLight changed to true [] from com.android.internal.policy.PhoneWindow.updateForceLightNavigationBar:4238 com.android.internal.policy.DecorView.updateColorViews:1510 com.android.internal.policy.PhoneWindow.dispatchWindowAttributesChanged:3216 android.view.Window.setFlags:1148 com.android.internal.policy.PhoneWindow.generateLayout:2444
07-28 16:11:54.809  6848  6848 I MultiWindowDecorSupport: updateCaptionType >> DecorView@97262e6[], isFloating: false, isApplication: true, hasWindowDecorCaption: false, hasWindowControllerCallback: true
07-28 16:11:54.809  6848  6848 D MultiWindowDecorSupport: setCaptionType = 0, DecorView = DecorView@97262e6[]
07-28 16:11:54.938  6848  6848 W cardiacrecorde: Accessing hidden method Landroid/view/View;->computeFitSystemWindows(Landroid/graphics/Rect;Landroid/graphics/Rect;)Z (greylist, reflection, allowed)
07-28 16:11:54.940  6848  6848 W cardiacrecorde: Accessing hidden method Landroid/view/ViewGroup;->makeOptionalFitsSystemWindows()V (greylist, reflection, allowed)
07-28 16:11:55.060  2783 30678 I display : [PrimaryDisplay] [DYNAMIC_RECOMP] HWC_2_GLES by low FPS(0)
07-28 16:11:55.170  6848  6848 D LifecycleMonitor: Lifecycle status change: com.example.cardiacrecorder.Home@6066609 in: CREATED
07-28 16:11:55.171  6848  6848 V ActivityScenario: Update currentActivityStage to CREATED, currentActivity=com.example.cardiacrecorder.Home@6066609
07-28 16:11:55.179  6848  6848 D LifecycleMonitor: Lifecycle status change: com.example.cardiacrecorder.Home@6066609 in: STARTED
07-28 16:11:55.179  6848  6848 V ActivityScenario: Update currentActivityStage to STARTED, currentActivity=com.example.cardiacrecorder.Home@6066609
07-28 16:11:55.185  6848  6848 D LifecycleMonitor: Lifecycle status change: com.example.cardiacrecorder.Home@6066609 in: RESUMED
07-28 16:11:55.186  6848  6848 V ActivityScenario: Update currentActivityStage to RESUMED, currentActivity=com.example.cardiacrecorder.Home@6066609
07-28 16:11:55.213  3201  3665 D InputTransport: Input channel constructed: '227133e', fd=569
07-28 16:11:55.213  3201  3665 D InputTransport: Input channel constructed: '227133e', fd=570
07-28 16:11:55.214  2807  2988 I SurfaceFlinger: createSurf start. lock debugging [227133e com.example.cardiacrecorder/com.example.cardiacrecorder.Home]
07-28 16:11:55.214  2807  2988 I SurfaceFlinger: id=479 createSurf (0x0),-1 flag=80004, 227133e com.example.cardiacrecorder/com.example.cardiacrecorder.Home#0
07-28 16:11:55.215  3201  3665 D InputTransport: Input channel destroyed: '227133e', fd=570
07-28 16:11:55.217  6848  6848 D ViewRootImpl@bc5f58e[Home]: setView = com.android.internal.policy.DecorView@97262e6 TM=true MM=false
07-28 16:11:55.223  6848  7034 D EventInjectionStrategy: Creating injection strategy with input manager.
07-28 16:11:55.223  6848  7034 W cardiacrecorde: Accessing hidden method Landroid/hardware/input/InputManager;->getInstance()Landroid/hardware/input/InputManager; (greylist, reflection, allowed)
07-28 16:11:55.224  6848  7034 W cardiacrecorde: Accessing hidden method Landroid/hardware/input/InputManager;->injectInputEvent(Landroid/view/InputEvent;I)Z (greylist, reflection, allowed)
07-28 16:11:55.224  6848  7034 W cardiacrecorde: Accessing hidden field Landroid/hardware/input/InputManager;->INJECT_INPUT_EVENT_MODE_WAIT_FOR_FINISH:I (greylist, reflection, allowed)
07-28 16:11:55.229  2783  2783 I display : [PrimaryDisplay] [DYNAMIC_RECOMP] first frame after HWC_2_GLES
07-28 16:11:55.229  2783  2783 I display : [PrimaryDisplay] [DYNAMIC_RECOMP] GLES_2_HWC by high FPS(5)
07-28 16:11:55.259  3201  3665 V WindowManager: Relayout Window{227133e u0 com.example.cardiacrecorder/com.example.cardiacrecorder.Home}: viewVisibility=0 req=720x1520
07-28 16:11:55.261  2807  2988 I SurfaceFlinger: createSurf start. lock debugging [com.example.cardiacrecorder/com.example.cardiacrecorder.Home$_6848]
07-28 16:11:55.261  2807  2988 I SurfaceFlinger: id=480 createSurf (720x1520),1 flag=404, com.example.cardiacrecorder/com.example.cardiacrecorder.Home$_6848#0
07-28 16:11:55.265  3201  3665 V WindowManager: Relayout 6848: mAttrs={(0,0)(fillxfill) sim={adjust=resize forwardNavigation} ty=BASE_APPLICATION wanim=0x1030305
07-28 16:11:55.265  3201  3665 V WindowManager:   fl=81810100
07-28 16:11:55.265  3201  3665 V WindowManager:   pfl=10020000
07-28 16:11:55.265  3201  3665 V WindowManager:   vsysui=10 naviIconColor=0}
07-28 16:11:55.269  6848  6848 D ViewRootImpl@bc5f58e[Home]: Relayout returned: old=(0,0,720,1520) new=(0,0,720,1520) req=(720,1520)0 dur=10 res=0x7 s={true 3607916544} ch=true
07-28 16:11:55.270  6848  7076 D OpenGLRenderer: createReliableSurface : 0xd7249b80, 0xd70c7000
07-28 16:11:55.291  6848  7076 D mali_winsys: EGLint new_window_surface(egl_winsys_display *, void *, EGLSurface, EGLConfig, egl_winsys_surface **, EGLBoolean) returns 0x3000
07-28 16:11:55.308  2653  2653 I hwservicemanager: getTransport: Cannot find entry android.hardware.graphics.mapper@3.0::IMapper/default in either framework or device manifest.
07-28 16:11:55.308  6848  7076 W Gralloc3: mapper 3.x is not supported
07-28 16:11:55.312  6848  7076 I gralloc : Arm Module v1.0
07-28 16:11:55.408  3201  3227 I ActivityTaskManager: Displayed com.example.cardiacrecorder/.Home: +779ms
07-28 16:11:55.415  3201  3223 D ViewRootImpl@60118f4[test]: dispatchDetachedFromWindow
07-28 16:11:55.416  3201  3223 D InputTransport: Input channel destroyed: '4ca281d', fd=399
07-28 16:11:55.418  2807  2857 I SurfaceFlinger: createSurf start. lock debugging [Surface(name=4ca281d Splash Screen com.example.cardiacrecorder.test)/@0xd9c8784 - animation-leash]
07-28 16:11:55.419  2807  2857 I SurfaceFlinger: id=481 createSurf (0x0),-1 flag=80004, Surface(name=4ca281d Splash Screen com.example.cardiacrecorder.test)/@0xd9c8784 - animation-leash#0
07-28 16:11:55.422  3201  3223 D InputTransport: Input channel destroyed: '4ca281d', fd=417
07-28 16:11:55.429  3201  3665 D InputDispatcher: Focus entered window (6848): 227133e in display 0 0
07-28 16:11:55.434  2807  2807 I SurfaceFlinger: Display 0 HWC layers:
07-28 16:11:55.434  2807  2807 I SurfaceFlinger:     type    |    handle    | flag |  format   |   source crop (l,t,r,b)    |         frame       | name
07-28 16:11:55.434  2807  2807 I SurfaceFlinger: ------------+--------------+------+-----------+----------------------------+---------------------+------
07-28 16:11:55.434  2807  2807 I SurfaceFlinger:      DEVICE | 0xf2731900 | 0002 | RGBA_8888 |   0.0    0.0  720.0 1520.0 |    0    0  720 1520 | com.example.cardiacrecorder/com.example.cardiacrecorder.Home$_6848#0
07-28 16:11:55.434  2807  2807 I SurfaceFlinger:      CLIENT | 0xf464ebc0 | 0000 | RGBA_8888 |   0.0    0.0  720.0   54.0 |    0    0  720   54 | StatusBar$_3491#0
07-28 16:11:55.434  2807  2807 I SurfaceFlinger:      CLIENT | 0xf2732940 | 0000 | RGBA_8888 |   0.0    0.0  720.0   64.0 |    0 1456  720 1520 | GestureInterceptOverlay$_3491#0
07-28 16:11:55.434  2807  2807 I SurfaceFlinger:      CLIENT | 0xf2730c80 | 0000 | RGBA_8888 |   0.0    0.0  720.0   96.0 |    0 1424  720 1520 | NavigationBar0$_3491#0
07-28 16:11:55.434  2807  2807 I SurfaceFlinger:      DEVICE | 0xf2731400 | 0000 | RGBA_8888 |   0.0    0.0  720.0 1520.0 |    0    0  720 1520 | $_3491#0
07-28 16:11:55.434  2807  2807 I SurfaceFlinger:
07-28 16:11:55.435  2807  2988 I Layer   : id=477 removeFromCurrentState Splash Screen com.example.cardiacrecorder.test#0 (54)
07-28 16:11:55.437  2807  2988 I Layer   : id=476 removeFromCurrentState 4ca281d Splash Screen com.example.cardiacrecorder.test#0 (54)
07-28 16:11:55.437  2807  2988 I Layer   : id=481 removeFromCurrentState Surface(name=4ca281d Splash Screen com.example.cardiacrecorder.test)/@0xd9c8784 - animation-leash#0 (54)
07-28 16:11:55.438  2807  2988 I SurfaceFlinger: id=476 Removed 4ca281d Splash Screen com.example.cardiacrecorder.test#0 (54)
07-28 16:11:55.438  2807  2988 I SurfaceFlinger: id=477 Removed Splash Screen com.example.cardiacrecorder.test#0 (54)
07-28 16:11:55.438  2807  2988 I SurfaceFlinger: id=481 Removed Surface(name=4ca281d Splash Screen com.example.cardiacrecorder.test)/@0xd9c8784 - animation-leash#0 (54)
07-28 16:11:55.445  2807  2807 I Layer   : id=481[1] Destroyed Surface(name=4ca281d Splash Screen com.example.cardiacrecorder.test)/@0xd9c8784 - animation-leash#0
07-28 16:11:55.445  2807  2807 I Layer   : id=476[1] Destroyed 4ca281d Splash Screen com.example.cardiacrecorder.test#0
07-28 16:11:55.445  2807  2807 I Layer   : id=477[1] Destroyed Splash Screen com.example.cardiacrecorder.test#0
07-28 16:11:55.464  3201  3442 W WifiTransportLayerUtils: getApplicationCategory - IOException com.example.cardiacrecorder
07-28 16:11:55.466  6848  6848 D ViewRootImpl@bc5f58e[Home]: MSG_WINDOW_FOCUS_CHANGED 1 1
07-28 16:11:55.466  6848  6848 D InputMethodManager: prepareNavigationBarInfo() DecorView@97262e6[Home]
07-28 16:11:55.467  6848  6848 D InputMethodManager: getNavigationBarColor() -855310
07-28 16:11:55.470  6848  6848 D InputMethodManager: prepareNavigationBarInfo() DecorView@97262e6[Home]
07-28 16:11:55.470  6848  6848 D InputMethodManager: getNavigationBarColor() -855310
07-28 16:11:55.471  6848  6848 V InputMethodManager: Starting input: tba=com.example.cardiacrecorder ic=null mNaviBarColor -855310 mIsGetNaviBarColorSuccess true , NavVisible : true , NavTrans : false
07-28 16:11:55.471  6848  6848 D InputMethodManager: startInputInner - Id : 0
07-28 16:11:55.471  6848  6848 I InputMethodManager: startInputInner - mService.startInputOrWindowGainedFocus
07-28 16:11:55.472  3201  3665 V InputMethodManagerService: hideCurrentInputLocked : shouldHideSoftInput is false
07-28 16:11:55.472  3201  3665 D InputMethodManagerService: mDesktopModeManager null!
07-28 16:11:55.472  3201  3665 V InputMethodManagerService: getDisplayIdOfInputMethodWindowToBeAdded : 0
07-28 16:11:55.473  3201  3665 D SamsungIMMSHWKeyboard: isConnectedDexOnPC false
07-28 16:11:55.473  3201  3665 D InputMethodManagerService: isImeSwitcherDisabledPackage : false
07-28 16:11:55.473  3846  3846 D InputTransport: Input channel destroyed: 'ClientS', fd=77
07-28 16:11:55.473  3201  3665 D InputTransport: Input channel constructed: 'ClientS', fd=391
07-28 16:11:55.473  3201  3665 D InputTransport: Input channel constructed: 'ClientS', fd=399
07-28 16:11:55.474  3201  3665 D InputTransport: Input channel destroyed: 'ClientS', fd=399
07-28 16:11:55.475  6848  6848 D ViewRootImpl@bc5f58e[Home]: MSG_RESIZED: frame=(0,0,720,1520) ci=(0,54,0,30) vi=(0,54,0,30) or=1
07-28 16:11:55.477  3201  3665 D InputMethodManagerService: checkDisplayOfStartInputAndUpdateKeyboard display Id 0last 0
07-28 16:11:55.477  3201  3665 D InputTransport: Input channel constructed: 'ClientS', fd=399
07-28 16:11:55.477  3201  3665 D InputTransport: Input channel destroyed: 'ClientS', fd=399
07-28 16:11:55.479  6812  6812 D InputMethodService: checkDisplayOfStartInputAndUpdateKeyboard display Id 0last 0
07-28 16:11:55.480  6848  6848 D InputMethodManager: prepareNavigationBarInfo() DecorView@97262e6[Home]
07-28 16:11:55.480  6848  6848 D InputMethodManager: getNavigationBarColor() -855310
07-28 16:11:55.481  6848  6848 V InputMethodManager: Starting input: tba=com.example.cardiacrecorder ic=null mNaviBarColor -855310 mIsGetNaviBarColorSuccess true , NavVisible : true , NavTrans : false
07-28 16:11:55.481  6848  6848 D InputMethodManager: startInputInner - Id : 0
07-28 16:11:55.501  6848  7034 W cardiacrecorde: Accessing hidden method Landroid/view/ViewConfiguration;->getDoubleTapMinTime()I (greylist, reflection, allowed)
07-28 16:11:55.513  6848  6848 W cardiacrecorde: Accessing hidden method Landroid/os/MessageQueue;->next()Landroid/os/Message; (greylist, reflection, allowed)
07-28 16:11:55.513  6848  6848 W cardiacrecorde: Accessing hidden field Landroid/os/MessageQueue;->mMessages:Landroid/os/Message; (greylist, reflection, allowed)
07-28 16:11:55.513  6848  6848 W cardiacrecorde: Accessing hidden method Landroid/os/Message;->recycleUnchecked()V (greylist, reflection, allowed)
07-28 16:11:55.517  6848  7034 W cardiacrecorde: Accessing hidden method Lsun/misc/Unsafe;->getUnsafe()Lsun/misc/Unsafe; (greylist,core-platform-api, linking, allowed)
07-28 16:11:55.517  6848  7034 W cardiacrecorde: Accessing hidden method Lsun/misc/Unsafe;->objectFieldOffset(Ljava/lang/reflect/Field;)J (greylist,core-platform-api, linking, allowed)
07-28 16:11:55.517  6848  7034 W cardiacrecorde: Accessing hidden method Lsun/misc/Unsafe;->putObject(Ljava/lang/Object;JLjava/lang/Object;)V (greylist, linking, allowed)
07-28 16:11:55.519  6848  6848 W cardiacrecorde: Accessing hidden method Landroid/view/WindowManagerGlobal;->getInstance()Landroid/view/WindowManagerGlobal; (greylist, reflection, allowed)
07-28 16:11:55.519  6848  6848 W cardiacrecorde: Accessing hidden field Landroid/view/WindowManagerGlobal;->mViews:Ljava/util/ArrayList; (greylist, reflection, allowed)
07-28 16:11:55.520  6848  6848 W cardiacrecorde: Accessing hidden field Landroid/view/WindowManagerGlobal;->mParams:Ljava/util/ArrayList; (greylist, reflection, allowed)
07-28 16:11:55.521  6848  7094 W cardiacrecorde: Accessing hidden method Lsun/misc/Unsafe;->compareAndSwapObject(Ljava/lang/Object;JLjava/lang/Object;Ljava/lang/Object;)Z (greylist, linking, allowed)
07-28 16:11:55.521  6848  7094 W cardiacrecorde: Accessing hidden method Lsun/misc/Unsafe;->getObject(Ljava/lang/Object;J)Ljava/lang/Object; (greylist, linking, allowed)
07-28 16:11:55.529  6848  6848 I ViewInteraction: Performing 'single click' action on view view.getId() is <2131230916/com.example.cardiacrecorder:id/fab>
07-28 16:11:55.536  3201  4828 D InputDispatcher: Inject motion (6848): action=0x0, time=4700311000000, f=0x0, d=0
07-28 16:11:55.536  3201  3359 D InputDispatcher: pointer touchable region used!
07-28 16:11:55.536  3201  3359 I InputDispatcher: Delivering touch to (-1): action: 0x3, f=0x3, d=-1, 'ad7e14f', t=1
07-28 16:11:55.536  3201  3359 I InputDispatcher: Delivering touch to (3491): action: 0x4, f=0x0, d=0, '2958e4d', t=0
07-28 16:11:55.537  3201  3359 I InputDispatcher: Delivering touch to (3491): action: 0x4, f=0x0, d=0, '2f97158', t=0
07-28 16:11:55.537  3201  3359 I InputDispatcher: Delivering touch to (6848): action: 0x0, f=0x0, d=0, '227133e', t=0
07-28 16:11:55.537  3846  3846 D TouchInteractionService: onInputEvent, ACTION_DOWN - false, false, false, false, false, false, false, false, false
07-28 16:11:55.537  3846  3846 D TouchInteractionService: onInputEvent, inputConsumer = com.android.quickstep.inputconsumers.-$$Lambda$InputConsumer$K4h0u6o8zIxNiamFO260G9Omc7Q@4b9fb44
07-28 16:11:55.538  6848  6848 D ViewRootImpl@bc5f58e[Home]: ViewPostIme pointer 0
07-28 16:11:55.576  3201  4828 D InputDispatcher: Inject motion (6848): action=0x1, time=4700352000000, f=0x0, d=0
07-28 16:11:55.576  3201  3359 I InputDispatcher: Delivering touch to (6848): action: 0x1, f=0x0, d=0, '227133e', t=1
07-28 16:11:55.577  3846  3846 D TouchInteractionService: onInputEvent, ACTION_UP
07-28 16:11:55.577  6848  6848 D ViewRootImpl@bc5f58e[Home]: ViewPostIme pointer 1
07-28 16:11:55.590  2807  2988 I SurfaceFlinger: createSurf start. lock debugging [AppWindowToken{a72d9b4 token=Token{4b3c687 ActivityRecord{831e6c6 u0 com.example.cardiacrecorder/.AddRecord t18}}}]
07-28 16:11:55.590  2807  2988 I SurfaceFlinger: id=482 createSurf (0x0),-1 flag=80004, AppWindowToken{a72d9b4 token=Token{4b3c687 ActivityRecord{831e6c6 u0 com.example.cardiacrecorder/.AddRecord t18}}}#0
07-28 16:11:55.602  6848  6848 D LifecycleMonitor: Lifecycle status change: com.example.cardiacrecorder.Home@6066609 in: PAUSED
07-28 16:11:55.603  6848  6848 V ActivityScenario: Update currentActivityStage to PAUSED, currentActivity=com.example.cardiacrecorder.Home@6066609
07-28 16:11:55.608  3201  4828 D InputDispatcher: Focused application set to (0): a72d9b4
07-28 16:11:55.616  6848  6848 W ActivityThread: handleWindowVisibility: no activity for token android.os.BinderProxy@a2658d8
07-28 16:11:55.629  3201  3665 D InputDispatcher: Focus left window (6848): 227133e in display 0 0
07-28 16:11:55.636  6848  6848 D LifecycleMonitor: Lifecycle status change: com.example.cardiacrecorder.AddRecord@b3ceea2 in: PRE_ON_CREATE
07-28 16:11:55.637  6848  6848 V ActivityScenario: Activity lifecycle changed event received but ignored because the intent does not match. startActivityIntent=Intent { act=android.intent.action.MAIN cat=[android.intent.category.LAUNCHER] cmp=com.example.cardiacrecorder/.Home }, activity.getIntent()=Intent { cmp=com.example.cardiacrecorder/.AddRecord }, activity=com.example.cardiacrecorder.AddRecord@b3ceea2
07-28 16:11:55.650  6848  6848 D PhoneWindow: forceLight changed to true [] from com.android.internal.policy.PhoneWindow.updateForceLightNavigationBar:4238 com.android.internal.policy.DecorView.updateColorViews:1510 com.android.internal.policy.PhoneWindow.dispatchWindowAttributesChanged:3216 android.view.Window.setFlags:1148 com.android.internal.policy.PhoneWindow.generateLayout:2444
07-28 16:11:55.651  6848  6848 I MultiWindowDecorSupport: updateCaptionType >> DecorView@3b1affa[], isFloating: false, isApplication: true, hasWindowDecorCaption: false, hasWindowControllerCallback: true
07-28 16:11:55.652  6848  6848 D MultiWindowDecorSupport: setCaptionType = 0, DecorView = DecorView@3b1affa[]
07-28 16:11:55.697  6848  6848 D ScrollView: initGoToTop
07-28 16:11:55.890  6848  6848 D LifecycleMonitor: Lifecycle status change: com.example.cardiacrecorder.AddRecord@b3ceea2 in: CREATED
07-28 16:11:55.891  6848  6848 V ActivityScenario: Activity lifecycle changed event received but ignored because the intent does not match. startActivityIntent=Intent { act=android.intent.action.MAIN cat=[android.intent.category.LAUNCHER] cmp=com.example.cardiacrecorder/.Home }, activity.getIntent()=Intent { cmp=com.example.cardiacrecorder/.AddRecord }, activity=com.example.cardiacrecorder.AddRecord@b3ceea2
07-28 16:11:55.898  6848  6848 D LifecycleMonitor: Lifecycle status change: com.example.cardiacrecorder.AddRecord@b3ceea2 in: STARTED
07-28 16:11:55.899  6848  6848 V ActivityScenario: Activity lifecycle changed event received but ignored because the intent does not match. startActivityIntent=Intent { act=android.intent.action.MAIN cat=[android.intent.category.LAUNCHER] cmp=com.example.cardiacrecorder/.Home }, activity.getIntent()=Intent { cmp=com.example.cardiacrecorder/.AddRecord }, activity=com.example.cardiacrecorder.AddRecord@b3ceea2
07-28 16:11:55.902  6848  6848 D LifecycleMonitor: Lifecycle status change: com.example.cardiacrecorder.AddRecord@b3ceea2 in: RESUMED
07-28 16:11:55.903  6848  6848 V ActivityScenario: Activity lifecycle changed event received but ignored because the intent does not match. startActivityIntent=Intent { act=android.intent.action.MAIN cat=[android.intent.category.LAUNCHER] cmp=com.example.cardiacrecorder/.Home }, activity.getIntent()=Intent { cmp=com.example.cardiacrecorder/.AddRecord }, activity=com.example.cardiacrecorder.AddRecord@b3ceea2
07-28 16:11:55.912  3201  3665 D InputTransport: Input channel constructed: 'df3ab4c', fd=399
07-28 16:11:55.912  3201  3665 D InputTransport: Input channel constructed: 'df3ab4c', fd=417
07-28 16:11:55.912  2807  2985 I SurfaceFlinger: createSurf start. lock debugging [df3ab4c com.example.cardiacrecorder/com.example.cardiacrecorder.AddRecord]
07-28 16:11:55.913  2807  2985 I SurfaceFlinger: id=483 createSurf (0x0),-1 flag=80004, df3ab4c com.example.cardiacrecorder/com.example.cardiacrecorder.AddRecord#0
07-28 16:11:55.913  3201  3665 D InputTransport: Input channel destroyed: 'df3ab4c', fd=417
07-28 16:11:55.915  6848  6848 D ViewRootImpl@32305ed[AddRecord]: setView = com.android.internal.policy.DecorView@3b1affa TM=true MM=false
07-28 16:11:55.917  6848  6848 D ViewRootImpl@bc5f58e[Home]: MSG_WINDOW_FOCUS_CHANGED 0 1
07-28 16:11:55.917  6848  6848 D InputMethodManager: prepareNavigationBarInfo() DecorView@97262e6[Home]
07-28 16:11:55.917  6848  6848 D InputMethodManager: getNavigationBarColor() -855310
07-28 16:11:55.930  2783  2783 I display : [PrimaryDisplay] [DYNAMIC_RECOMP] HWC_2_GLES by low FPS(3)
07-28 16:11:55.941  4098  5839 I FontLog : Received query Noto Color Emoji Compat, URI content://com.google.android.gms.fonts [CONTEXT service_id=132 ]
07-28 16:11:55.941  4098  5839 I FontLog : Query [emojicompat-emoji-font] resolved to {Noto Color Emoji Compat, wdth 100.0, wght 400, ital 0.0, bestEffort false} [CONTEXT service_id=132 ]
07-28 16:11:55.945  4098  5839 I FontLog : Fetch {Noto Color Emoji Compat, wdth 100.0, wght 400, ital 0.0, bestEffort false} end status Status{statusCode=SUCCESS, resolution=null} [CONTEXT service_id=132 ]
07-28 16:11:55.947  2783  2783 I display : [PrimaryDisplay] [DYNAMIC_RECOMP] first frame after HWC_2_GLES
07-28 16:11:55.947  2783  2783 I display : [PrimaryDisplay] [DYNAMIC_RECOMP] GLES_2_HWC by high FPS(5)
07-28 16:11:55.953  4098  2206 I FontLog : Pulling font file for id = 38, cache size = 6 [CONTEXT service_id=132 ]
07-28 16:11:55.965  4098  2206 I FontLog : Pulling font file for id = 38, cache size = 6 [CONTEXT service_id=132 ]
07-28 16:11:55.967  3491  3844 D NetworkController.MobileSignalController(1/2): onSignalStrengthsChanged signalStrength=SignalStrength:{mCdma=Invalid,mGsm=Invalid,mWcdma=CellSignalStrengthWcdma: ss=-101 ber=99 rscp=-91 ecno=0 level=1,mTdscdma=Invalid,mLte=Invalid,mNr=Invalid,SignalBarInfo{ wcdmaLevel=3 },P,rat=3,primary=CellSignalStrengthWcdma} level=3
07-28 16:11:55.968  3491  3844 D NetworkController.MobileSignalController(1/2): getMobileIconGroup(): 9
07-28 16:11:56.003  3201  4828 V WindowManager: Relayout Window{df3ab4c u0 com.example.cardiacrecorder/com.example.cardiacrecorder.AddRecord}: viewVisibility=0 req=720x1520
07-28 16:11:56.005  2807  2985 I SurfaceFlinger: createSurf start. lock debugging [com.example.cardiacrecorder/com.example.cardiacrecorder.AddRecord$_6848]
07-28 16:11:56.005  2807  2985 I SurfaceFlinger: id=484 createSurf (720x1520),1 flag=404, com.example.cardiacrecorder/com.example.cardiacrecorder.AddRecord$_6848#0
07-28 16:11:56.008  3201  3220 D WindowManager: setSystemUiVisibility: displayId=0, vis=0x8018, fullVis=0x0, dockVis=0x0, win=Window{df3ab4c u0 com.example.cardiacrecorder/com.example.cardiacrecorder.AddRecord}
07-28 16:11:56.013  3201  4828 V WindowManager: Relayout 6848: mAttrs={(0,0)(fillxfill) sim={adjust=resize forwardNavigation} ty=BASE_APPLICATION wanim=0x1030305
07-28 16:11:56.013  3201  4828 V WindowManager:   fl=81810100
07-28 16:11:56.013  3201  4828 V WindowManager:   pfl=10020000
07-28 16:11:56.013  3201  4828 V WindowManager:   vsysui=10 naviIconColor=0}
07-28 16:11:56.017  6848  6848 D ViewRootImpl@32305ed[AddRecord]: Relayout returned: old=(0,0,720,1520) new=(0,0,720,1520) req=(720,1520)0 dur=15 res=0x7 s={true 3187804160} ch=true
07-28 16:11:56.018  6848  7076 D OpenGLRenderer: createReliableSurface : 0xd7177780, 0xbe020800
07-28 16:11:56.019  6848  7076 D mali_winsys: EGLint new_window_surface(egl_winsys_display *, void *, EGLSurface, EGLConfig, egl_winsys_surface **, EGLBoolean) returns 0x3000
07-28 16:11:56.040  6848  6848 D ScrollView:  onsize change changed
07-28 16:11:56.196  3201  3665 D InputDispatcher: Focus entered window (6848): df3ab4c in display 0 0
07-28 16:11:56.202  2807  2807 I SurfaceFlinger: Display 0 HWC layers:
07-28 16:11:56.202  2807  2807 I SurfaceFlinger:     type    |    handle    | flag |  format   |   source crop (l,t,r,b)    |         frame       | name
07-28 16:11:56.202  2807  2807 I SurfaceFlinger: ------------+--------------+------+-----------+----------------------------+---------------------+------
07-28 16:11:56.202  2807  2807 I SurfaceFlinger:      DEVICE | 0xf27321c0 | 0002 | RGBA_8888 |   0.0    0.0  720.0 1520.0 |    0    0  720 1520 | com.example.cardiacrecorder/com.example.cardiacrecorder.AddRecord$_6848#0
07-28 16:11:56.202  2807  2807 I SurfaceFlinger:      CLIENT | 0xf464ebc0 | 0000 | RGBA_8888 |   0.0    0.0  720.0   54.0 |    0    0  720   54 | StatusBar$_3491#0
07-28 16:11:56.202  2807  2807 I SurfaceFlinger:      CLIENT | 0xf2732940 | 0000 | RGBA_8888 |   0.0    0.0  720.0   64.0 |    0 1456  720 1520 | GestureInterceptOverlay$_3491#0
07-28 16:11:56.202  2807  2807 I SurfaceFlinger:      CLIENT | 0xf2730c80 | 0000 | RGBA_8888 |   0.0    0.0  720.0   96.0 |    0 1424  720 1520 | NavigationBar0$_3491#0
07-28 16:11:56.202  2807  2807 I SurfaceFlinger:      DEVICE | 0xf2731400 | 0000 | RGBA_8888 |   0.0    0.0  720.0 1520.0 |    0    0  720 1520 | $_3491#0
07-28 16:11:56.202  2807  2807 I SurfaceFlinger:
07-28 16:11:56.204  6848  6848 D ViewRootImpl@32305ed[AddRecord]: MSG_WINDOW_FOCUS_CHANGED 1 1
07-28 16:11:56.205  6848  6848 D InputMethodManager: prepareNavigationBarInfo() DecorView@3b1affa[AddRecord]
07-28 16:11:56.205  6848  6848 D InputMethodManager: getNavigationBarColor() -855310
07-28 16:11:56.212  6848  6848 D InputMethodManager: prepareNavigationBarInfo() DecorView@3b1affa[AddRecord]
07-28 16:11:56.212  6848  6848 D InputMethodManager: getNavigationBarColor() -855310
07-28 16:11:56.212  6848  6848 V InputMethodManager: Starting input: tba=com.example.cardiacrecorder ic=null mNaviBarColor -855310 mIsGetNaviBarColorSuccess true , NavVisible : true , NavTrans : false
07-28 16:11:56.213  6848  6848 D InputMethodManager: startInputInner - Id : 0
07-28 16:11:56.213  6848  6848 I InputMethodManager: startInputInner - mService.startInputOrWindowGainedFocus
07-28 16:11:56.215  3201  3665 V InputMethodManagerService: hideCurrentInputLocked : shouldHideSoftInput is false
07-28 16:11:56.215  3201  3665 D InputMethodManagerService: mDesktopModeManager null!
07-28 16:11:56.215  3201  3665 V InputMethodManagerService: getDisplayIdOfInputMethodWindowToBeAdded : 0
07-28 16:11:56.215  3201  3665 D InputMethodManagerService: checkDisplayOfStartInputAndUpdateKeyboard display Id 0last 0
07-28 16:11:56.215  3201  3665 D InputTransport: Input channel constructed: 'ClientS', fd=417
07-28 16:11:56.215  3201  3665 D InputTransport: Input channel destroyed: 'ClientS', fd=417
07-28 16:11:56.216  6848  6848 D InputTransport: Input channel destroyed: 'ClientS', fd=69
07-28 16:11:56.216  6812  6812 D InputMethodService: checkDisplayOfStartInputAndUpdateKeyboard display Id 0last 0
07-28 16:11:56.225  6848  6848 D ViewRootImpl@32305ed[AddRecord]: MSG_RESIZED: frame=(0,0,720,1520) ci=(0,54,0,30) vi=(0,54,0,30) or=1
07-28 16:11:56.247  2807  2988 E BufferQueueProducer: [com.example.cardiacrecorder/com.example.cardiacrecorder.Home$_6848#0] disconnect: not connected (req=1)
07-28 16:11:56.247  6848  7076 W libEGL  : EGLNativeWindowType 0xd7249b88 disconnect failed
07-28 16:11:56.253  3201  3665 V WindowManager: Relayout Window{227133e u0 com.example.cardiacrecorder/com.example.cardiacrecorder.Home}: viewVisibility=8 req=720x1520
