07-28 16:12:00.291  7176  7222 D nightwatch-fd: Attempting to open file /proc/self/oom_score
07-28 16:12:00.291  7176  7222 D nightwatch-fd: Opened file /proc/self/oom_score (65)
07-28 16:12:00.292  7176  7222 I nightwatch-target: monitor resources interval 20 ms
07-28 16:12:00.293  7176  7222 E nightwatch-target: /proc/zoneinfo open: errno=13
07-28 16:12:00.293  7176  7222 E nightwatch-target: sysmeminfo parse failed
07-28 16:12:00.314  7176  7222 E nightwatch-target: /proc/zoneinfo open: errno=13
07-28 16:12:00.314  7176  7222 E nightwatch-target: sysmeminfo parse failed
07-28 16:12:00.316  7224  7224 I nightwatch-watcher: I have arisen! pid: 7224
07-28 16:12:00.317  7224  7224 I nightwatch-lib: watcher succeeded mmap /data/data/com.facebook.orca/app_errorreporting/sess__000005302-1659003119909-e8c4b079-40b3-aff4-195e-a244f88d5651/nightwatch.txt
07-28 16:12:00.317  7224  7224 I nightwatch-watcher: attached to tid 7223 in pid 7176, ptrace_ret: 0
07-28 16:12:00.317  7224  7224 D nightwatch-fd: Attempting to open file /proc/7176/oom_adj
07-28 16:12:00.317  7224  7224 D nightwatch-fd: Opened file /proc/7176/oom_adj (5)
07-28 16:12:00.317  7224  7224 D nightwatch-fd: Attempting to open file /proc/7176/oom_score_adj
07-28 16:12:00.318  7224  7224 D nightwatch-fd: Opened file /proc/7176/oom_score_adj (6)
07-28 16:12:00.318  7224  7224 I nightwatch-watcher: target tid 7223 stopped with signal 19. continuing and delivering signal 0
07-28 16:12:00.325  6848  6848 I KeyEventActionBase: Back was pressed but there was no Activity stage transition in 150ms. Pressing back may trigger an activity stage transition if the activity is finished as a result. However, the activity may handle the back behavior in any number of other ways internally as well, such as popping the fragment back stack, dismissing a dialog, otherwise manually transacting fragments, etc.
07-28 16:12:00.331  6848  6848 I ViewInteraction: Performing 'type text(01:30 PM)' action on view view.getId() is <2131231187/com.example.cardiacrecorder:id/time>
07-28 16:12:00.340  3201  3665 D InputDispatcher: Inject motion (6848): action=0x0, time=4705116000000, f=0x0, d=0
07-28 16:12:00.340  3201  3359 D InputDispatcher: pointer touchable region used!
07-28 16:12:00.340  3201  3359 I InputDispatcher: Delivering touch to (3491): action: 0x4, f=0x0, d=0, '2958e4d', t=0
07-28 16:12:00.340  3201  3359 I InputDispatcher: Delivering touch to (3491): action: 0x4, f=0x0, d=0, '2f97158', t=0
07-28 16:12:00.341  3201  3359 I InputDispatcher: Delivering touch to (6848): action: 0x0, f=0x0, d=0, 'df3ab4c', t=0
07-28 16:12:00.341  3846  3846 D TouchInteractionService: onInputEvent, ACTION_DOWN - false, false, false, false, false, false, false, false, false
07-28 16:12:00.341  3846  3846 D TouchInteractionService: onInputEvent, inputConsumer = com.android.quickstep.inputconsumers.-$$Lambda$InputConsumer$K4h0u6o8zIxNiamFO260G9Omc7Q@4b9fb44
07-28 16:12:00.341  6848  6848 D ViewRootImpl@32305ed[AddRecord]: ViewPostIme pointer 0
07-28 16:12:00.363  7176  7202 W msgr.OnApplicationInitInvoker: Ignored missing AppInit dependency: 37:Fb4aUIQREnvironment
07-28 16:12:00.363  7176  7202 W msgr.OnApplicationInitInvoker: Ignored missing AppInit dependency: 128:NetworkEagerInit
07-28 16:12:00.364  7176  7202 W msgr.OnApplicationInitInvoker: Ignored missing AppInit dependency: 136:PreloadWordmark
07-28 16:12:00.380  7176  7208 W msgr.crashloop: CrashLoopDetector... start
07-28 16:12:00.383  3201  3665 D InputDispatcher: Inject motion (6848): action=0x1, time=4705159000000, f=0x0, d=0
07-28 16:12:00.383  3201  3359 I InputDispatcher: Delivering touch to (6848): action: 0x1, f=0x0, d=0, 'df3ab4c', t=1
07-28 16:12:00.384  3846  3846 D TouchInteractionService: onInputEvent, ACTION_UP
07-28 16:12:00.384  6848  6848 D ViewRootImpl@32305ed[AddRecord]: ViewPostIme pointer 1
07-28 16:12:00.398  6848  6848 D InputMethodManager: prepareNavigationBarInfo() DecorView@3b1affa[AddRecord]
07-28 16:12:00.398  6848  6848 D InputMethodManager: getNavigationBarColor() -855310
07-28 16:12:00.398  6848  6848 V InputMethodManager: Starting input: tba=com.example.cardiacrecorder ic=androidx.emoji2.viewsintegration.EmojiInputConnection@bf15466 mNaviBarColor -855310 mIsGetNaviBarColorSuccess true , NavVisible : true , NavTrans : false
07-28 16:12:00.398  6848  6848 D InputMethodManager: startInputInner - Id : 0
07-28 16:12:00.399  6848  6848 I InputMethodManager: startInputInner - mService.startInputOrWindowGainedFocus
07-28 16:12:00.401  3201  5631 D InputMethodManagerService: mDesktopModeManager null!
07-28 16:12:00.401  3201  5631 V InputMethodManagerService: getDisplayIdOfInputMethodWindowToBeAdded : 0
07-28 16:12:00.402  3201  5631 D InputMethodManagerService: checkDisplayOfStartInputAndUpdateKeyboard display Id 0last 0
07-28 16:12:00.402  3201  5631 D InputTransport: Input channel constructed: 'ClientS', fd=566
07-28 16:12:00.402  3201  5631 D InputTransport: Input channel destroyed: 'ClientS', fd=566
07-28 16:12:00.404  6848  6848 D InputTransport: Input channel destroyed: 'ClientS', fd=75
07-28 16:12:00.404  6812  6812 D InputMethodService: checkDisplayOfStartInputAndUpdateKeyboard display Id 0last 0
07-28 16:12:00.404  6848  6848 D InputMethodManager: SSI - flag : 0 Pid : 6848 view : com.example.cardiacrecorder
07-28 16:12:00.404  6848  6848 D InputMethodManager: prepareNavigationBarInfo() DecorView@3b1affa[AddRecord]
07-28 16:12:00.404  6848  6848 D InputMethodManager: getNavigationBarColor() -855310
07-28 16:12:00.405  6812  6812 D InputMethodService: update NavBar color
07-28 16:12:00.405  3201  5631 V InputMethodManagerService: Client requesting input be shown, flags : 0
07-28 16:12:00.405  6812  6812 V InputMethodService: showSoftInput(), flags : 1
07-28 16:12:00.406  3201  4828 D InputMethodManagerService: isAccessoryKeyboard 0
07-28 16:12:00.406  3201  4828 D InputMethodManagerService: isAccessoryKeyboard 0
07-28 16:12:00.406  6812  6812 D InputMethodService: mDesktopModeManager null!
07-28 16:12:00.407  3201  4828 D InputMethodManagerService: isAccessoryKeyboard 0
07-28 16:12:00.407  6812  6812 W InputMethodService: Window size has been changed. This may cause jankiness of resizing window: -1 -> -2
07-28 16:12:00.409  3201  4828 D InputMethodManagerService: isAccessoryKeyboard 0
07-28 16:12:00.411  6848  6848 D Editor  : waiting for the right moment
07-28 16:12:00.411  3201  3400 D LocationManagerService: GnssStatusListener from uid 10078 is now foreground
07-28 16:12:00.411  3201  3400 D LocationManagerService: GnssStatusListener from uid 10078 is now foreground
07-28 16:12:00.424  3201  4828 D InputMethodManagerService: isAccessoryKeyboard 0
07-28 16:12:00.424  2941  2941 I netd    : firewallSetUidRule(2, 10215, 1) <13.31ms>
07-28 16:12:00.425  3201  4828 D InputMethodManagerService: isAccessoryKeyboard 0
07-28 16:12:00.455  7176  7202 W msgr.QuickPerformanceLoggerModule: Providing QPL...
07-28 16:12:00.461  6812  7048 I LatinIME:LogUtils: Dictionary info: dictionary = userunigram. ; version = 1659003120 ; date = ?
07-28 16:12:00.461  7176  7246 W msgr.EndToEndAnalyticsEventListener: WRITE_ANALYTICS_TO_LOGCAT = null, EndToEnd.isRunningEndToEndTest() = false
07-28 16:12:00.478  6812  7048 I LatinIME:LogUtils: Dictionary info: dictionary = userunigram.en ; version = 1659003120 ; date = ?
07-28 16:12:00.482  7176  7202 W msgr.SadDataOverlayUtils: No data to parse in MC.android_internal_sad_data_overlay.thresholds
07-28 16:12:00.497  6812  7048 I LatinIME:LogUtils: Dictionary info: dictionary = main:en ; version = 54 ; date = 1351495318
07-28 16:12:00.497  6812  7048 I LatinIME:LogUtils: Dictionary info: dictionary = emoji:en ; version = 24 ; date = 1350485097
07-28 16:12:00.539  7176  7202 W msgr.QuickPerformanceLoggerModule: Provided QPL: 136536465
07-28 16:12:00.540  7176  7256 W MultiDexClassLoader: Class com.samsung.android.os.SemPerfManager was loaded on fallback. This should be fixed and added to the shouldAskParent method.
07-28 16:12:00.549  3201  5631 D InputMethodManagerService: isAccessoryKeyboard 0
07-28 16:12:00.551  3201  5631 D SamsungIMMSHWKeyboard: isConnectedDexOnPC false
07-28 16:12:00.551  3201  5631 D InputMethodManagerService: isImeSwitcherDisabledPackage : false
07-28 16:12:00.551  3201  5631 D InputMethodManagerService: shouldShowImeSwitcherLocked : checking vis : 3
07-28 16:12:00.552  3491  3491 V NavBarStoreImpl: handleEvent [EventType] GET_BOOL_SHOW_KEYBOARD_BUTTON [Module] SecNavigationBarView  KEYS_PORTRAIT=true
07-28 16:12:00.552  3491  3491 V NavBarStoreImpl: --[Band]GESTURE_PACK_SHOW_KEYBOARD_BUTTON
07-28 16:12:00.552  3491  3491 V NavBarStoreImpl: ----isEnabled(NAVBAR_GESTURAL_MODE)=true
07-28 16:12:00.552  3491  3491 V NavBarStoreImpl: ----isEnabled(SHOW_KEYBOARD_BUTTON)=true
07-28 16:12:00.552  3491  3491 V NavBarStoreImpl: ----setResult(GET_BOOL_SHOW_KEYBOARD_BUTTON)
07-28 16:12:00.552  3491  3491 V NavBarStoreImpl: getResult(GET_BOOL_SHOW_KEYBOARD_BUTTON)=true
07-28 16:12:00.553  3201  5631 D ApplicationPolicy: isStatusBarNotificationAllowedAsUser: packageName = android,userId = 0
07-28 16:12:00.553  3201  5631 D API test: getContainerInfo: value is
07-28 16:12:00.554  3201  5631 D ApplicationPolicy: isStatusBarNotificationAllowedAsUser: packageName = android,userId = -1
07-28 16:12:00.554  3201  5631 D API test: getContainerInfo: value is
07-28 16:12:00.554  3201  5631 D ApplicationPolicy: isStatusBarNotificationAllowedAsUser: converting userId from USER_ALLto 0
07-28 16:12:00.554  3201  5631 D API test: getContainerInfo: value is
07-28 16:12:00.555  6812  6812 D InputMethodService: AxT9IME.sendInputViewShownState(): true
07-28 16:12:00.555  6812  6812 D InputMethodService: AxT9IME.IS_VISIBLE_CANDIDATE(): 4
07-28 16:12:00.558  7176  7235 W msgr.AppStateLoggerCore: Application needs to be registered before setting app state manager bridge
07-28 16:12:00.559  3491  3491 V NavBarStoreImpl: handleEvent [EventType] ON_SET_GESTURE_HINT_VISIBILITY [Module] SecNavigationBarView  KEYS_RECENT_ENABLED=true  KEYS_BACK_ENABLED=true  KEYS_HOME_ENABLED=true
07-28 16:12:00.559  3491  3491 V NavBarStoreImpl: --[Band]GESTURE_PACK_SET_HINT_VISIBILITY
07-28 16:12:00.559  3491  3491 V NavBarStoreImpl: ----isEnabled(GESTURE_HINT)=true
07-28 16:12:00.559  3491  3491 V NavBarStoreImpl: ----isEnabled(SPAY_HANDLER_SHOWING)=false
07-28 16:12:00.559  3491  3491 V NavBarStoreImpl: ----apply(UPDATE_GESTURE_HINT_VISIBILITY)
07-28 16:12:00.559  3491  3491 V NavBarStoreImpl: handleEvent [EventType] GET_BOOL_SHOW_KEYBOARD_BUTTON [Module] SecNavigationBarView  KEYS_PORTRAIT=true
07-28 16:12:00.559  3491  3491 V NavBarStoreImpl: --[Band]GESTURE_PACK_SHOW_KEYBOARD_BUTTON
07-28 16:12:00.559  3491  3491 V NavBarStoreImpl: ----isEnabled(NAVBAR_GESTURAL_MODE)=true
07-28 16:12:00.559  3491  3491 V NavBarStoreImpl: ----isEnabled(SHOW_KEYBOARD_BUTTON)=true
07-28 16:12:00.560  3491  3491 V NavBarStoreImpl: ----setResult(GET_BOOL_SHOW_KEYBOARD_BUTTON)
07-28 16:12:00.560  3491  3491 V NavBarStoreImpl: getResult(GET_BOOL_SHOW_KEYBOARD_BUTTON)=true
07-28 16:12:00.560  3491  3491 V NavBarStoreImpl: handleEvent [EventType] ON_NAVBAR_ICON_HINT_CHANGED [Module] NavigationBarFragment  KEYS_NAVBAR_ICON_HINT=1
07-28 16:12:00.560  3491  3491 V NavBarStoreImpl: --[Band]SETUPWIZARD_PACK_SET_NAVBAR_ICON_HINT
07-28 16:12:00.560  3491  3491 V NavBarStoreImpl: ----apply(UPDATE_NAVBAR_SUW_ICON_HINT)
07-28 16:12:00.561  6812  6812 V InputMethodService: showWindow: showing!
07-28 16:12:00.564  3201  5631 D SamsungIMMSHWKeyboard: isConnectedDexOnPC false
07-28 16:12:00.564  3201  5631 D InputMethodManagerService: isImeSwitcherDisabledPackage : false
07-28 16:12:00.564  3201  5631 D InputMethodManagerService: shouldShowImeSwitcherLocked : checking vis : 3
07-28 16:12:00.566  3201  5631 D ApplicationPolicy: isStatusBarNotificationAllowedAsUser: packageName = android,userId = 0
07-28 16:12:00.566  3201  5631 D API test: getContainerInfo: value is
07-28 16:12:00.567  3201  5631 D ApplicationPolicy: isStatusBarNotificationAllowedAsUser: packageName = android,userId = -1
07-28 16:12:00.567  3201  5631 D API test: getContainerInfo: value is
07-28 16:12:00.567  3201  5631 D ApplicationPolicy: isStatusBarNotificationAllowedAsUser: converting userId from USER_ALLto 0
07-28 16:12:00.567  3201  5631 D API test: getContainerInfo: value is
07-28 16:12:00.574  3201  5631 V WindowManager: Relayout Window{58d69c8 u0 InputMethod}: viewVisibility=0 req=720x1466
07-28 16:12:00.577  2807  2988 I SurfaceFlinger: createSurf start. lock debugging [InputMethod$_6812]
07-28 16:12:00.577  2807  2988 I SurfaceFlinger: id=501 createSurf (720x1466),1 flag=4, InputMethod$_6812#0
07-28 16:12:00.579  7176  7259 W msgr.FrscLanguagePackLoader: Loading FRSC strings for locale (en_GB)
07-28 16:12:00.584  3201  5631 V WindowManager: Relayout 6812: mAttrs={(0,0)(fillxfill) gr=BOTTOM CENTER_VERTICAL sim={adjust=pan} ty=INPUT_METHOD fmt=TRANSPARENT wanim=0x1030056
07-28 16:12:00.584  3201  5631 V WindowManager:   fl=81800108
07-28 16:12:00.584  3201  5631 V WindowManager:   vsysui=2000 naviIconColor=0}
07-28 16:12:00.585  6812  6812 D ViewRootImpl@1e29fc4[InputMethod]: Relayout returned: old=(0,54,720,1520) new=(0,54,720,1520) req=(720,1466)0 dur=16 res=0x7 s={true 3096606720} ch=true
07-28 16:12:00.585  6812  7110 D OpenGLRenderer: createReliableSurface : 0xe66255c0, 0xb8927800
07-28 16:12:00.586  6812  7110 D mali_winsys: EGLint new_window_surface(egl_winsys_display *, void *, EGLSurface, EGLConfig, egl_winsys_surface **, EGLBoolean) returns 0x3000
07-28 16:12:00.588  3491  3844 D NetworkController.MobileSignalController(0/1): onDataActivity: direction=0
07-28 16:12:00.588  3201  5631 D InputMethodManagerService: isAccessoryKeyboard 0
07-28 16:12:00.590  3201  3220 D WindowManager: setSystemUiVisibility: displayId=0, vis=0x8008, fullVis=0x0, dockVis=0x0, win=Window{df3ab4c u0 com.example.cardiacrecorder/com.example.cardiacrecorder.AddRecord}
07-28 16:12:00.591  3491  3491 D SecStatusBarMobileView: updateState: MobileIconState(subId=1, strengthId=2131232574, roaming=false, typeId=2131232416, roamingId=0, activityId=2131232623, slotId=0, visible=true)
07-28 16:12:00.593  3491  3491 D LightBarController: onNavigationVisibilityChanged : vis = 8008, nbModeChanged = false navigationBarMode = 4, navbarColorManagedByIme = true
07-28 16:12:00.595  3201  4828 D WindowManager: adjustSystemUiVisibilityLw: displayId=0, vis=0x8008, resetVis=0x0, clearVis=0x0
07-28 16:12:00.595  3201  4828 D InputManager-JNI: setSystemUiVisibility dexmode: false changed: true displayid: 0 visibility: 0x8008 DD: 0x8008 OD: 0x0
07-28 16:12:00.595  6812  6812 E DecorView: mWindow.mActivityCurrentConfig is null
07-28 16:12:00.597  6848  6848 D ViewRootImpl@32305ed[AddRecord]: MSG_RESIZED: frame=(0,0,720,1520) ci=(0,54,0,664) vi=(0,54,0,664) or=1
07-28 16:12:00.623  3201  4828 V WindowManager: Relayout Window{df3ab4c u0 com.example.cardiacrecorder/com.example.cardiacrecorder.AddRecord}: viewVisibility=0 req=720x1520
07-28 16:12:00.628  3201  4828 V WindowManager: Relayout 6848: mAttrs={(0,0)(fillxfill) sim={adjust=resize forwardNavigation} ty=BASE_APPLICATION wanim=0x1030305
07-28 16:12:00.628  3201  4828 V WindowManager:   fl=81810100
07-28 16:12:00.628  3201  4828 V WindowManager:   pfl=10020000
07-28 16:12:00.628  3201  4828 V WindowManager:   vsysui=10 naviIconColor=0}
07-28 16:12:00.632  6848  6848 D ViewRootImpl@32305ed[AddRecord]: Relayout returned: old=(0,0,720,1520) new=(0,0,720,1520) req=(720,1520)0 dur=9 res=0x1 s={true 3187804160} ch=false
07-28 16:12:00.634  2807  2988 I SurfaceFlinger: createSurf start. lock debugging [Surface(name=58d69c8 InputMethod)/@0x4fc776a - animation-leash]
07-28 16:12:00.634  2807  2988 I SurfaceFlinger: id=502 createSurf (0x0),-1 flag=80004, Surface(name=58d69c8 InputMethod)/@0x4fc776a - animation-leash#0
07-28 16:12:00.638  7176  7264 W msgr.FrscLanguagePackLoader: FRSC English strings buffer size - (limit : 394812, capacity : 394812)
07-28 16:12:00.654  2807  2988 I Layer   : id=502 removeFromCurrentState Surface(name=58d69c8 InputMethod)/@0x4fc776a - animation-leash#0 (56)
07-28 16:12:00.657  6848  6848 D ScrollView:  onsize change changed
07-28 16:12:00.659  2807  2988 I SurfaceFlinger: id=502 Removed Surface(name=58d69c8 InputMethod)/@0x4fc776a - animation-leash#0 (56)
07-28 16:12:00.663  3846  3846 D Launcher.NotificationListener: onNotificationPosted : android number : 0 listener : null
07-28 16:12:00.667  2807  2807 I Layer   : id=502[1] Destroyed Surface(name=58d69c8 InputMethod)/@0x4fc776a - animation-leash#0
07-28 16:12:00.672  3846  3846 D Launcher.NotificationListener: onNotificationPosted : android number : 0 listener : null
07-28 16:12:00.674  2807  2807 I SurfaceFlinger: Display 0 HWC layers:
07-28 16:12:00.674  2807  2807 I SurfaceFlinger:     type    |    handle    | flag |  format   |   source crop (l,t,r,b)    |         frame       | name
07-28 16:12:00.674  2807  2807 I SurfaceFlinger: ------------+--------------+------+-----------+----------------------------+---------------------+------
07-28 16:12:00.674  2807  2807 I SurfaceFlinger:      DEVICE | 0xf2731f40 | 0002 | RGBA_8888 |   0.0    0.0  720.0 1520.0 |    0    0  720 1520 | com.example.cardiacrecorder/com.example.cardiacrecorder.AddRecord$_6848#0
07-28 16:12:00.674  2807  2807 I SurfaceFlinger:      CLIENT | 0xf2732440 | 0000 | RGBA_8888 |   0.0    0.0  720.0 1466.0 |    0   54  720 1520 | InputMethod$_6812#0
07-28 16:12:00.674  2807  2807 I SurfaceFlinger:      CLIENT | 0xf464ebc0 | 0000 | RGBA_8888 |   0.0    0.0  720.0   54.0 |    0    0  720   54 | StatusBar$_3491#0
07-28 16:12:00.674  2807  2807 I SurfaceFlinger:      CLIENT | 0xf2732940 | 0000 | RGBA_8888 |   0.0    0.0  720.0   64.0 |    0 1456  720 1520 | GestureInterceptOverlay$_3491#0
07-28 16:12:00.674  2807  2807 I SurfaceFlinger:      CLIENT | 0xf2730280 | 0000 | RGBA_8888 |   0.0    0.0  720.0   96.0 |    0 1424  720 1520 | NavigationBar0$_3491#0
07-28 16:12:00.674  2807  2807 I SurfaceFlinger:      DEVICE | 0xf2731400 | 0000 | RGBA_8888 |   0.0    0.0  720.0 1520.0 |    0    0  720 1520 | $_3491#0
07-28 16:12:00.674  2807  2807 I SurfaceFlinger:
07-28 16:12:00.693  6848  6848 D UiControllerImpl: Injecting string: "01:30 PM"
07-28 16:12:00.697  3201  5631 D InputDispatcher: Inject key (6848): action=0, f=0x8, time=4705470000000
07-28 16:12:00.698  3201  3359 I InputDispatcher: Delivering key to (6848): action: 0x0 (0), f=0x8, m=0x0, d=0, 'df3ab4c'
07-28 16:12:00.701  6848  6848 D ViewRootImpl@32305ed[AddRecord]: The input has been finished in ImeInputStage.
07-28 16:12:00.703  6848  6848 D ViewRootImpl@32305ed[AddRecord]: ViewPostIme key 0
07-28 16:12:00.734  6848  6848 D ViewRootImpl@32305ed[AddRecord]: ViewPostIme key 1
07-28 16:12:00.739  3201  4828 I ApplicationPolicy: isApplicationExternalStorageWhitelisted:com.sec.android.inputmethod user:0
07-28 16:12:00.739  3201  4828 D ApplicationPolicy: isApplicationExternalStorageWhitelisted: DO is not enabled on user 0. Allowed.
07-28 16:12:00.739  3201  4828 I ApplicationPolicy: isApplicationExternalStorageBlacklisted:com.sec.android.inputmethod user:0
07-28 16:12:00.739  3201  4828 D ApplicationPolicy: isApplicationExternalStorageBlacklisted: DO is not enabled on user 0. Allowed.
07-28 16:12:00.739  3201  4828 I ApplicationPolicy: isApplicationExternalStorageBlacklisted:com.sec.android.inputmethod user:0
07-28 16:12:00.739  3201  4828 D ApplicationPolicy: isApplicationExternalStorageBlacklisted: DO is not enabled on user 0. Allowed.
07-28 16:12:00.746  3201  5631 D InputDispatcher: Inject key (6848): action=1, f=0x8, time=4705520000000
07-28 16:12:00.746  3201  3359 I InputDispatcher: Delivering key to (6848): action: 0x1 (0), f=0x8, m=0x0, d=0, 'df3ab4c'
07-28 16:12:00.747  6812  6812 D InputMethodService: onKeyUp not B key
07-28 16:12:00.748  6848  6848 D ViewRootImpl@32305ed[AddRecord]: ViewPostIme key 1
07-28 16:12:00.751  3201  5631 D InputDispatcher: Inject key (6848): action=0, f=0x8, time=4705526000000
07-28 16:12:00.752  3201  3359 I InputDispatcher: Delivering key to (6848): action: 0x0 (0), f=0x8, m=0x0, d=0, 'df3ab4c'
07-28 16:12:00.754  6848  6848 D ViewRootImpl@32305ed[AddRecord]: The input has been finished in ImeInputStage.
07-28 16:12:00.755  6848  6848 D ViewRootImpl@32305ed[AddRecord]: ViewPostIme key 0
07-28 16:12:00.765  2867  2867 D Zygote  : Forked child process 7268
07-28 16:12:00.768  6848  6848 D ViewRootImpl@32305ed[AddRecord]: ViewPostIme key 1
07-28 16:12:00.788  3201  3365 D InputDispatcher: Inject key (6848): action=1, f=0x8, time=4705557000000
07-28 16:12:00.789  3201  3359 I InputDispatcher: Delivering key to (6848): action: 0x1 (0), f=0x8, m=0x0, d=0, 'df3ab4c'
07-28 16:12:00.790  6812  6812 D InputMethodService: onKeyUp not B key
07-28 16:12:00.791  6848  6848 D ViewRootImpl@32305ed[AddRecord]: ViewPostIme key 1
07-28 16:12:00.792  7268  7268 E oid.inputmetho: Not starting debugger since process cannot load the jdwp agent.
07-28 16:12:00.796  3201  3365 D InputDispatcher: Inject key (6848): action=0, f=0x8, time=4705570000000
07-28 16:12:00.797  3201  3359 I InputDispatcher: Delivering key to (6848): action: 0x0 (0), f=0x8, m=0x41, d=0, 'df3ab4c'
07-28 16:12:00.798  6812  6812 D InputMethodService: onKeyDown not B key
07-28 16:12:00.798  2806  2806 I lmkd    : 0(delay),50(swap), 0(freelimit) memory pressure events were skipped after a kill!
07-28 16:12:00.798  6848  6848 D ViewRootImpl@32305ed[AddRecord]: ViewPostIme key 0
07-28 16:12:00.801  3201  5631 D InputMethodManagerService: isAccessoryKeyboard 0
07-28 16:12:00.827  3201  3365 D InputDispatcher: Inject key (6848): action=0, f=0x8, time=4705600000000
07-28 16:12:00.827  3201  3359 I InputDispatcher: Delivering key to (6848): action: 0x0 (0), f=0x8, m=0x41, d=0, 'df3ab4c'
07-28 16:12:00.829  3201  4828 D InputMethodManagerService: isAccessoryKeyboard 0
07-28 16:12:00.835  3201  3665 D InputMethodManagerService: isAccessoryKeyboard 0
07-28 16:12:00.835  6812  6812 E DecorView: mWindow.mActivityCurrentConfig is null
07-28 16:12:00.836  7268  7268 D ActivityThread: setConscryptValidator
07-28 16:12:00.836  7268  7268 D ActivityThread: setConscryptValidator - put
07-28 16:12:00.839  6848  6848 D ViewRootImpl@32305ed[AddRecord]: The input has been finished in ImeInputStage.
07-28 16:12:00.863  3201  3365 D InputDispatcher: Inject key (6848): action=1, f=0x8, time=4705638000000
07-28 16:12:00.864  3201  3359 I InputDispatcher: Delivering key to (6848): action: 0x1 (0), f=0x8, m=0x41, d=0, 'df3ab4c'
07-28 16:12:00.866  6812  6812 D InputMethodService: onKeyUp not B key
07-28 16:12:00.866  6848  6848 D ViewRootImpl@32305ed[AddRecord]: ViewPostIme key 1
07-28 16:12:00.873  3201  3365 D InputDispatcher: Inject key (6848): action=1, f=0x8, time=4705646000000
07-28 16:12:00.874  3201  3359 I InputDispatcher: Delivering key to (6848): action: 0x1 (0), f=0x8, m=0x0, d=0, 'df3ab4c'
07-28 16:12:00.875  6812  6812 D InputMethodService: onKeyUp not B key
07-28 16:12:00.875  6848  6848 D ViewRootImpl@32305ed[AddRecord]: ViewPostIme key 1
07-28 16:12:00.881  7268  7268 D ApplicationLoaders: Returning zygote-cached class loader: /system/framework/android.hidl.base-V1.0-java.jar
07-28 16:12:00.881  7268  7268 D ApplicationLoaders: Returning zygote-cached class loader: /system/framework/android.hidl.manager-V1.0-java.jar
07-28 16:12:00.881  7268  7268 D ApplicationLoaders: Returning zygote-cached class loader: /system/framework/android.hidl.base-V1.0-java.jar
07-28 16:12:00.892  3201  3365 D InputDispatcher: Inject key (6848): action=0, f=0x8, time=4705666000000
07-28 16:12:00.892  3201  3359 I InputDispatcher: Delivering key to (6848): action: 0x0 (0), f=0x8, m=0x0, d=0, 'df3ab4c'
07-28 16:12:00.894  6848  6848 D ViewRootImpl@32305ed[AddRecord]: The input has been finished in ImeInputStage.
07-28 16:12:00.896  6848  6848 D ViewRootImpl@32305ed[AddRecord]: ViewPostIme key 0
07-28 16:12:00.909  6848  6848 D ViewRootImpl@32305ed[AddRecord]: ViewPostIme key 1
07-28 16:12:00.926  3201  5631 D InputDispatcher: Inject key (6848): action=1, f=0x8, time=4705701000000
07-28 16:12:00.927  3201  3359 I InputDispatcher: Delivering key to (6848): action: 0x1 (0), f=0x8, m=0x0, d=0, 'df3ab4c'
07-28 16:12:00.928  6812  6812 D InputMethodService: onKeyUp not B key
07-28 16:12:00.929  6848  6848 D ViewRootImpl@32305ed[AddRecord]: ViewPostIme key 1
07-28 16:12:00.933  3201  5631 D InputDispatcher: Inject key (6848): action=0, f=0x8, time=4705708000000
07-28 16:12:00.933  3201  3359 I InputDispatcher: Delivering key to (6848): action: 0x0 (0), f=0x8, m=0x0, d=0, 'df3ab4c'
07-28 16:12:00.935  6848  6848 D ViewRootImpl@32305ed[AddRecord]: The input has been finished in ImeInputStage.
07-28 16:12:00.936  6848  6848 D ViewRootImpl@32305ed[AddRecord]: ViewPostIme key 0
07-28 16:12:00.946  6848  6848 D ViewRootImpl@32305ed[AddRecord]: ViewPostIme key 1
07-28 16:12:00.958  3201  3365 D InputDispatcher: Inject key (6848): action=1, f=0x8, time=4705734000000
07-28 16:12:00.959  3201  3359 I InputDispatcher: Delivering key to (6848): action: 0x1 (0), f=0x8, m=0x0, d=0, 'df3ab4c'
07-28 16:12:00.960  6812  6812 D InputMethodService: onKeyUp not B key
07-28 16:12:00.960  6848  6848 D ViewRootImpl@32305ed[AddRecord]: ViewPostIme key 1
07-28 16:12:00.964  3201  3365 D InputDispatcher: Inject key (6848): action=0, f=0x8, time=4705739000000
07-28 16:12:00.964  3201  3359 I InputDispatcher: Delivering key to (6848): action: 0x0 (0), f=0x8, m=0x0, d=0, 'df3ab4c'
07-28 16:12:00.966  6848  6848 D ViewRootImpl@32305ed[AddRecord]: The input has been finished in ImeInputStage.
07-28 16:12:00.990  3201  5631 D InputDispatcher: Inject key (6848): action=1, f=0x8, time=4705743000000
07-28 16:12:00.991  3201  3359 I InputDispatcher: Delivering key to (6848): action: 0x1 (0), f=0x8, m=0x0, d=0, 'df3ab4c'
07-28 16:12:00.991  6812  6812 D InputMethodService: onKeyUp not B key
07-28 16:12:00.992  6848  6848 D ViewRootImpl@32305ed[AddRecord]: ViewPostIme key 1
07-28 16:12:00.995  3201  5631 D InputDispatcher: Inject key (6848): action=0, f=0x8, time=4705770000000
07-28 16:12:00.996  3201  3359 I InputDispatcher: Delivering key to (6848): action: 0x0 (0), f=0x8, m=0x41, d=0, 'df3ab4c'
07-28 16:12:00.997  6812  6812 D InputMethodService: onKeyDown not B key
07-28 16:12:00.997  6848  6848 D ViewRootImpl@32305ed[AddRecord]: ViewPostIme key 0
07-28 16:12:01.009  3201  3365 D InputDispatcher: Inject key (6848): action=0, f=0x8, time=4705784000000
07-28 16:12:01.009  3201  3359 I InputDispatcher: Delivering key to (6848): action: 0x0 (0), f=0x8, m=0x41, d=0, 'df3ab4c'
07-28 16:12:01.012  7268  7268 I SKBD    : SamsungKeypadApplication onCreate version: 3.5.45.2
07-28 16:12:01.012  6848  6848 D ViewRootImpl@32305ed[AddRecord]: The input has been finished in ImeInputStage.
07-28 16:12:01.025  7268  7268 I SKBD    : bfz appVersionChanged = false
07-28 16:12:01.026  7268  7268 I SKBD    : bfz appLastUpdateTimeChanged = false
07-28 16:12:01.026  7268  7268 I SKBD    : bfz status = 0
07-28 16:12:01.026  7268  7268 I SKBD    : bfz Initialize UpgradeChecker status = 0
07-28 16:12:01.027  7268  7268 I SKBD    : bfy  [mdc.singlesku.activated] = false
07-28 16:12:01.027  7268  7268 I SKBD    : bfy  [mdc.singlesku] = false
07-28 16:12:01.042  7268  7268 E SKBD    : bhn Failed to get settings java.lang.IllegalArgumentException: Unknown authority 0@com.sec.android.desktopmode.uiservice.SettingsProvider
07-28 16:12:01.042  7268  7268 I SKBD_DeX: bhm Touch keyboard setting is not changed : false
07-28 16:12:01.043  7268  7268 I SKBD_DeX: bhj [checkIsPhoneDisplay] isDexMode: false, isDexTouchKeyboard: false, IsDeXPhoneDisplay: true
07-28 16:12:01.047  3201  3365 D InputDispatcher: Inject key (6848): action=1, f=0x8, time=4705822000000
07-28 16:12:01.049  3201  3359 I InputDispatcher: Delivering key to (6848): action: 0x1 (0), f=0x8, m=0x41, d=0, 'df3ab4c'
07-28 16:12:01.049  6812  6812 D InputMethodService: onKeyUp not B key
07-28 16:12:01.050  6848  6848 D ViewRootImpl@32305ed[AddRecord]: ViewPostIme key 1
07-28 16:12:01.051  7176  7236 W m.facebook.orc: JNI RegisterNativeMethods: attempt to register 0 native methods for com.facebook.msys.mci.EventLoggingData
07-28 16:12:01.053  3201  5631 D InputDispatcher: Inject key (6848): action=1, f=0x8, time=4705828000000
07-28 16:12:01.053  7268  7268 I SKBD    : bzi force network blocking under CSC : BKD
07-28 16:12:01.053  3201  3359 I InputDispatcher: Delivering key to (6848): action: 0x1 (0), f=0x8, m=0x0, d=0, 'df3ab4c'
07-28 16:12:01.054  6812  6812 D InputMethodService: onKeyUp not B key
07-28 16:12:01.054  6848  6848 D ViewRootImpl@32305ed[AddRecord]: ViewPostIme key 1
07-28 16:12:01.055  7268  7268 D SamsungAnalytics201007: [Validation] dma pkg:656901000
07-28 16:12:01.058  7268  7268 D SamsungAnalytics201007: cf feature is supported
07-28 16:12:01.064  7268  7268 D SamsungAnalytics201007: [Tracker] Tracker start:2.01.007DMA
07-28 16:12:01.065  7176  7236 W msgr.ZoneModule: Policy Zone is disabled. No-op Zone is returned
07-28 16:12:01.072  7268  7268 E SKBD    : caf isPackageExists failed: unknown package com.sec.android.desktopmode.uiservice
07-28 16:12:01.072  7268  7268 E SKBD    : android.content.pm.PackageManager$NameNotFoundException: com.sec.android.desktopmode.uiservice
07-28 16:12:01.072  7268  7268 E SKBD    : 	at android.app.ApplicationPackageManager.getApplicationInfoAsUser(ApplicationPackageManager.java:499)
07-28 16:12:01.072  7268  7268 E SKBD    : 	at android.app.ApplicationPackageManager.getApplicationInfo(ApplicationPackageManager.java:480)
07-28 16:12:01.072  7268  7268 E SKBD    : 	at caf.v(SourceFile:3390)
07-28 16:12:01.072  7268  7268 E SKBD    : 	at bhm.e(SourceFile:144)
07-28 16:12:01.072  7268  7268 E SKBD    : 	at com.sec.android.inputmethod.SamsungKeypadApplication.onCreate(SourceFile:64)
07-28 16:12:01.072  7268  7268 E SKBD    : 	at android.app.Instrumentation.callApplicationOnCreate(Instrumentation.java:1190)
07-28 16:12:01.072  7268  7268 E SKBD    : 	at android.app.ActivityThread.handleBindApplication(ActivityThread.java:6993)
07-28 16:12:01.072  7268  7268 E SKBD    : 	at android.app.ActivityThread.access$1300(ActivityThread.java:270)
07-28 16:12:01.072  7268  7268 E SKBD    : 	at android.app.ActivityThread$H.handleMessage(ActivityThread.java:2051)
07-28 16:12:01.072  7268  7268 E SKBD    : 	at android.os.Handler.dispatchMessage(Handler.java:107)
07-28 16:12:01.072  7268  7268 E SKBD    : 	at android.os.Looper.loop(Looper.java:237)
07-28 16:12:01.072  7268  7268 E SKBD    : 	at android.app.ActivityThread.main(ActivityThread.java:7948)
07-28 16:12:01.072  7268  7268 E SKBD    : 	at java.lang.reflect.Method.invoke(Native Method)
07-28 16:12:01.072  7268  7268 E SKBD    : 	at com.android.internal.os.RuntimeInit$MethodAndArgsCaller.run(RuntimeInit.java:493)
07-28 16:12:01.072  7268  7268 E SKBD    : 	at com.android.internal.os.ZygoteInit.main(ZygoteInit.java:1075)
07-28 16:12:01.082  3201  5631 D InputDispatcher: Inject key (6848): action=0, f=0x8, time=4705857000000
07-28 16:12:01.082  3201  3359 I InputDispatcher: Delivering key to (6848): action: 0x0 (0), f=0x8, m=0x41, d=0, 'df3ab4c'
07-28 16:12:01.084  6812  6812 D InputMethodService: onKeyDown not B key
07-28 16:12:01.085  6848  6848 D ViewRootImpl@32305ed[AddRecord]: ViewPostIme key 0
07-28 16:12:01.109  3201  5631 D InputDispatcher: Inject key (6848): action=0, f=0x8, time=4705884000000
07-28 16:12:01.109  3201  3359 I InputDispatcher: Delivering key to (6848): action: 0x0 (0), f=0x8, m=0x41, d=0, 'df3ab4c'
07-28 16:12:01.111  6848  6848 D ViewRootImpl@32305ed[AddRecord]: The input has been finished in ImeInputStage.
07-28 16:12:01.147  3201  3365 D InputDispatcher: Inject key (6848): action=1, f=0x8, time=4705922000000
07-28 16:12:01.148  3201  3359 I InputDispatcher: Delivering key to (6848): action: 0x1 (0), f=0x8, m=0x41, d=0, 'df3ab4c'
07-28 16:12:01.148  6812  6812 D InputMethodService: onKeyUp not B key
07-28 16:12:01.149  6848  6848 D ViewRootImpl@32305ed[AddRecord]: ViewPostIme key 1
07-28 16:12:01.152  3201  3365 D InputDispatcher: Inject key (6848): action=1, f=0x8, time=4705928000000
07-28 16:12:01.152  3201  3359 I InputDispatcher: Delivering key to (6848): action: 0x1 (0), f=0x8, m=0x0, d=0, 'df3ab4c'
07-28 16:12:01.153  6812  6812 D InputMethodService: onKeyUp not B key
07-28 16:12:01.153  6848  6848 D ViewRootImpl@32305ed[AddRecord]: ViewPostIme key 1
07-28 16:12:01.166  7176  7309 E msgr.msys: E[D SqliteError]sqliteErrorLogCallback(351)=>(283) recovered 293 frames from WAL file /data/data/com.facebook.orca/databases/msys_database_100029049365255-wal
07-28 16:12:01.176  6848  7094 W cardiacrecorde: Accessing hidden method Lsun/misc/Unsafe;->compareAndSwapObject(Ljava/lang/Object;JLjava/lang/Object;Ljava/lang/Object;)Z (greylist, linking, allowed)
07-28 16:12:01.179  6848  6848 I ViewInteraction: Performing 'send keyCode: 4, metaState: 0 key event' action on view view.getRootView() to equal view
07-28 16:12:01.181  3201  3365 D InputDispatcher: Inject key (6848): action=0, f=0x8, time=4705956000000
07-28 16:12:01.181  3201  3359 I InputDispatcher: Delivering key to (6848): action: 0x0 (0), f=0x8, m=0x0, d=0, 'df3ab4c'
07-28 16:12:01.182  6812  6812 D InputMethodService: onKeyDown B key
07-28 16:12:01.182  6812  6812 D InputMethodService: handleBack doIt  : false mShowInputRequested : true mWindowVisible : true
07-28 16:12:01.182  6812  6812 D InputMethodService: handleBack return true
07-28 16:12:01.182  6812  6812 D InputMethodService: onKeyDown handleback true
07-28 16:12:01.183  6848  6848 D ViewRootImpl@32305ed[AddRecord]: The input has been finished in ImeInputStage.
07-28 16:12:01.185  3201  3365 D InputDispatcher: Inject key (6848): action=1, f=0x8, time=4705960000000
07-28 16:12:01.185  3201  3359 I InputDispatcher: Delivering key to (6848): action: 0x1 (0), f=0x8, m=0x0, d=0, 'df3ab4c'
07-28 16:12:01.186  6812  6812 D InputMethodService: onKeyUp B key
07-28 16:12:01.186  6812  6812 D InputMethodService: onKeyUp handle B
07-28 16:12:01.186  6812  6812 D InputMethodService: handleBack doIt  : true mShowInputRequested : true mWindowVisible : true
07-28 16:12:01.186  3201  5631 V InputMethodManagerService: hideCurrentInputLocked : send MSG_HIDE_SOFT_INPUT
07-28 16:12:01.192  6812  6812 D InputMethodService: handleBack return true
07-28 16:12:01.193  6848  6848 D ViewRootImpl@32305ed[AddRecord]: The input has been finished in ImeInputStage.
07-28 16:12:01.193  3201  3689 D SamsungIMMSHWKeyboard: isConnectedDexOnPC false
07-28 16:12:01.193  3201  3689 D InputMethodManagerService: isImeSwitcherDisabledPackage : false
07-28 16:12:01.194  6812  6812 D InputMethodService: doHideWindow(), setImeWindowStatus,0: 0,  mBackDisposition :0
07-28 16:12:01.194  6812  6812 V InputMethodService: hideWindow: hiding!
07-28 16:12:01.195  6812  6812 D InputMethodService: notifyKeyboardClosed
07-28 16:12:01.197  3491  3491 V NavBarStoreImpl: handleEvent [EventType] ON_SET_GESTURE_HINT_VISIBILITY [Module] SecNavigationBarView  KEYS_RECENT_ENABLED=true  KEYS_BACK_ENABLED=true  KEYS_HOME_ENABLED=true
07-28 16:12:01.197  3491  3491 V NavBarStoreImpl: --[Band]GESTURE_PACK_SET_HINT_VISIBILITY
07-28 16:12:01.197  3491  3491 V NavBarStoreImpl: ----isEnabled(GESTURE_HINT)=true
07-28 16:12:01.197  3491  3491 V NavBarStoreImpl: ----isEnabled(SPAY_HANDLER_SHOWING)=false
07-28 16:12:01.197  3491  3491 V NavBarStoreImpl: ----apply(UPDATE_GESTURE_HINT_VISIBILITY)
07-28 16:12:01.200  6812  6812 W InputMethodService: Window size has been changed. This may cause jankiness of resizing window: -1 -> -2
07-28 16:12:01.200  3201  3400 D LocationManagerService: GnssStatusListener from uid 10078 is now foreground
07-28 16:12:01.200  3201  3400 D LocationManagerService: GnssStatusListener from uid 10078 is now foreground
07-28 16:12:01.200  6812  6812 D InputMethodService: AxT9IME.sendInputViewShownState(): false
07-28 16:12:01.200  6812  6812 D InputMethodService: AxT9IME.IS_VISIBLE_CANDIDATE(): 4
07-28 16:12:01.201  3491  3491 V NavBarStoreImpl: handleEvent [EventType] ON_NAVBAR_ICON_HINT_CHANGED [Module] NavigationBarFragment  KEYS_NAVBAR_ICON_HINT=0
07-28 16:12:01.201  3491  3491 V NavBarStoreImpl: --[Band]SETUPWIZARD_PACK_SET_NAVBAR_ICON_HINT
07-28 16:12:01.201  3491  3491 V NavBarStoreImpl: ----apply(UPDATE_NAVBAR_SUW_ICON_HINT)
07-28 16:12:01.202  6812  6812 D InputMethodService: sendInputViewShownStateSSRM(): false
07-28 16:12:01.202  3846  3846 D Launcher.NotificationListener: onNotificationRemoved : StatusBarNotification(pkg=android user=UserHandle{-1} id=8 tag=null key=-1|android|8|null|1000: Notification(channel=VIRTUAL_KEYBOARD pri=0 contentView=null vibrate=null sound=null defaults=0x0 flags=0x2 color=0x00000000 category=sys vis=PRIVATE semFlags=0x0 semPriority=0 semMissedCount=0)) listener : null
07-28 16:12:01.209  2941  2941 I netd    : firewallSetUidRule(2, 10215, 2) <15.04ms>
07-28 16:12:01.212  2807  2988 E BufferQueueProducer: [InputMethod$_6812#0] disconnect: not connected (req=1)
07-28 16:12:01.212  6812  7110 W libEGL  : EGLNativeWindowType 0xe66255c8 disconnect failed
07-28 16:12:01.214  3201  3365 V WindowManager: Relayout Window{58d69c8 u0 InputMethod}: viewVisibility=8 req=720x1466
07-28 16:12:01.215  2807  2857 I SurfaceFlinger: createSurf start. lock debugging [Surface(name=58d69c8 InputMethod)/@0x4fc776a - animation-leash]
07-28 16:12:01.216  2807  2857 I SurfaceFlinger: id=503 createSurf (0x0),-1 flag=80004, Surface(name=58d69c8 InputMethod)/@0x4fc776a - animation-leash#0
07-28 16:12:01.219  3201  3220 D WindowManager: setSystemUiVisibility: displayId=0, vis=0x8018, fullVis=0x0, dockVis=0x0, win=Window{df3ab4c u0 com.example.cardiacrecorder/com.example.cardiacrecorder.AddRecord}
07-28 16:12:01.225  6848  6848 D ViewRootImpl@32305ed[AddRecord]: MSG_RESIZED: frame=(0,0,720,1520) ci=(0,54,0,30) vi=(0,54,0,30) or=1
07-28 16:12:01.229  3201  3365 V WindowManager: Relayout 6812: mAttrs={(0,0)(fillxfill) gr=BOTTOM CENTER_VERTICAL sim={adjust=pan} ty=INPUT_METHOD fmt=TRANSPARENT wanim=0x1030056
07-28 16:12:01.229  3201  3365 V WindowManager:   fl=81800108
07-28 16:12:01.229  3201  3365 V WindowManager:   vsysui=2000 naviIconColor=0}
07-28 16:12:01.230  3201  3689 D WindowManager: adjustSystemUiVisibilityLw: displayId=0, vis=0x8018, resetVis=0x0, clearVis=0x0
07-28 16:12:01.230  3201  3689 D InputManager-JNI: setSystemUiVisibility dexmode: false changed: true displayid: 0 visibility: 0x8018 DD: 0x8018 OD: 0x0
07-28 16:12:01.230  3491  3491 D LightBarController: onNavigationVisibilityChanged : vis = 8018, nbModeChanged = false navigationBarMode = 4, navbarColorManagedByIme = false
07-28 16:12:01.231  6812  6812 D ViewRootImpl@1e29fc4[InputMethod]: Relayout returned: old=(0,54,720,1520) new=(0,54,720,1520) req=(720,1466)8 dur=17 res=0x5 s={false 0} ch=true
07-28 16:12:01.232  3201  3689 D InputMethodManagerService: isAccessoryKeyboard 0
07-28 16:12:01.242  2807  2807 I SurfaceFlinger: Display 0 HWC layers:
07-28 16:12:01.242  2807  2807 I SurfaceFlinger:     type    |    handle    | flag |  format   |   source crop (l,t,r,b)    |         frame       | name
07-28 16:12:01.242  2807  2807 I SurfaceFlinger: ------------+--------------+------+-----------+----------------------------+---------------------+------
07-28 16:12:01.242  2807  2807 I SurfaceFlinger:      DEVICE | 0xf2732080 | 0002 | RGBA_8888 |   0.0    0.0  720.0 1520.0 |    0    0  720 1520 | com.example.cardiacrecorder/com.example.cardiacrecorder.AddRecord$_6848#0
07-28 16:12:01.242  2807  2807 I SurfaceFlinger:      CLIENT | 0xf464ebc0 | 0000 | RGBA_8888 |   0.0    0.0  720.0   54.0 |    0    0  720   54 | StatusBar$_3491#0
07-28 16:12:01.242  2807  2807 I SurfaceFlinger:      CLIENT | 0xf2732940 | 0000 | RGBA_8888 |   0.0    0.0  720.0   64.0 |    0 1456  720 1520 | GestureInterceptOverlay$_3491#0
07-28 16:12:01.242  2807  2807 I SurfaceFlinger:      CLIENT | 0xf2730c80 | 0000 | RGBA_8888 |   0.0    0.0  720.0   96.0 |    0 1424  720 1520 | NavigationBar0$_3491#0
07-28 16:12:01.242  2807  2807 I SurfaceFlinger:      DEVICE | 0xf2731400 | 0000 | RGBA_8888 |   0.0    0.0  720.0 1520.0 |    0    0  720 1520 | $_3491#0
07-28 16:12:01.242  2807  2807 I SurfaceFlinger:
07-28 16:12:01.252  2807  4920 I Layer   : id=503 removeFromCurrentState Surface(name=58d69c8 InputMethod)/@0x4fc776a - animation-leash#0 (56)
07-28 16:12:01.255  2807  2988 I SurfaceFlinger: id=503 Removed Surface(name=58d69c8 InputMethod)/@0x4fc776a - animation-leash#0 (56)
07-28 16:12:01.257  2807  2857 I Layer   : id=501 removeFromCurrentState InputMethod$_6812#0 (56)
07-28 16:12:01.257  2807  2988 I SurfaceFlinger: id=501 Removed InputMethod$_6812#0 (56)
07-28 16:12:01.261  3201  3365 V WindowManager: Relayout Window{df3ab4c u0 com.example.cardiacrecorder/com.example.cardiacrecorder.AddRecord}: viewVisibility=0 req=720x1520
07-28 16:12:01.265  6812  7170 I System.out: (HTTPLog)-Static: isSBSettingEnabled false
07-28 16:12:01.265  6812  7170 I System.out: (HTTPLog)-Static: isSBSettingEnabled false
07-28 16:12:01.267  2807  2807 I Layer   : id=501[1] Destroyed InputMethod$_6812#0
07-28 16:12:01.268  2807  2807 I Layer   : id=503[1] Destroyed Surface(name=58d69c8 InputMethod)/@0x4fc776a - animation-leash#0
07-28 16:12:01.268  3201  3365 V WindowManager: Relayout 6848: mAttrs={(0,0)(fillxfill) sim={adjust=resize forwardNavigation} ty=BASE_APPLICATION wanim=0x1030305
07-28 16:12:01.268  3201  3365 V WindowManager:   fl=81810100
07-28 16:12:01.268  3201  3365 V WindowManager:   pfl=10020000
07-28 16:12:01.268  3201  3365 V WindowManager:   vsysui=10 naviIconColor=0}
07-28 16:12:01.268  2941  3128 D EnterpriseController: netId is 0
07-28 16:12:01.269  2941  3128 E Netd    : getNetworkForDns: getNetId from enterpriseCtrl is netid 0
07-28 16:12:01.269  2941  3128 D DnsProxyListener: DNSDBG::dns addrinfo af 2 - 10215
07-28 16:12:01.273  6848  6848 D ViewRootImpl@32305ed[AddRecord]: Relayout returned: old=(0,0,720,1520) new=(0,0,720,1520) req=(720,1520)0 dur=11 res=0x1 s={true 3187804160} ch=false
07-28 16:12:01.275  3201  3423 E NetdEventListenerService: handleMessage: { when=0 what=10001 obj=com.android.server.connectivity.NetdEventListenerService$DnsResultParams@3d6bd98 target=com.android.server.connectivity.NetdEventListenerService$DnsEventHandler }
07-28 16:12:01.293  6848  6848 D ScrollView:  onsize change changed
07-28 16:12:01.316  4799  4822 I c.android.sdhm: Background concurrent copying GC freed 37331(2529KB) AllocSpace objects, 134(2680KB) LOS objects, 49% free, 4871KB/9742KB, paused 231us total 109.061ms
07-28 16:12:01.320  4799  4824 W System  : A resource failed to call close.
07-28 16:12:01.322  4799  4824 I chatty  : uid=1000(system) FinalizerDaemon identical 2 lines
07-28 16:12:01.322  4799  4824 W System  : A resource failed to call close.
07-28 16:12:01.325  7176  7222 E nightwatch-target: /proc/zoneinfo open: errno=13
07-28 16:12:01.325  7176  7222 E nightwatch-target: sysmeminfo parse failed
07-28 16:12:01.325  2911  2911 E audit   : type=1400 audit(1659003121.321:845): avc:  denied  { read } for  pid=7176 comm="Lacrima_startup" name="zoneinfo" dev="proc" ino=4026534957 scontext=u:r:untrusted_app:s0:c207,c256,c512,c768 tcontext=u:object_r:proc_zoneinfo:s0 tclass=file permissive=0 SEPF_SM-M105F_10_0030 audit_filtered
07-28 16:12:01.344  6848  6848 I KeyEventActionBase: Back was pressed but there was no Activity stage transition in 150ms. Pressing back may trigger an activity stage transition if the activity is finished as a result. However, the activity may handle the back behavior in any number of other ways internally as well, such as popping the fragment back stack, dismissing a dialog, otherwise manually transacting fragments, etc.
07-28 16:12:01.350  6848  6848 I ViewInteraction: Performing 'type text(normal)' action on view view.getId() is <2131230791/com.example.cardiacrecorder:id/addComment>
07-28 16:12:01.358  3201  4828 D InputDispatcher: Inject motion (6848): action=0x0, time=4706133000000, f=0x0, d=0
07-28 16:12:01.358  3201  3359 D InputDispatcher: pointer touchable region used!
07-28 16:12:01.358  3201  3359 I InputDispatcher: Delivering touch to (3491): action: 0x4, f=0x0, d=0, '2958e4d', t=0
07-28 16:12:01.358  3201  3359 I InputDispatcher: Delivering touch to (3491): action: 0x4, f=0x0, d=0, '2f97158', t=0
07-28 16:12:01.359  3201  3359 I InputDispatcher: Delivering touch to (6848): action: 0x0, f=0x0, d=0, 'df3ab4c', t=0
07-28 16:12:01.359  3846  3846 D TouchInteractionService: onInputEvent, ACTION_DOWN - false, false, false, false, false, false, false, false, false
07-28 16:12:01.359  3846  3846 D TouchInteractionService: onInputEvent, inputConsumer = com.android.quickstep.inputconsumers.-$$Lambda$InputConsumer$K4h0u6o8zIxNiamFO260G9Omc7Q@4b9fb44
07-28 16:12:01.359  6848  6848 D ViewRootImpl@32305ed[AddRecord]: ViewPostIme pointer 0
07-28 16:12:01.400  3201  4828 D InputDispatcher: Inject motion (6848): action=0x1, time=4706176000000, f=0x0, d=0
07-28 16:12:01.401  3201  3359 I InputDispatcher: Delivering touch to (6848): action: 0x1, f=0x0, d=0, 'df3ab4c', t=1
07-28 16:12:01.401  3846  3846 D TouchInteractionService: onInputEvent, ACTION_UP
07-28 16:12:01.401  6848  6848 D ViewRootImpl@32305ed[AddRecord]: ViewPostIme pointer 1
07-28 16:12:01.414  6848  6848 D InputMethodManager: prepareNavigationBarInfo() DecorView@3b1affa[AddRecord]
07-28 16:12:01.414  6848  6848 D InputMethodManager: getNavigationBarColor() -855310
07-28 16:12:01.414  6848  6848 V InputMethodManager: Starting input: tba=com.example.cardiacrecorder ic=androidx.emoji2.viewsintegration.EmojiInputConnection@3d13052 mNaviBarColor -855310 mIsGetNaviBarColorSuccess true , NavVisible : true , NavTrans : false
07-28 16:12:01.415  6848  6848 D InputMethodManager: startInputInner - Id : 0
07-28 16:12:01.415  6848  6848 I InputMethodManager: startInputInner - mService.startInputOrWindowGainedFocus
07-28 16:12:01.418  3201  3689 D InputMethodManagerService: mDesktopModeManager null!
07-28 16:12:01.418  3201  3689 V InputMethodManagerService: getDisplayIdOfInputMethodWindowToBeAdded : 0
07-28 16:12:01.418  3201  3689 D InputMethodManagerService: checkDisplayOfStartInputAndUpdateKeyboard display Id 0last 0
07-28 16:12:01.418  3201  3689 D InputTransport: Input channel constructed: 'ClientS', fd=566
07-28 16:12:01.418  3201  3689 D InputTransport: Input channel destroyed: 'ClientS', fd=566
07-28 16:12:01.419  6812  6812 D InputMethodService: checkDisplayOfStartInputAndUpdateKeyboard display Id 0last 0
07-28 16:12:01.419  6848  6848 D InputTransport: Input channel destroyed: 'ClientS', fd=76
07-28 16:12:01.419  6848  6848 D InputMethodManager: SSI - flag : 0 Pid : 6848 view : com.example.cardiacrecorder
07-28 16:12:01.419  6848  6848 D InputMethodManager: prepareNavigationBarInfo() DecorView@3b1affa[AddRecord]
07-28 16:12:01.419  6848  6848 D InputMethodManager: getNavigationBarColor() -855310
07-28 16:12:01.420  6812  6812 D InputMethodService: update NavBar color
07-28 16:12:01.420  3201  3365 V InputMethodManagerService: Client requesting input be shown, flags : 0
07-28 16:12:01.421  6812  6812 V InputMethodService: showSoftInput(), flags : 1
07-28 16:12:01.421  3201  3689 D InputMethodManagerService: isAccessoryKeyboard 0
07-28 16:12:01.421  3201  3689 D InputMethodManagerService: isAccessoryKeyboard 0
07-28 16:12:01.421  6812  6812 D InputMethodService: mDesktopModeManager null!
07-28 16:12:01.421  3201  5631 D InputMethodManagerService: isAccessoryKeyboard 0
07-28 16:12:01.422  6812  6812 W InputMethodService: Window size has been changed. This may cause jankiness of resizing window: -1 -> -2
07-28 16:12:01.423  3201  5631 D InputMethodManagerService: isAccessoryKeyboard 0
07-28 16:12:01.427  6848  6848 D Editor  : waiting for the right moment
07-28 16:12:01.429  3201  3400 D LocationManagerService: GnssStatusListener from uid 10078 is now foreground
07-28 16:12:01.429  3201  3400 D LocationManagerService: GnssStatusListener from uid 10078 is now foreground
07-28 16:12:01.434  3201  3365 D InputMethodManagerService: isAccessoryKeyboard 0
07-28 16:12:01.435  3201  3365 D InputMethodManagerService: isAccessoryKeyboard 0
07-28 16:12:01.438  2941  2941 I netd    : firewallSetUidRule(2, 10215, 1) <9.95ms>
07-28 16:12:01.466  6812  7048 I LatinIME:LogUtils: Dictionary info: dictionary = userunigram. ; version = 1659003121 ; date = ?
07-28 16:12:01.481  6812  7048 I LatinIME:LogUtils: Dictionary info: dictionary = userunigram.en ; version = 1659003121 ; date = ?
07-28 16:12:01.507  6812  7048 I LatinIME:LogUtils: Dictionary info: dictionary = main:en ; version = 54 ; date = 1351495318
07-28 16:12:01.507  6812  7048 I LatinIME:LogUtils: Dictionary info: dictionary = emoji:en ; version = 24 ; date = 1350485097
07-28 16:12:01.551  3201  4828 D InputMethodManagerService: isAccessoryKeyboard 0
07-28 16:12:01.552  3201  4828 D SamsungIMMSHWKeyboard: isConnectedDexOnPC false
07-28 16:12:01.553  3201  4828 D InputMethodManagerService: isImeSwitcherDisabledPackage : false
07-28 16:12:01.553  3201  4828 D InputMethodManagerService: shouldShowImeSwitcherLocked : checking vis : 3
07-28 16:12:01.555  3491  3491 V NavBarStoreImpl: handleEvent [EventType] GET_BOOL_SHOW_KEYBOARD_BUTTON [Module] SecNavigationBarView  KEYS_PORTRAIT=true
07-28 16:12:01.555  3491  3491 V NavBarStoreImpl: --[Band]GESTURE_PACK_SHOW_KEYBOARD_BUTTON
07-28 16:12:01.555  3491  3491 V NavBarStoreImpl: ----isEnabled(NAVBAR_GESTURAL_MODE)=true
07-28 16:12:01.555  3491  3491 V NavBarStoreImpl: ----isEnabled(SHOW_KEYBOARD_BUTTON)=true
07-28 16:12:01.555  3491  3491 V NavBarStoreImpl: ----setResult(GET_BOOL_SHOW_KEYBOARD_BUTTON)
07-28 16:12:01.555  3491  3491 V NavBarStoreImpl: getResult(GET_BOOL_SHOW_KEYBOARD_BUTTON)=true
07-28 16:12:01.558  3201  4828 D ApplicationPolicy: isStatusBarNotificationAllowedAsUser: packageName = android,userId = 0
