07-28 16:12:01.558  3201  4828 D API test: getContainerInfo: value is
07-28 16:12:01.558  3201  4828 D ApplicationPolicy: isStatusBarNotificationAllowedAsUser: packageName = android,userId = -1
07-28 16:12:01.558  3201  4828 D API test: getContainerInfo: value is
07-28 16:12:01.558  3201  4828 D ApplicationPolicy: isStatusBarNotificationAllowedAsUser: converting userId from USER_ALLto 0
07-28 16:12:01.558  3201  4828 D API test: getContainerInfo: value is
07-28 16:12:01.559  6812  6812 D InputMethodService: AxT9IME.sendInputViewShownState(): true
07-28 16:12:01.559  6812  6812 D InputMethodService: AxT9IME.IS_VISIBLE_CANDIDATE(): 4
07-28 16:12:01.560  6812  6812 V InputMethodService: showWindow: showing!
07-28 16:12:01.563  3201  3365 D SamsungIMMSHWKeyboard: isConnectedDexOnPC false
07-28 16:12:01.563  3201  3365 D InputMethodManagerService: isImeSwitcherDisabledPackage : false
07-28 16:12:01.563  3201  3365 D InputMethodManagerService: shouldShowImeSwitcherLocked : checking vis : 3
07-28 16:12:01.565  3201  3365 D ApplicationPolicy: isStatusBarNotificationAllowedAsUser: packageName = android,userId = 0
07-28 16:12:01.565  3201  3365 D API test: getContainerInfo: value is
07-28 16:12:01.566  3201  3365 D ApplicationPolicy: isStatusBarNotificationAllowedAsUser: packageName = android,userId = -1
07-28 16:12:01.566  3201  3365 D API test: getContainerInfo: value is
07-28 16:12:01.566  3201  3365 D ApplicationPolicy: isStatusBarNotificationAllowedAsUser: converting userId from USER_ALLto 0
07-28 16:12:01.566  3201  3365 D API test: getContainerInfo: value is
07-28 16:12:01.566  3491  3491 V NavBarStoreImpl: handleEvent [EventType] ON_SET_GESTURE_HINT_VISIBILITY [Module] SecNavigationBarView  KEYS_RECENT_ENABLED=true  KEYS_BACK_ENABLED=true  KEYS_HOME_ENABLED=true
07-28 16:12:01.566  3491  3491 V NavBarStoreImpl: --[Band]GESTURE_PACK_SET_HINT_VISIBILITY
07-28 16:12:01.566  3491  3491 V NavBarStoreImpl: ----isEnabled(GESTURE_HINT)=true
07-28 16:12:01.566  3491  3491 V NavBarStoreImpl: ----isEnabled(SPAY_HANDLER_SHOWING)=false
07-28 16:12:01.566  3491  3491 V NavBarStoreImpl: ----apply(UPDATE_GESTURE_HINT_VISIBILITY)
07-28 16:12:01.566  3491  3491 V NavBarStoreImpl: handleEvent [EventType] GET_BOOL_SHOW_KEYBOARD_BUTTON [Module] SecNavigationBarView  KEYS_PORTRAIT=true
07-28 16:12:01.566  3491  3491 V NavBarStoreImpl: --[Band]GESTURE_PACK_SHOW_KEYBOARD_BUTTON
07-28 16:12:01.566  3491  3491 V NavBarStoreImpl: ----isEnabled(NAVBAR_GESTURAL_MODE)=true
07-28 16:12:01.567  3491  3491 V NavBarStoreImpl: ----isEnabled(SHOW_KEYBOARD_BUTTON)=true
07-28 16:12:01.567  3491  3491 V NavBarStoreImpl: ----setResult(GET_BOOL_SHOW_KEYBOARD_BUTTON)
07-28 16:12:01.567  3491  3491 V NavBarStoreImpl: getResult(GET_BOOL_SHOW_KEYBOARD_BUTTON)=true
07-28 16:12:01.567  3491  3491 V NavBarStoreImpl: handleEvent [EventType] ON_NAVBAR_ICON_HINT_CHANGED [Module] NavigationBarFragment  KEYS_NAVBAR_ICON_HINT=1
07-28 16:12:01.567  3491  3491 V NavBarStoreImpl: --[Band]SETUPWIZARD_PACK_SET_NAVBAR_ICON_HINT
07-28 16:12:01.567  3491  3491 V NavBarStoreImpl: ----apply(UPDATE_NAVBAR_SUW_ICON_HINT)
07-28 16:12:01.571  3201  3365 V WindowManager: Relayout Window{58d69c8 u0 InputMethod}: viewVisibility=0 req=720x1466
07-28 16:12:01.578  2807  2988 I SurfaceFlinger: createSurf start. lock debugging [InputMethod$_6812]
07-28 16:12:01.579  2807  2988 I SurfaceFlinger: id=504 createSurf (720x1466),1 flag=4, InputMethod$_6812#0
07-28 16:12:01.585  3201  3365 V WindowManager: Relayout 6812: mAttrs={(0,0)(fillxfill) gr=BOTTOM CENTER_VERTICAL sim={adjust=pan} ty=INPUT_METHOD fmt=TRANSPARENT wanim=0x1030056
07-28 16:12:01.585  3201  3365 V WindowManager:   fl=81800108
07-28 16:12:01.585  3201  3365 V WindowManager:   vsysui=2000 naviIconColor=0}
07-28 16:12:01.587  6812  6812 D ViewRootImpl@1e29fc4[InputMethod]: Relayout returned: old=(0,54,720,1520) new=(0,54,720,1520) req=(720,1466)0 dur=19 res=0x7 s={true 3608068096} ch=true
07-28 16:12:01.587  6812  7110 D OpenGLRenderer: createReliableSurface : 0xe66255c0, 0xd70ec000
07-28 16:12:01.588  6812  7110 D mali_winsys: EGLint new_window_surface(egl_winsys_display *, void *, EGLSurface, EGLConfig, egl_winsys_surface **, EGLBoolean) returns 0x3000
07-28 16:12:01.589  3201  4828 D InputMethodManagerService: isAccessoryKeyboard 0
07-28 16:12:01.591  3201  3220 D WindowManager: setSystemUiVisibility: displayId=0, vis=0x8008, fullVis=0x0, dockVis=0x0, win=Window{df3ab4c u0 com.example.cardiacrecorder/com.example.cardiacrecorder.AddRecord}
07-28 16:12:01.595  3491  3491 D LightBarController: onNavigationVisibilityChanged : vis = 8008, nbModeChanged = false navigationBarMode = 4, navbarColorManagedByIme = true
07-28 16:12:01.597  6812  6812 E DecorView: mWindow.mActivityCurrentConfig is null
07-28 16:12:01.599  6848  6848 D ViewRootImpl@32305ed[AddRecord]: MSG_RESIZED: frame=(0,0,720,1520) ci=(0,54,0,664) vi=(0,54,0,664) or=1
07-28 16:12:01.601  3201  5631 D WindowManager: adjustSystemUiVisibilityLw: displayId=0, vis=0x8008, resetVis=0x0, clearVis=0x0
07-28 16:12:01.601  3201  5631 D InputManager-JNI: setSystemUiVisibility dexmode: false changed: true displayid: 0 visibility: 0x8008 DD: 0x8008 OD: 0x0
07-28 16:12:01.619  2807  2856 I SurfaceFlinger: createSurf start. lock debugging [Surface(name=58d69c8 InputMethod)/@0x4fc776a - animation-leash]
07-28 16:12:01.619  2807  2856 I SurfaceFlinger: id=505 createSurf (0x0),-1 flag=80004, Surface(name=58d69c8 InputMethod)/@0x4fc776a - animation-leash#0
07-28 16:12:01.627  3201  3689 V WindowManager: Relayout Window{df3ab4c u0 com.example.cardiacrecorder/com.example.cardiacrecorder.AddRecord}: viewVisibility=0 req=720x1520
07-28 16:12:01.633  3201  3689 V WindowManager: Relayout 6848: mAttrs={(0,0)(fillxfill) sim={adjust=resize forwardNavigation} ty=BASE_APPLICATION wanim=0x1030305
07-28 16:12:01.633  3201  3689 V WindowManager:   fl=81810100
07-28 16:12:01.633  3201  3689 V WindowManager:   pfl=10020000
07-28 16:12:01.633  3201  3689 V WindowManager:   vsysui=10 naviIconColor=0}
07-28 16:12:01.637  6848  6848 D ViewRootImpl@32305ed[AddRecord]: Relayout returned: old=(0,0,720,1520) new=(0,0,720,1520) req=(720,1520)0 dur=12 res=0x1 s={true 3187804160} ch=false
07-28 16:12:01.647  2807  2988 I Layer   : id=505 removeFromCurrentState Surface(name=58d69c8 InputMethod)/@0x4fc776a - animation-leash#0 (56)
07-28 16:12:01.648  2807  2988 I SurfaceFlinger: id=505 Removed Surface(name=58d69c8 InputMethod)/@0x4fc776a - animation-leash#0 (56)
07-28 16:12:01.648  3201  3665 D PackageManager: setEnabledSetting : userId = 0 packageName = com.facebook.orca cmp = com.facebook.mqttlite.MqttService newState = 1 callingPackage = 10207/com.facebook.orca
07-28 16:12:01.651  2807  2807 I Layer   : id=505[1] Destroyed Surface(name=58d69c8 InputMethod)/@0x4fc776a - animation-leash#0
07-28 16:12:01.658  2807  2807 I SurfaceFlinger: Display 0 HWC layers:
07-28 16:12:01.658  2807  2807 I SurfaceFlinger:     type    |    handle    | flag |  format   |   source crop (l,t,r,b)    |         frame       | name
07-28 16:12:01.658  2807  2807 I SurfaceFlinger: ------------+--------------+------+-----------+----------------------------+---------------------+------
07-28 16:12:01.658  2807  2807 I SurfaceFlinger:      DEVICE | 0xf2731f40 | 0002 | RGBA_8888 |   0.0    0.0  720.0 1520.0 |    0    0  720 1520 | com.example.cardiacrecorder/com.example.cardiacrecorder.AddRecord$_6848#0
07-28 16:12:01.658  2807  2807 I SurfaceFlinger:      CLIENT | 0xf2732bc0 | 0000 | RGBA_8888 |   0.0    0.0  720.0 1466.0 |    0   54  720 1520 | InputMethod$_6812#0
07-28 16:12:01.658  2807  2807 I SurfaceFlinger:      CLIENT | 0xf464ebc0 | 0000 | RGBA_8888 |   0.0    0.0  720.0   54.0 |    0    0  720   54 | StatusBar$_3491#0
07-28 16:12:01.658  2807  2807 I SurfaceFlinger:      CLIENT | 0xf2732940 | 0000 | RGBA_8888 |   0.0    0.0  720.0   64.0 |    0 1456  720 1520 | GestureInterceptOverlay$_3491#0
07-28 16:12:01.658  2807  2807 I SurfaceFlinger:      CLIENT | 0xf2730c80 | 0000 | RGBA_8888 |   0.0    0.0  720.0   96.0 |    0 1424  720 1520 | NavigationBar0$_3491#0
07-28 16:12:01.658  2807  2807 I SurfaceFlinger:      DEVICE | 0xf2731400 | 0000 | RGBA_8888 |   0.0    0.0  720.0 1520.0 |    0    0  720 1520 | $_3491#0
07-28 16:12:01.658  2807  2807 I SurfaceFlinger:
07-28 16:12:01.659  6848  6848 D ScrollView:  onsize change changed
07-28 16:12:01.665  3846  3846 D Launcher.NotificationListener: onNotificationPosted : android number : 0 listener : null
07-28 16:12:01.676  3846  3846 D Launcher.NotificationListener: onNotificationPosted : android number : 0 listener : null
07-28 16:12:01.689  7176  7322 W msgr.MobileConfigFactoryImpl: SESSIONBASED factory used for SESSIONLESS param
07-28 16:12:01.690  7176  7322 I chatty  : uid=10207(com.facebook.orca) MqttHandler identical 1 line
07-28 16:12:01.690  7176  7322 W msgr.MobileConfigFactoryImpl: SESSIONBASED factory used for SESSIONLESS param
07-28 16:12:01.690  7176  7327 W msgr.lacrima: Soft error detector missing: MobileConfigFactoryImpl: invalid specifier SESSIONBASED factory used for SESSIONLESS param, delaying
07-28 16:12:01.691  7176  7322 W msgr.MobileConfigFactoryImpl: SESSIONBASED factory used for SESSIONLESS param
07-28 16:12:01.691  7176  7327 W msgr.lacrima: Soft error detector missing: MobileConfigFactoryImpl: invalid specifier SESSIONBASED factory used for SESSIONLESS param, delaying
07-28 16:12:01.691  7176  7322 W msgr.MobileConfigFactoryImpl: SESSIONBASED factory used for SESSIONLESS param
07-28 16:12:01.691  7176  7327 W msgr.lacrima: Soft error detector missing: MobileConfigFactoryImpl: invalid specifier SESSIONBASED factory used for SESSIONLESS param, delaying
07-28 16:12:01.691  7176  7322 W msgr.MobileConfigFactoryImpl: SESSIONBASED factory used for SESSIONLESS param
07-28 16:12:01.691  7176  7327 W msgr.lacrima: Soft error detector missing: MobileConfigFactoryImpl: invalid specifier SESSIONBASED factory used for SESSIONLESS param, delaying
07-28 16:12:01.691  7176  7327 I chatty  : uid=10207(com.facebook.orca) ErrorReportingT identical 1 line
07-28 16:12:01.691  7176  7327 W msgr.lacrima: Soft error detector missing: MobileConfigFactoryImpl: invalid specifier SESSIONBASED factory used for SESSIONLESS param, delaying
07-28 16:12:01.735  7176  7322 D NetworkSecurityConfig: Using Network Security Config from resource (name removed) debugBuild: false
07-28 16:12:01.759  7176  7322 W msgr.MobileConfigFactoryImpl: SESSIONBASED factory used for SESSIONLESS param
07-28 16:12:01.759  7176  7322 W msgr.MobileConfigFactoryImpl: SESSIONBASED factory used for SESSIONLESS param
07-28 16:12:01.760  7176  7327 W msgr.lacrima: Soft error detector missing: MobileConfigFactoryImpl: invalid specifier SESSIONBASED factory used for SESSIONLESS param, delaying
07-28 16:12:01.760  7176  7327 W msgr.lacrima: Soft error detector missing: MobileConfigFactoryImpl: invalid specifier SESSIONBASED factory used for SESSIONLESS param, delaying
07-28 16:12:01.763  6848  6848 D UiControllerImpl: Injecting string: "normal"
07-28 16:12:01.766  3201  3665 D InputDispatcher: Inject key (6848): action=0, f=0x8, time=4706540000000
07-28 16:12:01.767  3201  3359 I InputDispatcher: Delivering key to (6848): action: 0x0 (0), f=0x8, m=0x0, d=0, 'df3ab4c'
07-28 16:12:01.771  6848  6848 D ViewRootImpl@32305ed[AddRecord]: The input has been finished in ImeInputStage.
07-28 16:12:01.795  7176  7311 E msgr.msys: E[N rtchannel]_rt_mqtt_publish_callback(431)=>Failed to publish the request over MQTT. token:ece2e8b8-e68e-43b5-bda0-eea14b9bf3b0, category:mcd-sync-data-task-category, requestId:33159, error:Error Domain=mqtt Code=2002 UserInfo=0xb43c9900 {MCFErrorDirectDescriptionKey=SEND_FAILURE}
07-28 16:12:01.795  7176  7311 E msgr.msys: E[N data-request]_HandleDataResponse(1622)=>Data request error: (null): Error Domain=mqtt Code=2002 UserInfo=0xb367b300 {MCFErrorDirectDescriptionKey=SEND_FAILURE}
07-28 16:12:01.796  7176  7311 E msgr.msys: E[N rtchannel]_rt_mqtt_publish_callback(431)=>Failed to publish the request over MQTT. token:51fca57a-ed5b-4dcf-bead-e99f6fa85f79, category:mcd-send-data-task-category, requestId:36400, error:Error Domain=mqtt Code=2002 UserInfo=0xb367b300 {MCFErrorDirectDescriptionKey=SEND_FAILURE}
07-28 16:12:01.797  7176  7311 E msgr.msys: E[N rtchannel]_rt_mqtt_publish_callback(431)=>Failed to publish the request over MQTT. token:24540735-732a-4089-91ca-063acb511e42, category:mcd-sync-data-task-category, requestId:21322, error:Error Domain=mqtt Code=2002 UserInfo=0xb43c9a00 {MCFErrorDirectDescriptionKey=SEND_FAILURE}
07-28 16:12:01.798  7176  7309 E msgr.msys: E[S sync]_createResponseError(183)=>Network Response ece2e8b8-e68e-43b5-bda0-eea14b9bf3b0 contains sync error Error Domain=mqtt Code=2002 UserInfo=0xb43c9900 {MCFErrorDirectDescriptionKey=SEND_FAILURE} - Underlying error (null): Error Domain=mqtt Code=2002 UserInfo=0xb43c9900 {MCFErrorDirectDescriptionKey=SEND_FAILURE}
07-28 16:12:01.805  7176  7309 E msgr.msys: E[S task_queue_handling]MCDLightSpeedTaskExecutorNetworkCompletionCallback(934)=>Handling send error for taskId=13359 batchSize=1 queue=contact_sharing_settings
07-28 16:12:01.808  7176  7309 W msgr.msys: W[S task_queue_processing]_MCDTaskCoordinatorMaybeScheduleQueueProcessing(193)=>Scheduling queue contact_sharing_settings for reprocessing in 1 seconds
07-28 16:12:01.813  3201  3365 D InputDispatcher: Inject key (6848): action=1, f=0x8, time=4706587000000
07-28 16:12:01.813  3201  3359 I InputDispatcher: Delivering key to (6848): action: 0x1 (0), f=0x8, m=0x0, d=0, 'df3ab4c'
07-28 16:12:01.824  2941  3128 D EnterpriseController: netId is 0
07-28 16:12:01.824  2941  3128 E Netd    : getNetworkForDns: getNetId from enterpriseCtrl is netid 0
07-28 16:12:01.824  2941  3128 D DnsProxyListener: DNSDBG::dns addrinfo af 2 - 10207
07-28 16:12:01.843  6812  6812 D InputMethodService: onKeyUp not B key
07-28 16:12:01.843  6848  6848 D ViewRootImpl@32305ed[AddRecord]: ViewPostIme key 1
07-28 16:12:01.846  3201  3365 D InputDispatcher: Inject key (6848): action=0, f=0x8, time=4706622000000
07-28 16:12:01.847  3201  3359 I InputDispatcher: Delivering key to (6848): action: 0x0 (0), f=0x8, m=0x0, d=0, 'df3ab4c'
07-28 16:12:01.848  6848  6848 D ViewRootImpl@32305ed[AddRecord]: The input has been finished in ImeInputStage.
07-28 16:12:01.852  3201  3365 D InputMethodManagerService: isAccessoryKeyboard 0
07-28 16:12:01.879  3201  3665 D InputDispatcher: Inject key (6848): action=1, f=0x8, time=4706654000000
07-28 16:12:01.880  3201  3359 I InputDispatcher: Delivering key to (6848): action: 0x1 (0), f=0x8, m=0x0, d=0, 'df3ab4c'
07-28 16:12:01.880  6812  6812 D InputMethodService: onKeyUp not B key
07-28 16:12:01.881  6848  6848 D ViewRootImpl@32305ed[AddRecord]: ViewPostIme key 1
07-28 16:12:01.884  3201  3423 E NetdEventListenerService: handleMessage: { when=0 what=10001 obj=com.android.server.connectivity.NetdEventListenerService$DnsResultParams@c625b6c target=com.android.server.connectivity.NetdEventListenerService$DnsEventHandler }
07-28 16:12:01.886  3201  3665 D InputDispatcher: Inject key (6848): action=0, f=0x8, time=4706659000000
07-28 16:12:01.886  3201  3359 I InputDispatcher: Delivering key to (6848): action: 0x0 (0), f=0x8, m=0x0, d=0, 'df3ab4c'
07-28 16:12:01.888  6848  6848 D ViewRootImpl@32305ed[AddRecord]: The input has been finished in ImeInputStage.
07-28 16:12:01.892  7176  7190 W JavaBinder: BinderProxy is being destroyed but the application did not call unlinkToDeath to unlink all of its death recipients beforehand.  Releasing leaked death recipient: X.09W
07-28 16:12:01.909  3201  3365 D InputDispatcher: Inject key (6848): action=1, f=0x8, time=4706666000000
07-28 16:12:01.909  3201  3359 I InputDispatcher: Delivering key to (6848): action: 0x1 (0), f=0x8, m=0x0, d=0, 'df3ab4c'
07-28 16:12:01.910  6812  6812 D InputMethodService: onKeyUp not B key
07-28 16:12:01.910  6848  6848 D ViewRootImpl@32305ed[AddRecord]: ViewPostIme key 1
07-28 16:12:01.913  3201  3365 D InputDispatcher: Inject key (6848): action=0, f=0x8, time=4706689000000
07-28 16:12:01.913  3201  3359 I InputDispatcher: Delivering key to (6848): action: 0x0 (0), f=0x8, m=0x0, d=0, 'df3ab4c'
07-28 16:12:01.914  6848  6848 D ViewRootImpl@32305ed[AddRecord]: The input has been finished in ImeInputStage.
07-28 16:12:01.944  3201  3665 D InputDispatcher: Inject key (6848): action=1, f=0x8, time=4706719000000
07-28 16:12:01.944  3201  3359 I InputDispatcher: Delivering key to (6848): action: 0x1 (0), f=0x8, m=0x0, d=0, 'df3ab4c'
07-28 16:12:01.945  6812  6812 D InputMethodService: onKeyUp not B key
07-28 16:12:01.945  6848  6848 D ViewRootImpl@32305ed[AddRecord]: ViewPostIme key 1
07-28 16:12:01.948  3201  3665 D InputDispatcher: Inject key (6848): action=0, f=0x8, time=4706724000000
07-28 16:12:01.948  3201  3359 I InputDispatcher: Delivering key to (6848): action: 0x0 (0), f=0x8, m=0x0, d=0, 'df3ab4c'
07-28 16:12:01.950  6848  6848 D ViewRootImpl@32305ed[AddRecord]: The input has been finished in ImeInputStage.
07-28 16:12:01.978  3201  3365 D InputDispatcher: Inject key (6848): action=1, f=0x8, time=4706753000000
07-28 16:12:01.978  3201  3359 I InputDispatcher: Delivering key to (6848): action: 0x1 (0), f=0x8, m=0x0, d=0, 'df3ab4c'
07-28 16:12:01.979  6812  6812 D InputMethodService: onKeyUp not B key
07-28 16:12:01.980  6848  6848 D ViewRootImpl@32305ed[AddRecord]: ViewPostIme key 1
07-28 16:12:01.983  3201  3365 D InputDispatcher: Inject key (6848): action=0, f=0x8, time=4706758000000
07-28 16:12:01.984  3201  3359 I InputDispatcher: Delivering key to (6848): action: 0x0 (0), f=0x8, m=0x0, d=0, 'df3ab4c'
07-28 16:12:01.986  6848  6848 D ViewRootImpl@32305ed[AddRecord]: The input has been finished in ImeInputStage.
07-28 16:12:02.025  3491  3844 D NetworkController.MobileSignalController(1/2): onSignalStrengthsChanged signalStrength=SignalStrength:{mCdma=Invalid,mGsm=Invalid,mWcdma=CellSignalStrengthWcdma: ss=-99 ber=99 rscp=-89 ecno=0 level=1,mTdscdma=Invalid,mLte=Invalid,mNr=Invalid,SignalBarInfo{ wcdmaLevel=2 },P,rat=3,primary=CellSignalStrengthWcdma} level=2
07-28 16:12:02.025  3491  3844 D NetworkController.MobileSignalController(1/2): getMobileIconGroup(): 9
07-28 16:12:02.029  3491  3491 D SecStatusBarMobileView: updateState: MobileIconState(subId=2, strengthId=2131232570, roaming=false, typeId=0, roamingId=0, activityId=0, slotId=1, visible=true)
07-28 16:12:02.178  7176  7214 W msgr.MultiSignalANRDetectorLacrima: Pausing error state checks
07-28 16:12:02.292  3201  3665 D InputDispatcher: Inject key (6848): action=1, f=0x8, time=4707067000000
07-28 16:12:02.293  3201  3359 I InputDispatcher: Delivering key to (6848): action: 0x1 (0), f=0x8, m=0x0, d=0, 'df3ab4c'
07-28 16:12:02.294  6812  6812 D InputMethodService: onKeyUp not B key
07-28 16:12:02.294  6848  6848 D ViewRootImpl@32305ed[AddRecord]: ViewPostIme key 1
07-28 16:12:02.297  6848  7034 W cardiacrecorde: Accessing hidden method Lsun/misc/Unsafe;->compareAndSwapObject(Ljava/lang/Object;JLjava/lang/Object;Ljava/lang/Object;)Z (greylist, linking, allowed)
07-28 16:12:02.300  6848  6848 I ViewInteraction: Performing 'send keyCode: 4, metaState: 0 key event' action on view view.getRootView() to equal view
07-28 16:12:02.304  3201  3665 D InputDispatcher: Inject key (6848): action=0, f=0x8, time=4707078000000
07-28 16:12:02.304  3201  3359 I InputDispatcher: Delivering key to (6848): action: 0x0 (0), f=0x8, m=0x0, d=0, 'df3ab4c'
07-28 16:12:02.306  6812  6812 D InputMethodService: onKeyDown B key
07-28 16:12:02.306  6812  6812 D InputMethodService: handleBack doIt  : false mShowInputRequested : true mWindowVisible : true
07-28 16:12:02.306  6812  6812 D InputMethodService: handleBack return true
07-28 16:12:02.306  6812  6812 D InputMethodService: onKeyDown handleback true
07-28 16:12:02.307  6848  6848 D ViewRootImpl@32305ed[AddRecord]: The input has been finished in ImeInputStage.
07-28 16:12:02.308  3201  3665 D InputDispatcher: Inject key (6848): action=1, f=0x8, time=4707084000000
07-28 16:12:02.309  3201  3359 I InputDispatcher: Delivering key to (6848): action: 0x1 (0), f=0x8, m=0x0, d=0, 'df3ab4c'
07-28 16:12:02.309  6812  6812 D InputMethodService: onKeyUp B key
07-28 16:12:02.309  6812  6812 D InputMethodService: onKeyUp handle B
07-28 16:12:02.309  6812  6812 D InputMethodService: handleBack doIt  : true mShowInputRequested : true mWindowVisible : true
07-28 16:12:02.309  3201  3365 V InputMethodManagerService: hideCurrentInputLocked : send MSG_HIDE_SOFT_INPUT
07-28 16:12:02.314  6812  6812 D InputMethodService: handleBack return true
07-28 16:12:02.315  6848  6848 D ViewRootImpl@32305ed[AddRecord]: The input has been finished in ImeInputStage.
07-28 16:12:02.315  3201  5631 D SamsungIMMSHWKeyboard: isConnectedDexOnPC false
07-28 16:12:02.315  3201  5631 D InputMethodManagerService: isImeSwitcherDisabledPackage : false
07-28 16:12:02.315  6812  6812 D InputMethodService: doHideWindow(), setImeWindowStatus,0: 0,  mBackDisposition :0
07-28 16:12:02.318  3491  3491 V NavBarStoreImpl: handleEvent [EventType] ON_SET_GESTURE_HINT_VISIBILITY [Module] SecNavigationBarView  KEYS_RECENT_ENABLED=true  KEYS_BACK_ENABLED=true  KEYS_HOME_ENABLED=true
07-28 16:12:02.319  6812  6812 V InputMethodService: hideWindow: hiding!
07-28 16:12:02.319  3201  3400 D LocationManagerService: GnssStatusListener from uid 10078 is now foreground
07-28 16:12:02.319  6812  6812 D InputMethodService: notifyKeyboardClosed
07-28 16:12:02.319  3201  3400 D LocationManagerService: GnssStatusListener from uid 10078 is now foreground
07-28 16:12:02.319  3491  3491 V NavBarStoreImpl: --[Band]GESTURE_PACK_SET_HINT_VISIBILITY
07-28 16:12:02.319  3491  3491 V NavBarStoreImpl: --[Band]GESTURE_PACK_SET_HINT_VISIBILITY
07-28 16:12:02.320  3491  3491 V NavBarStoreImpl: ----isEnabled(GESTURE_HINT)=true
07-28 16:12:02.320  3491  3491 V NavBarStoreImpl: ----isEnabled(SPAY_HANDLER_SHOWING)=false
07-28 16:12:02.320  3491  3491 V NavBarStoreImpl: ----apply(UPDATE_GESTURE_HINT_VISIBILITY)
07-28 16:12:02.320  3491  3491 V NavBarStoreImpl: handleEvent [EventType] ON_NAVBAR_ICON_HINT_CHANGED [Module] NavigationBarFragment  KEYS_NAVBAR_ICON_HINT=0
07-28 16:12:02.321  6812  6812 W InputMethodService: Window size has been changed. This may cause jankiness of resizing window: -1 -> -2
07-28 16:12:02.321  3491  3491 V NavBarStoreImpl: --[Band]SETUPWIZARD_PACK_SET_NAVBAR_ICON_HINT
07-28 16:12:02.321  3491  3491 V NavBarStoreImpl: ----apply(UPDATE_NAVBAR_SUW_ICON_HINT)
07-28 16:12:02.321  6812  6812 D InputMethodService: AxT9IME.sendInputViewShownState(): false
07-28 16:12:02.321  6812  6812 D InputMethodService: AxT9IME.IS_VISIBLE_CANDIDATE(): 4
07-28 16:12:02.324  6812  6812 D InputMethodService: sendInputViewShownStateSSRM(): false
07-28 16:12:02.328  2807  2856 E BufferQueueProducer: [InputMethod$_6812#0] disconnect: not connected (req=1)
07-28 16:12:02.328  6812  7110 W libEGL  : EGLNativeWindowType 0xe66255c8 disconnect failed
07-28 16:12:02.330  3201  3365 V WindowManager: Relayout Window{58d69c8 u0 InputMethod}: viewVisibility=8 req=720x1466
07-28 16:12:02.332  3846  3846 D Launcher.NotificationListener: onNotificationRemoved : StatusBarNotification(pkg=android user=UserHandle{-1} id=8 tag=null key=-1|android|8|null|1000: Notification(channel=VIRTUAL_KEYBOARD pri=0 contentView=null vibrate=null sound=null defaults=0x0 flags=0x2 color=0x00000000 category=sys vis=PRIVATE semFlags=0x0 semPriority=0 semMissedCount=0)) listener : null
07-28 16:12:02.332  2807  2988 I SurfaceFlinger: createSurf start. lock debugging [Surface(name=58d69c8 InputMethod)/@0x4fc776a - animation-leash]
07-28 16:12:02.332  2807  2988 I SurfaceFlinger: id=506 createSurf (0x0),-1 flag=80004, Surface(name=58d69c8 InputMethod)/@0x4fc776a - animation-leash#0
07-28 16:12:02.335  7176  7222 E nightwatch-target: /proc/zoneinfo open: errno=13
07-28 16:12:02.335  7176  7222 E nightwatch-target: sysmeminfo parse failed
07-28 16:12:02.335  2911  2911 E audit   : type=1400 audit(1659003122.331:850): avc:  denied  { read } for  pid=7176 comm="Lacrima_startup" name="zoneinfo" dev="proc" ino=4026534957 scontext=u:r:untrusted_app:s0:c207,c256,c512,c768 tcontext=u:object_r:proc_zoneinfo:s0 tclass=file permissive=0 SEPF_SM-M105F_10_0030 audit_filtered
07-28 16:12:02.336  2941  2941 I netd    : firewallSetUidRule(2, 10215, 2) <15.83ms>
07-28 16:12:02.339  3201  3220 D WindowManager: setSystemUiVisibility: displayId=0, vis=0x8018, fullVis=0x0, dockVis=0x0, win=Window{df3ab4c u0 com.example.cardiacrecorder/com.example.cardiacrecorder.AddRecord}
07-28 16:12:02.343  3201  3365 V WindowManager: Relayout 6812: mAttrs={(0,0)(fillxfill) gr=BOTTOM CENTER_VERTICAL sim={adjust=pan} ty=INPUT_METHOD fmt=TRANSPARENT wanim=0x1030056
07-28 16:12:02.343  3201  3365 V WindowManager:   fl=81800108
07-28 16:12:02.343  3201  3365 V WindowManager:   vsysui=2000 naviIconColor=0}
07-28 16:12:02.344  6812  6812 D ViewRootImpl@1e29fc4[InputMethod]: Relayout returned: old=(0,54,720,1520) new=(0,54,720,1520) req=(720,1466)8 dur=15 res=0x5 s={false 0} ch=true
07-28 16:12:02.346  6848  6848 D ViewRootImpl@32305ed[AddRecord]: MSG_RESIZED: frame=(0,0,720,1520) ci=(0,54,0,30) vi=(0,54,0,30) or=1
07-28 16:12:02.347  3491  3491 D LightBarController: onNavigationVisibilityChanged : vis = 8018, nbModeChanged = false navigationBarMode = 4, navbarColorManagedByIme = false
07-28 16:12:02.348  3201  3365 D WindowManager: adjustSystemUiVisibilityLw: displayId=0, vis=0x8018, resetVis=0x0, clearVis=0x0
07-28 16:12:02.348  3201  3365 D InputManager-JNI: setSystemUiVisibility dexmode: false changed: true displayid: 0 visibility: 0x8018 DD: 0x8018 OD: 0x0
07-28 16:12:02.349  3201  3365 D InputMethodManagerService: isAccessoryKeyboard 0
07-28 16:12:02.364  2807  2807 I SurfaceFlinger: Display 0 HWC layers:
07-28 16:12:02.364  2807  2807 I SurfaceFlinger:     type    |    handle    | flag |  format   |   source crop (l,t,r,b)    |         frame       | name
07-28 16:12:02.364  2807  2807 I SurfaceFlinger: ------------+--------------+------+-----------+----------------------------+---------------------+------
07-28 16:12:02.364  2807  2807 I SurfaceFlinger:      DEVICE | 0xf2732080 | 0002 | RGBA_8888 |   0.0    0.0  720.0 1520.0 |    0    0  720 1520 | com.example.cardiacrecorder/com.example.cardiacrecorder.AddRecord$_6848#0
07-28 16:12:02.364  2807  2807 I SurfaceFlinger:      CLIENT | 0xf2730140 | 0000 | RGBA_8888 |   0.0    0.0  720.0   54.0 |    0    0  720   54 | StatusBar$_3491#0
07-28 16:12:02.364  2807  2807 I SurfaceFlinger:      CLIENT | 0xf2732940 | 0000 | RGBA_8888 |   0.0    0.0  720.0   64.0 |    0 1456  720 1520 | GestureInterceptOverlay$_3491#0
07-28 16:12:02.364  2807  2807 I SurfaceFlinger:      CLIENT | 0xf27303c0 | 0000 | RGBA_8888 |   0.0    0.0  720.0   96.0 |    0 1424  720 1520 | NavigationBar0$_3491#0
07-28 16:12:02.364  2807  2807 I SurfaceFlinger:      DEVICE | 0xf2731400 | 0000 | RGBA_8888 |   0.0    0.0  720.0 1520.0 |    0    0  720 1520 | $_3491#0
07-28 16:12:02.364  2807  2807 I SurfaceFlinger:
07-28 16:12:02.370  2807  2988 I Layer   : id=506 removeFromCurrentState Surface(name=58d69c8 InputMethod)/@0x4fc776a - animation-leash#0 (56)
07-28 16:12:02.370  3201  4828 V WindowManager: Relayout Window{df3ab4c u0 com.example.cardiacrecorder/com.example.cardiacrecorder.AddRecord}: viewVisibility=0 req=720x1520
07-28 16:12:02.374  2807  2857 I Layer   : id=504 removeFromCurrentState InputMethod$_6812#0 (56)
07-28 16:12:02.374  2807  2856 I SurfaceFlinger: id=504 Removed InputMethod$_6812#0 (56)
07-28 16:12:02.375  2807  2856 I SurfaceFlinger: id=506 Removed Surface(name=58d69c8 InputMethod)/@0x4fc776a - animation-leash#0 (56)
07-28 16:12:02.377  3201  4828 V WindowManager: Relayout 6848: mAttrs={(0,0)(fillxfill) sim={adjust=resize forwardNavigation} ty=BASE_APPLICATION wanim=0x1030305
07-28 16:12:02.377  3201  4828 V WindowManager:   fl=81810100
07-28 16:12:02.377  3201  4828 V WindowManager:   pfl=10020000
07-28 16:12:02.377  3201  4828 V WindowManager:   vsysui=10 naviIconColor=0}
07-28 16:12:02.380  6812  7170 I System.out: (HTTPLog)-Static: isSBSettingEnabled false
07-28 16:12:02.380  6848  6848 D ViewRootImpl@32305ed[AddRecord]: Relayout returned: old=(0,0,720,1520) new=(0,0,720,1520) req=(720,1520)0 dur=11 res=0x1 s={true 3187804160} ch=false
07-28 16:12:02.380  6812  7170 I System.out: (HTTPLog)-Static: isSBSettingEnabled false
07-28 16:12:02.385  2807  2807 I Layer   : id=504[1] Destroyed InputMethod$_6812#0
07-28 16:12:02.385  2807  2807 I Layer   : id=506[1] Destroyed Surface(name=58d69c8 InputMethod)/@0x4fc776a - animation-leash#0
07-28 16:12:02.396  6848  6848 D ScrollView:  onsize change changed
07-28 16:12:02.466  6848  6848 I KeyEventActionBase: Back was pressed but there was no Activity stage transition in 150ms. Pressing back may trigger an activity stage transition if the activity is finished as a result. However, the activity may handle the back behavior in any number of other ways internally as well, such as popping the fragment back stack, dismissing a dialog, otherwise manually transacting fragments, etc.
07-28 16:12:02.471  6848  6848 I ViewInteraction: Performing 'single click' action on view view.getId() is <2131230794/com.example.cardiacrecorder:id/addRecord>
07-28 16:12:02.475  3201  4828 D InputDispatcher: Inject motion (6848): action=0x0, time=4707250000000, f=0x0, d=0
07-28 16:12:02.475  3201  3359 D InputDispatcher: pointer touchable region used!
07-28 16:12:02.475  3201  3359 I InputDispatcher: Delivering touch to (3491): action: 0x4, f=0x0, d=0, '2958e4d', t=0
07-28 16:12:02.475  3201  3359 I InputDispatcher: Delivering touch to (3491): action: 0x4, f=0x0, d=0, '2f97158', t=0
07-28 16:12:02.475  3201  3359 I InputDispatcher: Delivering touch to (6848): action: 0x0, f=0x0, d=0, 'df3ab4c', t=0
07-28 16:12:02.476  3846  3846 D TouchInteractionService: onInputEvent, ACTION_DOWN - false, false, false, false, false, false, false, false, false
07-28 16:12:02.476  3846  3846 D TouchInteractionService: onInputEvent, inputConsumer = com.android.quickstep.inputconsumers.-$$Lambda$InputConsumer$K4h0u6o8zIxNiamFO260G9Omc7Q@4b9fb44
07-28 16:12:02.476  6848  6848 D ViewRootImpl@32305ed[AddRecord]: ViewPostIme pointer 0
07-28 16:12:02.495  6785  6858 I Finsky  : [3428] ptw.h(1): Triggered update for experiment package com.google.android.finsky.regular.
07-28 16:12:02.529  6785  6815 I SnapshotHandler: Unable to retrieve flag snapshot for com.google.android.gms.phenotype, using defaults.
07-28 16:12:02.534  6785  7342 E PhenotypeCombinedFlags: Config package com.google.android.gms.phenotype cannot use PROCESS_STABLE backing without declarative registration. See go/phenotype-android-integration#phenotype for more information. This will lead to stale flags.
07-28 16:12:02.547  3201  4828 D InputDispatcher: Inject motion (6848): action=0x1, time=4707290000000, f=0x0, d=0
07-28 16:12:02.547  3201  3359 I InputDispatcher: Delivering touch to (6848): action: 0x1, f=0x0, d=0, 'df3ab4c', t=1
07-28 16:12:02.548  3846  3846 D TouchInteractionService: onInputEvent, ACTION_UP
07-28 16:12:02.548  6848  6848 D ViewRootImpl@32305ed[AddRecord]: ViewPostIme pointer 1
07-28 16:12:02.565  6785  7342 E PhenotypeCombinedFlags: Config package com.google.android.gms.phenotype cannot use PROCESS_STABLE backing without declarative registration. See go/phenotype-android-integration#phenotype for more information. This will lead to stale flags.
07-28 16:12:02.565 27190 27288 I nightwatch-target: monitor resources last 15000 iteration: 303304 msec
07-28 16:12:02.570  6785  7342 E PhenotypeCombinedFlags: Config package com.google.android.gms.phenotype cannot use PROCESS_STABLE backing without declarative registration. See go/phenotype-android-integration#phenotype for more information. This will lead to stale flags.
07-28 16:12:02.581  6785  7342 E PhenotypeCombinedFlags: Config package com.google.android.gms.phenotype cannot use PROCESS_STABLE backing without declarative registration. See go/phenotype-android-integration#phenotype for more information. This will lead to stale flags.
07-28 16:12:02.609  3491  3844 D NetworkController.MobileSignalController(0/1): onDataActivity: direction=3
07-28 16:12:02.610  3491  3491 D SecStatusBarMobileView: updateState: MobileIconState(subId=1, strengthId=2131232574, roaming=false, typeId=2131232416, roamingId=0, activityId=2131232614, slotId=0, visible=true)
07-28 16:12:02.636  6785  7342 E PhenotypeCombinedFlags: Config package com.google.android.gms.phenotype cannot use PROCESS_STABLE backing without declarative registration. See go/phenotype-android-integration#phenotype for more information. This will lead to stale flags.
07-28 16:12:02.648  6785  7342 I chatty  : uid=10090(com.android.vending) ProcessStablePh identical 3 lines
07-28 16:12:02.648  6785  7342 E PhenotypeCombinedFlags: Config package com.google.android.gms.phenotype cannot use PROCESS_STABLE backing without declarative registration. See go/phenotype-android-integration#phenotype for more information. This will lead to stale flags.
07-28 16:12:02.840  6848  7034 W cardiacrecorde: Accessing hidden method Lsun/misc/Unsafe;->compareAndSwapObject(Ljava/lang/Object;JLjava/lang/Object;Ljava/lang/Object;)Z (greylist, linking, allowed)
07-28 16:12:02.889  6785  7342 E PhenotypeCombinedFlags: Config package com.google.android.gms.phenotype cannot use PROCESS_STABLE backing without declarative registration. See go/phenotype-android-integration#phenotype for more information. This will lead to stale flags.
07-28 16:12:02.936  6848  6848 I ViewInteraction: Checking 'MatchesViewAssertion{viewMatcher=(view has effective visibility <VISIBLE> and view.getGlobalVisibleRect() to return non-empty rectangle)}' assertion on view view.getId() is <2131230946/com.example.cardiacrecorder:id/home>
07-28 16:12:02.937  6848  6848 E ViewAssertions: '(view has effective visibility <VISIBLE> and view.getGlobalVisibleRect() to return non-empty rectangle)' check could not be performed because view 'view.getId() is <2131230946/com.example.cardiacrecorder:id/home>' was not found.
07-28 16:12:02.941  7176  7309 W msgr.msys: W[S task_queue_processing]_MCDTaskCoordinatorMaybeScheduleQueueProcessing(193)=>Scheduling queue contact_sharing_settings for reprocessing in 1 seconds
07-28 16:12:02.961  2807  2856 I SurfaceFlinger: createSurf start. lock debugging [AppWindowToken{146c1d2 token=Token{e0fe45d ActivityRecord{c931e34 u0 com.example.cardiacrecorder.test/androidx.test.core.app.InstrumentationActivityInvoker$EmptyActivity t18}}}]
07-28 16:12:02.962  2807  2856 I SurfaceFlinger: id=507 createSurf (0x0),-1 flag=80004, AppWindowToken{146c1d2 token=Token{e0fe45d ActivityRecord{c931e34 u0 com.example.cardiacrecorder.test/androidx.test.core.app.InstrumentationActivityInvoker$EmptyActivity t18}}}#0
07-28 16:12:02.971  6848  6848 D LifecycleMonitor: Lifecycle status change: com.example.cardiacrecorder.AddRecord@b3ceea2 in: PAUSED
07-28 16:12:02.972  6848  6848 V ActivityScenario: Activity lifecycle changed event received but ignored because the intent does not match. startActivityIntent=Intent { act=android.intent.action.MAIN cat=[android.intent.category.LAUNCHER] cmp=com.example.cardiacrecorder/.Home }, activity.getIntent()=Intent { cmp=com.example.cardiacrecorder/.AddRecord }, activity=com.example.cardiacrecorder.AddRecord@b3ceea2
07-28 16:12:02.973  6785  7342 E PhenotypeCombinedFlags: Config package com.google.android.gms.phenotype cannot use PROCESS_STABLE backing without declarative registration. See go/phenotype-android-integration#phenotype for more information. This will lead to stale flags.
07-28 16:12:02.974  6785  6858 I Finsky  : [3428] ptw.h(7): Already at the latest configurations for experiment package com.google.android.finsky.regular.
07-28 16:12:02.975  6785  6891 W android.vendin: Long monitor contention with owner bgExecutor #1 (6858) at java.lang.Object java.lang.Throwable.nativeFillInStackTrace()(Throwable.java:-2) waiters=0 in int ptw.h() for 479ms
07-28 16:12:02.976  6785  6891 I Finsky  : [3433] ptw.h(1): Triggered update for experiment package com.google.android.finsky.regular.
07-28 16:12:02.979  7038  7038 W ActivityThread: handleWindowVisibility: no activity for token android.os.BinderProxy@ebcd812
07-28 16:12:02.980  3201  3365 D InputDispatcher: Focused application set to (0): 146c1d2
07-28 16:12:02.985  6785  6858 I Finsky  : [3428] fmr.run(15): Initializing the instant apps module.
07-28 16:12:02.992  3201  3442 I System.out: (HTTPLog)-Static: isSBSettingEnabled false
07-28 16:12:02.992  3201  3442 I System.out: (HTTPLog)-Static: isSBSettingEnabled false
07-28 16:12:02.993  2941  3128 D EnterpriseController: netId is 0
07-28 16:12:02.994  2941  3128 E Netd    : getNetworkForDns: getNetId from enterpriseCtrl is netid 0
07-28 16:12:02.994  2941  3128 D DnsProxyListener: DNSDBG::dns addrinfo af 2 - 1000
07-28 16:12:02.996  3201  3423 E NetdEventListenerService: handleMessage: { when=0 what=10001 obj=com.android.server.connectivity.NetdEventListenerService$DnsResultParams@55de9a0 target=com.android.server.connectivity.NetdEventListenerService$DnsEventHandler }
07-28 16:12:02.999  3201  3220 D CodecSolution: isMaxAspectPackageEx: com.example.cardiacrecorder.test : false(0)
07-28 16:12:03.000  3201  3418 W PkgPredictorService: background app without no launcher icon com.example.cardiacrecorder.test
07-28 16:12:03.002  3201  3665 D InputDispatcher: Focus left window (6848): df3ab4c in display 0 0
07-28 16:12:03.004  6848  6848 D ViewRootImpl@32305ed[AddRecord]: MSG_WINDOW_FOCUS_CHANGED 0 1
07-28 16:12:03.004  6848  6848 D InputMethodManager: prepareNavigationBarInfo() DecorView@3b1affa[AddRecord]
07-28 16:12:03.004  6848  6848 D InputMethodManager: getNavigationBarColor() -855310
07-28 16:12:03.019  7038  7038 D PhoneWindow: forceLight changed to true [] from com.android.internal.policy.PhoneWindow.updateForceLightNavigationBar:4238 com.android.internal.policy.DecorView.updateColorViews:1510 com.android.internal.policy.PhoneWindow.dispatchWindowAttributesChanged:3216 android.view.Window.setFlags:1148 com.android.internal.policy.PhoneWindow.generateLayout:2444
07-28 16:12:03.022  7038  7038 I MultiWindowDecorSupport: updateCaptionType >> DecorView@c8c635e[], isFloating: false, isApplication: true, hasWindowDecorCaption: false, hasWindowControllerCallback: true
07-28 16:12:03.022  7038  7038 D MultiWindowDecorSupport: setCaptionType = 0, DecorView = DecorView@c8c635e[]
07-28 16:12:03.027  3491  3844 D NetworkController.MobileSignalController(1/2): onSignalStrengthsChanged signalStrength=SignalStrength:{mCdma=Invalid,mGsm=Invalid,mWcdma=CellSignalStrengthWcdma: ss=-101 ber=99 rscp=-91 ecno=0 level=1,mTdscdma=Invalid,mLte=Invalid,mNr=Invalid,SignalBarInfo{ wcdmaLevel=2 },P,rat=3,primary=CellSignalStrengthWcdma} level=2
07-28 16:12:03.028  3491  3844 D NetworkController.MobileSignalController(1/2): getMobileIconGroup(): 9
07-28 16:12:03.050  6848  6848 D LifecycleMonitor: Lifecycle status change: com.example.cardiacrecorder.Home@6066609 in: DESTROYED
07-28 16:12:03.051  6848  6848 V ActivityScenario: Update currentActivityStage to DESTROYED, currentActivity=null
07-28 16:12:03.061  6848  6848 D ViewRootImpl@bc5f58e[Home]: dispatchDetachedFromWindow
07-28 16:12:03.062  2807  2856 I SurfaceFlinger: createSurf start. lock debugging [AppWindowToken{9adc0da token=Token{796da85 ActivityRecord{5b0f3fc u0 com.example.cardiacrecorder.test/androidx.test.core.app.InstrumentationActivityInvoker$EmptyActivity t18}}}]
07-28 16:12:03.062  2807  2856 I SurfaceFlinger: id=508 createSurf (0x0),-1 flag=80004, AppWindowToken{9adc0da token=Token{796da85 ActivityRecord{5b0f3fc u0 com.example.cardiacrecorder.test/androidx.test.core.app.InstrumentationActivityInvoker$EmptyActivity t18}}}#0
07-28 16:12:03.063  6785  6858 I Finsky  : [3428] yor.b(1): Restoring notifications
07-28 16:12:03.067  3201  3665 D InputTransport: Input channel constructed: '1753e8 ', fd=567
07-28 16:12:03.067  3201  3665 D InputTransport: Input channel constructed: '1753e8 ', fd=570
07-28 16:12:03.068  2807  2856 I SurfaceFlinger: createSurf start. lock debugging [1753e8 com.example.cardiacrecorder.test/androidx.test.core.app.InstrumentationActivityInvoker$EmptyActivity]
07-28 16:12:03.068  2807  2856 I SurfaceFlinger: id=509 createSurf (0x0),-1 flag=80004, 1753e8 com.example.cardiacrecorder.test/androidx.test.core.app.InstrumentationActivityInvoker$EmptyActivity#0
07-28 16:12:03.069  3201  3665 D InputTransport: Input channel destroyed: '1753e8 ', fd=570
07-28 16:12:03.070  3201  3365 D InputTransport: Input channel destroyed: '227133e', fd=569
07-28 16:12:03.071  7038  7038 D ViewRootImpl@4257155[InstrumentationActivityInvoker$EmptyActivity]: setView = com.android.internal.policy.DecorView@c8c635e TM=true MM=false
07-28 16:12:03.072  2807  2856 I Layer   : id=479 removeFromCurrentState 227133e com.example.cardiacrecorder/com.example.cardiacrecorder.Home#0 (57)
07-28 16:12:03.073  2807  2856 I SurfaceFlinger: id=479 Removed 227133e com.example.cardiacrecorder/com.example.cardiacrecorder.Home#0 (57)
07-28 16:12:03.073  6848  6848 D InputTransport: Input channel destroyed: '227133e', fd=61
07-28 16:12:03.079  2807  2856 I Layer   : id=478 removeFromCurrentState AppWindowToken{635b6bc token=Token{44352af ActivityRecord{a64ea8e u0 com.example.cardiacrecorder/.Home t18}}}#0 (57)
07-28 16:12:03.080  2807  2856 I SurfaceFlinger: id=478 Removed AppWindowToken{635b6bc token=Token{44352af ActivityRecord{a64ea8e u0 com.example.cardiacrecorder/.Home t18}}}#0 (57)
07-28 16:12:03.085  2807  2807 I Layer   : id=478[1] Destroyed AppWindowToken{635b6bc token=Token{44352af ActivityRecord{a64ea8e u0 com.example.cardiacrecorder/.Home t18}}}#0
07-28 16:12:03.085  2807  2807 I Layer   : id=479[1] Destroyed 227133e com.example.cardiacrecorder/com.example.cardiacrecorder.Home#0
07-28 16:12:03.101  3201  3365 V WindowManager: Relayout Window{1753e8 u0 com.example.cardiacrecorder.test/androidx.test.core.app.InstrumentationActivityInvoker$EmptyActivity}: viewVisibility=0 req=720x1520
07-28 16:12:03.101  6785  6858 I Finsky  : [3428] yor.b(4): Done restoring notifications
07-28 16:12:03.103  2807  2856 I SurfaceFlinger: createSurf start. lock debugging [com.example.cardiacrecorder.test/androidx.test.core.app.InstrumentationActivityInvoker$EmptyActivity$_7038]
07-28 16:12:03.103  2807  2856 I SurfaceFlinger: id=510 createSurf (720x1520),1 flag=404, com.example.cardiacrecorder.test/androidx.test.core.app.InstrumentationActivityInvoker$EmptyActivity$_7038#0
07-28 16:12:03.107  3201  3365 V WindowManager: Relayout 7038: mAttrs={(0,0)(fillxfill) sim={adjust=pan forwardNavigation} ty=BASE_APPLICATION wanim=0x1030001
07-28 16:12:03.107  3201  3365 V WindowManager:   fl=1810100
07-28 16:12:03.107  3201  3365 V WindowManager:   pfl=10020000
07-28 16:12:03.107  3201  3365 V WindowManager:   vsysui=10 naviIconColor=0}
07-28 16:12:03.107  6785  6858 I Finsky  : [3428] plc.n(8): Invalidating cached PackageState for com.android.vending
07-28 16:12:03.108  3201  3220 D WindowManager: setSystemUiVisibility: displayId=0, vis=0x8018, fullVis=0x0, dockVis=0x0, win=Window{1753e8 u0 com.example.cardiacrecorder.test/androidx.test.core.app.InstrumentationActivityInvoker$EmptyActivity}
07-28 16:12:03.112  7038  7038 D ViewRootImpl@4257155[InstrumentationActivityInvoker$EmptyActivity]: Relayout returned: old=(0,0,720,1520) new=(0,0,720,1520) req=(720,1520)0 dur=11 res=0x7 s={true 3608258560} ch=true
07-28 16:12:03.113  7038  7072 D OpenGLRenderer: createReliableSurface : 0xd7249880, 0xd711a800
07-28 16:12:03.122  6785  6948 I Finsky  : [3455] jno.run(32): Wrote row to frosting DB: 17016
07-28 16:12:03.128  3201  3201 I MotionRecognitionService: Plugged
07-28 16:12:03.129  3201  3201 D MotionRecognitionService:   mCableConnection= 1
07-28 16:12:03.129  3201  3201 D MotionRecognitionService: set cable connected : mGripEnabled = false
07-28 16:12:03.130  3491  3491 D KeyguardUpdateMonitor: received broadcast android.intent.action.BATTERY_CHANGED
07-28 16:12:03.130  3491  3491 D KeyguardUpdateMonitor: handleBatteryUpdate
07-28 16:12:03.130  3460  3460 D BigDataInfoController: Intent : android.intent.action.BATTERY_CHANGED
07-28 16:12:03.130  3460  3460 D BigDataInfoController: Intent : android.intent.action.BATTERY_CHANGED
07-28 16:12:03.132  3491  3491 D PowerUI : priorPlugType = 2 mPlugType = 2 priorBatteryStatus = 2 mBatteryStatus = 2
07-28 16:12:03.132  3491  3491 D PowerUI.Notification: showChargingNotice oldChargingType : 1 currentChargingType : 1 oldChargingTime : 0 mChargingTime : 0
07-28 16:12:03.132  3491  3491 D PowerUI.Notification: There is no change about charging status, so return!
07-28 16:12:03.132  3491  3491 D PowerUI : Battery swelling mode - priorBatterySwellingMode = 0 mBatterySwellingMode = 0 mBatteryStatus = 2
07-28 16:12:03.136  3491  3491 D QSContainerImpl: getDisplayHeight portrait? true  displayHeight= 1520
07-28 16:12:03.149  7038  7072 D mali_winsys: EGLint new_window_surface(egl_winsys_display *, void *, EGLSurface, EGLConfig, egl_winsys_surface **, EGLBoolean) returns 0x3000
07-28 16:12:03.157  2653  2653 I hwservicemanager: getTransport: Cannot find entry android.hardware.graphics.mapper@3.0::IMapper/default in either framework or device manifest.
07-28 16:12:03.157  7038  7072 W Gralloc3: mapper 3.x is not supported
07-28 16:12:03.162  7038  7072 I gralloc : Arm Module v1.0
07-28 16:12:03.200  6785  6891 I Finsky  : [3433] ptw.h(7): Already at the latest configurations for experiment package com.google.android.finsky.regular.
07-28 16:12:03.203  6785  6888 W android.vendin: Long monitor contention with owner bgExecutor #1 (6858) at java.lang.Object java.lang.Throwable.nativeFillInStackTrace()(Throwable.java:-2) waiters=1 in int ptw.h() for 708ms
07-28 16:12:03.209  6785  6888 I Finsky  : [3432] ptw.h(1): Triggered update for experiment package com.google.android.finsky.regular.
07-28 16:12:03.215  3201  3668 D PackageManager: setEnabledSetting : userId = 0 packageName = com.android.vending cmp = com.google.android.finsky.wearsupport.WearSupportService newState = 2 callingPackage = 10090/com.android.vending
07-28 16:12:03.216  6785  6891 I Finsky  : [3433] fmr.run(41): Component class com.google.android.finsky.wearsupport.WearSupportService disabled via PackageManager.
07-28 16:12:03.217  3201  3668 D PackageManager: setEnabledSetting : userId = 0 packageName = com.android.vending cmp = com.google.android.finsky.wearsupport.WearChangeListenerService newState = 2 callingPackage = 10090/com.android.vending
07-28 16:12:03.218  6785  6891 I Finsky  : [3433] fmr.run(41): Component class com.google.android.finsky.wearsupport.WearChangeListenerService disabled via PackageManager.
07-28 16:12:03.262  3201  3365 D InputDispatcher: Focused application set to (0): 9adc0da
07-28 16:12:03.263  3201  3220 D WindowManager: setSystemUiVisibility: displayId=0, vis=0x8018, fullVis=0x0, dockVis=0x0, win=Window{df3ab4c u0 com.example.cardiacrecorder/com.example.cardiacrecorder.AddRecord}
07-28 16:12:03.272  7038  7038 D ViewRootImpl@4257155[InstrumentationActivityInvoker$EmptyActivity]: MSG_WINDOW_FOCUS_CHANGED 1 1
07-28 16:12:03.273  7038  7038 D InputMethodManager: prepareNavigationBarInfo() DecorView@c8c635e[InstrumentationActivityInvoker$EmptyActivity]
07-28 16:12:03.274  7038  7038 D InputMethodManager: getNavigationBarColor() -855310
07-28 16:12:03.277  7038  7038 D InputMethodManager: prepareNavigationBarInfo() DecorView@c8c635e[InstrumentationActivityInvoker$EmptyActivity]
07-28 16:12:03.277  2807  2856 I Layer   : id=475 removeFromCurrentState AppWindowToken{8a03b30 token=Token{fb41073 ActivityRecord{6b6b4e2 u0 com.example.cardiacrecorder.test/androidx.test.core.app.InstrumentationActivityInvoker$BootstrapActivity t18}}}#0 (56)
07-28 16:12:03.277  7038  7038 D InputMethodManager: getNavigationBarColor() -855310
07-28 16:12:03.277  7038  7038 V InputMethodManager: Starting input: tba=com.example.cardiacrecorder.test ic=null mNaviBarColor -855310 mIsGetNaviBarColorSuccess true , NavVisible : true , NavTrans : false
07-28 16:12:03.277  7038  7038 D InputMethodManager: startInputInner - Id : 0
07-28 16:12:03.277  7038  7038 I InputMethodManager: startInputInner - mService.startInputOrWindowGainedFocus
07-28 16:12:03.278  2807  2856 I SurfaceFlinger: id=475 Removed AppWindowToken{8a03b30 token=Token{fb41073 ActivityRecord{6b6b4e2 u0 com.example.cardiacrecorder.test/androidx.test.core.app.InstrumentationActivityInvoker$BootstrapActivity t18}}}#0 (56)
07-28 16:12:03.280  7038  7038 D ViewRootImpl@4257155[InstrumentationActivityInvoker$EmptyActivity]: MSG_RESIZED: frame=(0,0,720,1520) ci=(0,54,0,30) vi=(0,54,0,30) or=1
07-28 16:12:03.281  7038  7038 W ActivityThread: handleWindowVisibility: no activity for token android.os.BinderProxy@f2eb45b
07-28 16:12:03.286  2807  2807 I Layer   : id=475[1] Destroyed AppWindowToken{8a03b30 token=Token{fb41073 ActivityRecord{6b6b4e2 u0 com.example.cardiacrecorder.test/androidx.test.core.app.InstrumentationActivityInvoker$BootstrapActivity t18}}}#0
07-28 16:12:03.303  6785  6858 W Finsky  : [3428] qws.a(5): PreloadClasses: Unable to load [androidx.compose.ui.node.LayoutNode$layoutChildren$1, androidx.compose.foundation.lazy.LazyListScopeImpl$items$1, androidx.compose.foundation.lazy.LazyListScopeImpl$items$1$1, androidx.compose.foundation.gestures.TapGestureDetectorKt$awaitFirstDown$1, androidx.compose.material.DefaultButtonElevation$elevation$1$invokeSuspend$$inlined$collect$1]
07-28 16:12:03.303  7038  7038 D PhoneWindow: forceLight changed to true [] from com.android.internal.policy.PhoneWindow.updateForceLightNavigationBar:4238 com.android.internal.policy.DecorView.updateColorViews:1510 com.android.internal.policy.PhoneWindow.dispatchWindowAttributesChanged:3216 android.view.Window.setFlags:1148 com.android.internal.policy.PhoneWindow.generateLayout:2444
