07-28 16:11:56.257  3201  3665 V WindowManager: Relayout 6848: mAttrs={(0,0)(fillxfill) sim={adjust=resize forwardNavigation} ty=BASE_APPLICATION wanim=0x1030305
07-28 16:11:56.257  3201  3665 V WindowManager:   fl=81810100
07-28 16:11:56.257  3201  3665 V WindowManager:   pfl=10020000
07-28 16:11:56.257  3201  3665 V WindowManager:   vsysui=10 naviIconColor=0}
07-28 16:11:56.259  6848  6848 D ViewRootImpl@bc5f58e[Home]: Relayout returned: old=(0,0,720,1520) new=(0,0,720,1520) req=(720,1520)8 dur=6 res=0x5 s={false 0} ch=true
07-28 16:11:56.270  6848  6848 D ViewRootImpl@bc5f58e[Home]: stopped(true) old=false
07-28 16:11:56.271  3201  3400 D LocationManagerService: GnssStatusListener from uid 10078 is now foreground
07-28 16:11:56.271  6848  6848 D LifecycleMonitor: Lifecycle status change: com.example.cardiacrecorder.Home@6066609 in: STOPPED
07-28 16:11:56.272  3201  3400 D LocationManagerService: GnssStatusListener from uid 10078 is now foreground
07-28 16:11:56.272  6848  6848 V ActivityScenario: Update currentActivityStage to STOPPED, currentActivity=com.example.cardiacrecorder.Home@6066609
07-28 16:11:56.281  3201  3665 V WindowManager: Relayout Window{227133e u0 com.example.cardiacrecorder/com.example.cardiacrecorder.Home}: viewVisibility=8 req=720x1520
07-28 16:11:56.284  3201  3665 V WindowManager: Relayout 6848: mAttrs={(0,0)(fillxfill) sim={adjust=pan} ty=BASE_APPLICATION wanim=0x1030305
07-28 16:11:56.284  3201  3665 V WindowManager:   fl=81810100
07-28 16:11:56.284  3201  3665 V WindowManager:   pfl=10020000
07-28 16:11:56.284  3201  3665 V WindowManager:   vsysui=10 naviIconColor=0}
07-28 16:11:56.286  6848  6848 D ViewRootImpl@bc5f58e[Home]: Relayout returned: old=(0,0,720,1520) new=(0,0,720,1520) req=(720,1520)8 dur=6 res=0x5 s={false 0} ch=false
07-28 16:11:56.291  2807  2988 I Layer   : id=480 removeFromCurrentState com.example.cardiacrecorder/com.example.cardiacrecorder.Home$_6848#0 (54)
07-28 16:11:56.297  2807  2988 I SurfaceFlinger: id=480 Removed com.example.cardiacrecorder/com.example.cardiacrecorder.Home$_6848#0 (54)
07-28 16:11:56.313  2807  2807 I Layer   : id=480[1] Destroyed com.example.cardiacrecorder/com.example.cardiacrecorder.Home$_6848#0
07-28 16:11:56.484  6848  7034 W cardiacrecorde: Accessing hidden method Lsun/misc/Unsafe;->compareAndSwapObject(Ljava/lang/Object;JLjava/lang/Object;Ljava/lang/Object;)Z (greylist, linking, allowed)
07-28 16:11:56.488  6848  6848 I ViewInteraction: Checking 'MatchesViewAssertion{viewMatcher=(view has effective visibility <VISIBLE> and view.getGlobalVisibleRect() to return non-empty rectangle)}' assertion on view view.getId() is <2131230790/com.example.cardiacrecorder:id/add>
07-28 16:11:56.492  6848  7034 W cardiacrecorde: Accessing hidden method Lsun/misc/Unsafe;->compareAndSwapObject(Ljava/lang/Object;JLjava/lang/Object;Ljava/lang/Object;)Z (greylist, linking, allowed)
07-28 16:11:56.496  6848  6848 I ViewInteraction: Performing 'type text(120)' action on view view.getId() is <2131230795/com.example.cardiacrecorder:id/addSystolic>
07-28 16:11:56.508  3201  3665 D InputDispatcher: Inject motion (6848): action=0x0, time=4701284000000, f=0x0, d=0
07-28 16:11:56.508  3201  3359 D InputDispatcher: pointer touchable region used!
07-28 16:11:56.509  3201  3359 I InputDispatcher: Delivering touch to (3491): action: 0x4, f=0x0, d=0, '2958e4d', t=0
07-28 16:11:56.509  3201  3359 I InputDispatcher: Delivering touch to (3491): action: 0x4, f=0x0, d=0, '2f97158', t=0
07-28 16:11:56.509  3201  3359 I InputDispatcher: Delivering touch to (6848): action: 0x0, f=0x0, d=0, 'df3ab4c', t=0
07-28 16:11:56.509  3846  3846 D TouchInteractionService: onInputEvent, ACTION_DOWN - false, false, false, false, false, false, false, false, false
07-28 16:11:56.509  3846  3846 D TouchInteractionService: onInputEvent, inputConsumer = com.android.quickstep.inputconsumers.-$$Lambda$InputConsumer$K4h0u6o8zIxNiamFO260G9Omc7Q@4b9fb44
07-28 16:11:56.509  6848  6848 D ViewRootImpl@32305ed[AddRecord]: ViewPostIme pointer 0
07-28 16:11:56.521  3491  3844 D NetworkController.MobileSignalController(0/1): onDataActivity: direction=0
07-28 16:11:56.522  3491  3491 D SecStatusBarMobileView: updateState: MobileIconState(subId=1, strengthId=2131232574, roaming=false, typeId=2131232416, roamingId=0, activityId=2131232623, slotId=0, visible=true)
07-28 16:11:56.550  3201  4828 D InputDispatcher: Inject motion (6848): action=0x1, time=4701326000000, f=0x0, d=0
07-28 16:11:56.550  3201  3359 I InputDispatcher: Delivering touch to (6848): action: 0x1, f=0x0, d=0, 'df3ab4c', t=1
07-28 16:11:56.551  3846  3846 D TouchInteractionService: onInputEvent, ACTION_UP
07-28 16:11:56.551  6848  6848 D ViewRootImpl@32305ed[AddRecord]: ViewPostIme pointer 1
07-28 16:11:56.608  6848  6848 D InputMethodManager: prepareNavigationBarInfo() DecorView@3b1affa[AddRecord]
07-28 16:11:56.608  6848  6848 D InputMethodManager: getNavigationBarColor() -855310
07-28 16:11:56.608  6848  6848 V InputMethodManager: Starting input: tba=com.example.cardiacrecorder ic=androidx.emoji2.viewsintegration.EmojiInputConnection@1492e73 mNaviBarColor -855310 mIsGetNaviBarColorSuccess true , NavVisible : true , NavTrans : false
07-28 16:11:56.608  6848  6848 D InputMethodManager: startInputInner - Id : 0
07-28 16:11:56.608  6848  6848 I InputMethodManager: startInputInner - mService.startInputOrWindowGainedFocus
07-28 16:11:56.610  3201  3665 D InputMethodManagerService: mDesktopModeManager null!
07-28 16:11:56.610  3201  3665 V InputMethodManagerService: getDisplayIdOfInputMethodWindowToBeAdded : 0
07-28 16:11:56.611  3201  3665 D InputMethodManagerService: checkDisplayOfStartInputAndUpdateKeyboard display Id 0last 0
07-28 16:11:56.611  3201  3665 D InputTransport: Input channel constructed: 'ClientS', fd=417
07-28 16:11:56.611  3201  3665 D InputTransport: Input channel destroyed: 'ClientS', fd=417
07-28 16:11:56.611  6848  6848 D InputTransport: Input channel destroyed: 'ClientS', fd=84
07-28 16:11:56.612  6812  6812 D InputMethodService: checkDisplayOfStartInputAndUpdateKeyboard display Id 0last 0
07-28 16:11:56.612  6848  6848 D InputMethodManager: SSI - flag : 0 Pid : 6848 view : com.example.cardiacrecorder
07-28 16:11:56.612  6848  6848 D InputMethodManager: prepareNavigationBarInfo() DecorView@3b1affa[AddRecord]
07-28 16:11:56.612  6848  6848 D InputMethodManager: getNavigationBarColor() -855310
07-28 16:11:56.613  6812  6812 D InputMethodService: update NavBar color
07-28 16:11:56.615  3201  3665 V InputMethodManagerService: Client requesting input be shown, flags : 0
07-28 16:11:56.616  6812  6812 V InputMethodService: showSoftInput(), flags : 1
07-28 16:11:56.622  6848  6848 D Editor  : waiting for the right moment
07-28 16:11:56.624  3201  4828 D InputMethodManagerService: isAccessoryKeyboard 0
07-28 16:11:56.626  3201  4828 D InputMethodManagerService: isAccessoryKeyboard 0
07-28 16:11:56.626  6812  6812 D InputMethodService: mDesktopModeManager null!
07-28 16:11:56.629  3201  4828 D InputMethodManagerService: isAccessoryKeyboard 0
07-28 16:11:56.632  2941  2941 I netd    : firewallSetUidRule(2, 10215, 1) <9.49ms>
07-28 16:11:56.633  3201  4828 D InputMethodManagerService: isAccessoryKeyboard 0
07-28 16:11:56.646  6848  6848 I AssistStructure: Flattened final assist data: 3476 bytes, containing 1 windows, 21 views
07-28 16:11:56.821  6812  6825 W ridmik.keyboar: Reducing the number of considered missed Gc histogram windows from 465 to 100
07-28 16:11:56.845  4098  4098 I GmsCoreXrpcWrapper: Returning a channel provider with trafficStatsTag=18692 trafficStatsUid=-1
07-28 16:11:56.873  6812  6819 I ridmik.keyboar: Method exceeds compiler instruction limit: 20632 in z7.a[] a8.n.a()
07-28 16:11:56.875  6812  6819 I ridmik.keyboar: Method exceeds compiler instruction limit: 37504 in z7.a[] a8.o.a()
07-28 16:11:56.902  6848  6848 D UiControllerImpl: Injecting string: "120"
07-28 16:11:56.905  3201  3665 D InputDispatcher: Inject key (6848): action=0, f=0x8, time=4701680000000
07-28 16:11:56.906  3201  3359 I InputDispatcher: Delivering key to (6848): action: 0x0 (0), f=0x8, m=0x0, d=0, 'df3ab4c'
07-28 16:11:56.962  2783 30678 I display : [PrimaryDisplay] [DYNAMIC_RECOMP] HWC_2_GLES by low FPS(3)
07-28 16:11:56.963  3201  4829 D InputMethodManagerService: isAccessoryKeyboard 0
07-28 16:11:56.964  3201  4829 D InputMethodManagerService: isAccessoryKeyboard 0
07-28 16:11:56.971  3201  3400 D LocationManagerService: GnssStatusListener from uid 10078 is now foreground
07-28 16:11:56.971  3201  3400 D LocationManagerService: GnssStatusListener from uid 10078 is now foreground
07-28 16:11:57.015  4098  4098 W qja     : Pending fill request while another request in the same session was triggered. [CONTEXT service_id=177 ]
07-28 16:11:57.022  6812  7048 I LatinIME:LogUtils: Dictionary info: dictionary = UserHistoryDictionary. ; version = 1659003117 ; date = ?
07-28 16:11:57.025  6812  7048 I LatinIME:LogUtils: Dictionary info: dictionary = userunigram. ; version = 1659003117 ; date = ?
07-28 16:11:57.029  6812  6812 D ScrollView: initGoToTop
07-28 16:11:57.062  6812  7048 I LatinIME:LogUtils: Dictionary info: dictionary = userunigram.en ; version = 1659003117 ; date = ?
07-28 16:11:57.081  2783  2783 I display : [PrimaryDisplay] [DYNAMIC_RECOMP] first frame after HWC_2_GLES
07-28 16:11:57.081  2783  2783 I display : [PrimaryDisplay] [DYNAMIC_RECOMP] GLES_2_HWC by high FPS(5)
07-28 16:11:57.089  6812  7048 I LatinIME:LogUtils: Dictionary info: dictionary = main:en ; version = 54 ; date = 1351495318
07-28 16:11:57.090  6812  7048 I LatinIME:LogUtils: Dictionary info: dictionary = emoji:en ; version = 24 ; date = 1350485097
07-28 16:11:57.134  6785  6804 I android.vendin: Waiting for a blocking GC ProfileSaver
07-28 16:11:57.147  3201  4829 D SamsungIMMSHWKeyboard: isConnectedDexOnPC false
07-28 16:11:57.147  3201  4829 D InputMethodManagerService: isImeSwitcherDisabledPackage : false
07-28 16:11:57.147  3201  4829 D InputMethodManagerService: shouldShowImeSwitcherLocked : checking vis : 3
07-28 16:11:57.151  3491  3491 V NavBarStoreImpl: handleEvent [EventType] GET_BOOL_SHOW_KEYBOARD_BUTTON [Module] SecNavigationBarView  KEYS_PORTRAIT=true
07-28 16:11:57.151  3491  3491 V NavBarStoreImpl: --[Band]GESTURE_PACK_SHOW_KEYBOARD_BUTTON
07-28 16:11:57.152  3491  3491 V NavBarStoreImpl: ----isEnabled(NAVBAR_GESTURAL_MODE)=true
07-28 16:11:57.152  3491  3491 V NavBarStoreImpl: ----isEnabled(SHOW_KEYBOARD_BUTTON)=true
07-28 16:11:57.152  3491  3491 V NavBarStoreImpl: ----setResult(GET_BOOL_SHOW_KEYBOARD_BUTTON)
07-28 16:11:57.152  3491  3491 V NavBarStoreImpl: getResult(GET_BOOL_SHOW_KEYBOARD_BUTTON)=true
07-28 16:11:57.154  3201  4829 D ApplicationPolicy: isStatusBarNotificationAllowedAsUser: packageName = android,userId = 0
07-28 16:11:57.154  3201  4829 D API test: getContainerInfo: value is
07-28 16:11:57.154  3201  4829 D ApplicationPolicy: isStatusBarNotificationAllowedAsUser: packageName = android,userId = -1
07-28 16:11:57.154  3201  4829 D API test: getContainerInfo: value is
07-28 16:11:57.154  3201  4829 D ApplicationPolicy: isStatusBarNotificationAllowedAsUser: converting userId from USER_ALLto 0
07-28 16:11:57.154  3201  4829 D API test: getContainerInfo: value is
07-28 16:11:57.158  6812  6812 D InputMethodService: AxT9IME.sendInputViewShownState(): true
07-28 16:11:57.158  6812  6812 D InputMethodService: AxT9IME.IS_VISIBLE_CANDIDATE(): 4
07-28 16:11:57.160  6812  6812 V InputMethodService: showWindow: showing!
07-28 16:11:57.162  6812  7109 I FA      : Tag Manager is not found and thus will not be used
07-28 16:11:57.162  6785  6804 I android.vendin: WaitForGcToComplete blocked ProfileSaver on AddRemoveAppImageSpace for 28.317ms
07-28 16:11:57.164  6812  6812 D PhoneWindow: forceLight changed to false [InputMethod] from com.android.internal.policy.PhoneWindow.updateForceLightNavigationBar:4244 com.android.internal.policy.PhoneWindow.setNavigationBarColor:4066 com.android.inputmethod.latin.t.Y0:16 com.android.inputmethod.latin.t.onWindowShown:2 android.inputmethodservice.InputMethodService.showWindow:2766
07-28 16:11:57.164 32238 32238 D BoundBrokerSvc: onBind: Intent { act=com.google.android.mdd.service.START dat=chimera-action:com.google.android.mdd.service.START cmp=com.google.android.gms/.chimera.GmsBoundBrokerService }
07-28 16:11:57.164 32238 32238 D BoundBrokerSvc: Loading bound service for intent: Intent { act=com.google.android.mdd.service.START dat=chimera-action:com.google.android.mdd.service.START cmp=com.google.android.gms/.chimera.GmsBoundBrokerService }
07-28 16:11:57.187  3491  3491 V NavBarStoreImpl: handleEvent [EventType] ON_SET_GESTURE_HINT_VISIBILITY [Module] SecNavigationBarView  KEYS_RECENT_ENABLED=true  KEYS_BACK_ENABLED=true  KEYS_HOME_ENABLED=true
07-28 16:11:57.188  3491  3491 V NavBarStoreImpl: --[Band]GESTURE_PACK_SET_HINT_VISIBILITY
07-28 16:11:57.188  3491  3491 V NavBarStoreImpl: ----isEnabled(GESTURE_HINT)=true
07-28 16:11:57.189  3491  3491 V NavBarStoreImpl: ----isEnabled(SPAY_HANDLER_SHOWING)=false
07-28 16:11:57.189  3491  3491 V NavBarStoreImpl: ----apply(UPDATE_GESTURE_HINT_VISIBILITY)
07-28 16:11:57.189  3491  3491 V NavBarStoreImpl: handleEvent [EventType] GET_BOOL_SHOW_KEYBOARD_BUTTON [Module] SecNavigationBarView  KEYS_PORTRAIT=true
07-28 16:11:57.190  3491  3491 V NavBarStoreImpl: --[Band]GESTURE_PACK_SHOW_KEYBOARD_BUTTON
07-28 16:11:57.190  3491  3491 V NavBarStoreImpl: ----isEnabled(NAVBAR_GESTURAL_MODE)=true
07-28 16:11:57.190  3491  3491 V NavBarStoreImpl: ----isEnabled(SHOW_KEYBOARD_BUTTON)=true
07-28 16:11:57.190  3491  3491 V NavBarStoreImpl: ----setResult(GET_BOOL_SHOW_KEYBOARD_BUTTON)
07-28 16:11:57.190  3491  3491 V NavBarStoreImpl: getResult(GET_BOOL_SHOW_KEYBOARD_BUTTON)=true
07-28 16:11:57.191  3491  3491 V NavBarStoreImpl: handleEvent [EventType] ON_NAVBAR_ICON_HINT_CHANGED [Module] NavigationBarFragment  KEYS_NAVBAR_ICON_HINT=1
07-28 16:11:57.191  3491  3491 V NavBarStoreImpl: --[Band]SETUPWIZARD_PACK_SET_NAVBAR_ICON_HINT
07-28 16:11:57.194  3491  3491 V NavBarStoreImpl: ----apply(UPDATE_NAVBAR_SUW_ICON_HINT)
07-28 16:11:57.195  3201  4829 D InputTransport: Input channel constructed: '58d69c8', fd=417
07-28 16:11:57.195  3201  4829 D InputTransport: Input channel constructed: '58d69c8', fd=566
07-28 16:11:57.197  2807  2988 I SurfaceFlinger: createSurf start. lock debugging [58d69c8 InputMethod]
07-28 16:11:57.197  2807  2988 I SurfaceFlinger: id=485 createSurf (0x0),-1 flag=80004, 58d69c8 InputMethod#0
07-28 16:11:57.201  3201  4829 D InputTransport: Input channel destroyed: '58d69c8', fd=566
07-28 16:11:57.202  6812  6812 D ViewRootImpl@1e29fc4[InputMethod]: setView = com.android.internal.policy.DecorView@318c648 TM=true MM=false
07-28 16:11:57.214  3201  4829 D SamsungIMMSHWKeyboard: isConnectedDexOnPC false
07-28 16:11:57.214  3201  4829 D InputMethodManagerService: isImeSwitcherDisabledPackage : false
07-28 16:11:57.216  3201  4829 D InputMethodManagerService: shouldShowImeSwitcherLocked : checking vis : 3
07-28 16:11:57.219  3201  4829 D ApplicationPolicy: isStatusBarNotificationAllowedAsUser: packageName = android,userId = 0
07-28 16:11:57.219  3201  4829 D API test: getContainerInfo: value is
07-28 16:11:57.220  3201  4829 D ApplicationPolicy: isStatusBarNotificationAllowedAsUser: packageName = android,userId = -1
07-28 16:11:57.220  3201  4829 D API test: getContainerInfo: value is
07-28 16:11:57.220  3201  4829 D ApplicationPolicy: isStatusBarNotificationAllowedAsUser: converting userId from USER_ALLto 0
07-28 16:11:57.220  3201  4829 D API test: getContainerInfo: value is
07-28 16:11:57.225  6848  6848 D ViewRootImpl@32305ed[AddRecord]: The input has been finished in ImeInputStage.
07-28 16:11:57.227  6848  6848 D ViewRootImpl@32305ed[AddRecord]: ViewPostIme key 0
07-28 16:11:57.236  3201  3400 D LocationManagerService: GnssStatusListener from uid 10078 is now foreground
07-28 16:11:57.236  3201  3400 D LocationManagerService: GnssStatusListener from uid 10078 is now foreground
07-28 16:11:57.249  6848  6848 D ViewRootImpl@32305ed[AddRecord]: ViewPostIme key 1
07-28 16:11:57.259 32238 32238 D BoundBrokerSvc: onBind: Intent { act=com.google.android.gms.measurement.START pkg=com.google.android.gms }
07-28 16:11:57.259 32238 32238 D BoundBrokerSvc: Loading bound service for intent: Intent { act=com.google.android.gms.measurement.START pkg=com.google.android.gms }
07-28 16:11:57.263  3846  3846 D Launcher.NotificationListener: onNotificationPosted : android number : 0 listener : null
07-28 16:11:57.265  3201  4829 D InputDispatcher: Inject key (6848): action=1, f=0x8, time=4702038000000
07-28 16:11:57.266  3201  3359 I InputDispatcher: Delivering key to (6848): action: 0x1 (0), f=0x8, m=0x0, d=0, 'df3ab4c'
07-28 16:11:57.267  6812  6812 V InputMethodManager: Not IME target window, ignoring
07-28 16:11:57.286  3201  4828 V WindowManager: Relayout Window{58d69c8 u0 InputMethod}: viewVisibility=0 req=720x1520
07-28 16:11:57.289  2807  2985 I SurfaceFlinger: createSurf start. lock debugging [InputMethod$_6812]
07-28 16:11:57.289  2807  2985 I SurfaceFlinger: id=486 createSurf (720x1466),1 flag=4, InputMethod$_6812#0
07-28 16:11:57.293  3201  4828 V WindowManager: Relayout 6812: mAttrs={(0,0)(fillxfill) gr=BOTTOM CENTER_VERTICAL sim={adjust=resize forwardNavigation} ty=INPUT_METHOD fmt=TRANSPARENT wanim=0x1030056
07-28 16:11:57.293  3201  4828 V WindowManager:   fl=81800108
07-28 16:11:57.293  3201  4828 V WindowManager:   vsysui=2000 naviIconColor=0}
07-28 16:11:57.294  6812  6812 D ViewRootImpl@1e29fc4[InputMethod]: Relayout returned: old=(0,0,720,1520) new=(0,54,720,1520) req=(720,1520)0 dur=9 res=0x7 s={true 3117568000} ch=true
07-28 16:11:57.298  6812  7110 D OpenGLRenderer: createReliableSurface : 0xe66255c0, 0xb9d25000
07-28 16:11:57.305  6812  6812 D ScrollView:  onsize change changed
07-28 16:11:57.306  3201  3665 D InputMethodManagerService: isAccessoryKeyboard 0
07-28 16:11:57.309  3201  3220 D WindowManager: setSystemUiVisibility: displayId=0, vis=0x8008, fullVis=0x0, dockVis=0x0, win=Window{df3ab4c u0 com.example.cardiacrecorder/com.example.cardiacrecorder.AddRecord}
07-28 16:11:57.315  6848  6848 D ViewRootImpl@32305ed[AddRecord]: MSG_RESIZED: frame=(0,0,720,1520) ci=(0,54,0,664) vi=(0,54,0,664) or=1
07-28 16:11:57.315  3491  3491 D LightBarController: onNavigationVisibilityChanged : vis = 8008, nbModeChanged = false navigationBarMode = 4, navbarColorManagedByIme = true
07-28 16:11:57.316  3201  4828 D WindowManager: adjustSystemUiVisibilityLw: displayId=0, vis=0x8008, resetVis=0x0, clearVis=0x0
07-28 16:11:57.316  3201  4828 D InputManager-JNI: setSystemUiVisibility dexmode: false changed: true displayid: 0 visibility: 0x8008 DD: 0x8008 OD: 0x0
07-28 16:11:57.332  3846  3846 D Launcher.NotificationListener: onNotificationPosted : android number : 0 listener : null
07-28 16:11:57.335  6812  7110 D mali_winsys: EGLint new_window_surface(egl_winsys_display *, void *, EGLSurface, EGLConfig, egl_winsys_surface **, EGLBoolean) returns 0x3000
07-28 16:11:57.335  6812  6812 E DecorView: mWindow.mActivityCurrentConfig is null
07-28 16:11:57.364  2653  2653 I hwservicemanager: getTransport: Cannot find entry android.hardware.graphics.mapper@3.0::IMapper/default in either framework or device manifest.
07-28 16:11:57.364  6812  7110 W Gralloc3: mapper 3.x is not supported
07-28 16:11:57.368  3201  3665 V WindowManager: Relayout Window{df3ab4c u0 com.example.cardiacrecorder/com.example.cardiacrecorder.AddRecord}: viewVisibility=0 req=720x1520
07-28 16:11:57.370  6812  7110 I gralloc : Arm Module v1.0
07-28 16:11:57.374  3201  3665 V WindowManager: Relayout 6848: mAttrs={(0,0)(fillxfill) sim={adjust=resize forwardNavigation} ty=BASE_APPLICATION wanim=0x1030305
07-28 16:11:57.374  3201  3665 V WindowManager:   fl=81810100
07-28 16:11:57.374  3201  3665 V WindowManager:   pfl=10020000
07-28 16:11:57.374  3201  3665 V WindowManager:   vsysui=10 naviIconColor=0}
07-28 16:11:57.378  6848  6848 D ViewRootImpl@32305ed[AddRecord]: Relayout returned: old=(0,0,720,1520) new=(0,0,720,1520) req=(720,1520)0 dur=9 res=0x1 s={true 3187804160} ch=false
07-28 16:11:57.381  3491  3844 D NetworkController.MobileSignalController(0/1): onSignalStrengthsChanged signalStrength=SignalStrength:{mCdma=Invalid,mGsm=Invalid,mWcdma=Invalid,mTdscdma=Invalid,mLte=CellSignalStrengthLte: rssi=-81 rsrp=-81 rsrq=-9 rssnr=140 cqi=10 ta=2147483647 level=4,mNr=Invalid,SignalBarInfo{ lteLevel=4 },P,rat=14,primary=CellSignalStrengthLte} level=4
07-28 16:11:57.385  3491  3844 D NetworkController.MobileSignalController(0/1): getMobileIconGroup(): 13
07-28 16:11:57.406  6848  6848 D ScrollView:  onsize change changed
07-28 16:11:57.482  6812  6812 D InputMethodService: onKeyUp not B key
07-28 16:11:57.483  6848  6848 D ViewRootImpl@32305ed[AddRecord]: ViewPostIme key 1
07-28 16:11:57.488  3201  4829 D InputDispatcher: Inject key (6848): action=0, f=0x8, time=4702263000000
07-28 16:11:57.489  3201  3359 I InputDispatcher: Delivering key to (6848): action: 0x0 (0), f=0x8, m=0x0, d=0, 'df3ab4c'
07-28 16:11:57.491  2807  2985 I SurfaceFlinger: createSurf start. lock debugging [Surface(name=58d69c8 InputMethod)/@0x4fc776a - animation-leash]
07-28 16:11:57.491  2807  2985 I SurfaceFlinger: id=487 createSurf (0x0),-1 flag=80004, Surface(name=58d69c8 InputMethod)/@0x4fc776a - animation-leash#0
07-28 16:11:57.493  6848  6848 D ViewRootImpl@32305ed[AddRecord]: The input has been finished in ImeInputStage.
07-28 16:11:57.494  3201  4829 D InputMethodManagerService: isAccessoryKeyboard 0
07-28 16:11:57.496  6848  6848 D ViewRootImpl@32305ed[AddRecord]: ViewPostIme key 0
07-28 16:11:57.501  6812  6812 D ViewRootImpl@1e29fc4[InputMethod]: MSG_RESIZED_REPORT: frame=(0,54,720,1520) ci=(0,0,0,96) vi=(0,0,0,96) or=1
07-28 16:11:57.511  6848  6848 D ViewRootImpl@32305ed[AddRecord]: ViewPostIme key 1
07-28 16:11:57.514  2807  2985 I Layer   : id=487 removeFromCurrentState Surface(name=58d69c8 InputMethod)/@0x4fc776a - animation-leash#0 (56)
07-28 16:11:57.514  3201  4829 D InputMethodManagerService: isAccessoryKeyboard 0
07-28 16:11:57.516  2807  2985 I SurfaceFlinger: id=487 Removed Surface(name=58d69c8 InputMethod)/@0x4fc776a - animation-leash#0 (56)
07-28 16:11:57.522  2807  2807 I SurfaceFlinger: Display 0 HWC layers:
07-28 16:11:57.522  2807  2807 I SurfaceFlinger:     type    |    handle    | flag |  format   |   source crop (l,t,r,b)    |         frame       | name
07-28 16:11:57.522  2807  2807 I SurfaceFlinger: ------------+--------------+------+-----------+----------------------------+---------------------+------
07-28 16:11:57.522  2807  2807 I SurfaceFlinger:      DEVICE | 0xf2732080 | 0002 | RGBA_8888 |   0.0    0.0  720.0 1520.0 |    0    0  720 1520 | com.example.cardiacrecorder/com.example.cardiacrecorder.AddRecord$_6848#0
07-28 16:11:57.522  2807  2807 I SurfaceFlinger:      CLIENT | 0xf2732300 | 0000 | RGBA_8888 |   0.0    0.0  720.0 1466.0 |    0   54  720 1520 | InputMethod$_6812#0
07-28 16:11:57.522  2807  2807 I SurfaceFlinger:      CLIENT | 0xf2730140 | 0000 | RGBA_8888 |   0.0    0.0  720.0   54.0 |    0    0  720   54 | StatusBar$_3491#0
07-28 16:11:57.522  2807  2807 I SurfaceFlinger:      CLIENT | 0xf2732940 | 0000 | RGBA_8888 |   0.0    0.0  720.0   64.0 |    0 1456  720 1520 | GestureInterceptOverlay$_3491#0
07-28 16:11:57.522  2807  2807 I SurfaceFlinger:      CLIENT | 0xf2730280 | 0000 | RGBA_8888 |   0.0    0.0  720.0   96.0 |    0 1424  720 1520 | NavigationBar0$_3491#0
07-28 16:11:57.522  2807  2807 I SurfaceFlinger:      DEVICE | 0xf2731400 | 0000 | RGBA_8888 |   0.0    0.0  720.0 1520.0 |    0    0  720 1520 | $_3491#0
07-28 16:11:57.522  2807  2807 I SurfaceFlinger:
07-28 16:11:57.531  2807  2807 I Layer   : id=487[1] Destroyed Surface(name=58d69c8 InputMethod)/@0x4fc776a - animation-leash#0
07-28 16:11:57.546 32238 32238 D BoundBrokerSvc: onBind: Intent { act=com.google.android.gms.chromesync.service.zeroparty.START dat=chimera-action:com.google.android.gms.chromesync.service.zeroparty.START cmp=com.google.android.gms/.chimera.GmsApiService }
07-28 16:11:57.546 32238 32238 D BoundBrokerSvc: Loading bound service for intent: Intent { act=com.google.android.gms.chromesync.service.zeroparty.START dat=chimera-action:com.google.android.gms.chromesync.service.zeroparty.START cmp=com.google.android.gms/.chimera.GmsApiService }
07-28 16:11:57.582 32238 32238 D BoundBrokerSvc: onBind: Intent { act=com.google.android.gms.wallet.service.BIND pkg=com.google.android.gms }
07-28 16:11:57.582 32238 32238 D BoundBrokerSvc: Loading bound service for intent: Intent { act=com.google.android.gms.wallet.service.BIND pkg=com.google.android.gms }
07-28 16:11:57.637  3201  3218 I AssistStructure: Flattened final assist data: 2812 bytes, containing 1 windows, 21 views
07-28 16:11:57.642  4098  4098 D BoundBrokerSvc: onBind: Intent { act=com.google.android.gms.location.places.GeoDataApi dat=chimera-action:com.google.android.gms.location.places.GeoDataApi cmp=com.google.android.gms/.chimera.PersistentBoundBrokerService }
07-28 16:11:57.642  4098  4098 D BoundBrokerSvc: Loading bound service for intent: Intent { act=com.google.android.gms.location.places.GeoDataApi dat=chimera-action:com.google.android.gms.location.places.GeoDataApi cmp=com.google.android.gms/.chimera.PersistentBoundBrokerService }
07-28 16:11:57.643  4098 11381 W qbj     : Infinite Data has no result for com.example.cardiacrecorder [CONTEXT service_id=177 ]
07-28 16:11:57.662  4098 15836 W qbj     : Infinite Data has no result for com.example.cardiacrecorder [CONTEXT service_id=177 ]
07-28 16:11:57.721 32238 32238 D BoundBrokerSvc: onBind: Intent { act=com.google.android.gms.auth.api.phone.service.SmsRetrieverApiService.START dat=chimera-action:com.google.android.gms.auth.api.phone.service.SmsRetrieverApiService.START cmp=com.google.android.gms/.chimera.GmsApiService }
07-28 16:11:57.721 32238 32238 D BoundBrokerSvc: Loading bound service for intent: Intent { act=com.google.android.gms.auth.api.phone.service.SmsRetrieverApiService.START dat=chimera-action:com.google.android.gms.auth.api.phone.service.SmsRetrieverApiService.START cmp=com.google.android.gms/.chimera.GmsApiService }
07-28 16:11:57.805  3201  4829 D InputDispatcher: Inject key (6848): action=1, f=0x8, time=4702580000000
07-28 16:11:57.806  3201  3359 I InputDispatcher: Delivering key to (6848): action: 0x1 (0), f=0x8, m=0x0, d=0, 'df3ab4c'
07-28 16:11:57.807  6812  6812 D InputMethodService: onKeyUp not B key
07-28 16:11:57.807  6848  6848 D ViewRootImpl@32305ed[AddRecord]: ViewPostIme key 1
07-28 16:11:57.810  3201  4829 D InputDispatcher: Inject key (6848): action=0, f=0x8, time=4702586000000
07-28 16:11:57.811  3201  3359 I InputDispatcher: Delivering key to (6848): action: 0x0 (0), f=0x8, m=0x0, d=0, 'df3ab4c'
07-28 16:11:57.812  6848  6848 D ViewRootImpl@32305ed[AddRecord]: The input has been finished in ImeInputStage.
07-28 16:11:57.815  6848  6848 D ViewRootImpl@32305ed[AddRecord]: ViewPostIme key 0
07-28 16:11:57.824  6848  6848 D ViewRootImpl@32305ed[AddRecord]: ViewPostIme key 1
07-28 16:11:57.844  3201  4829 D InputDispatcher: Inject key (6848): action=1, f=0x8, time=4702619000000
07-28 16:11:57.844  3201  3359 I InputDispatcher: Delivering key to (6848): action: 0x1 (0), f=0x8, m=0x0, d=0, 'df3ab4c'
07-28 16:11:57.845  6812  6812 D InputMethodService: onKeyUp not B key
07-28 16:11:57.845  6848  6848 D ViewRootImpl@32305ed[AddRecord]: ViewPostIme key 1
07-28 16:11:57.849  6848  7034 W cardiacrecorde: Accessing hidden method Lsun/misc/Unsafe;->compareAndSwapObject(Ljava/lang/Object;JLjava/lang/Object;Ljava/lang/Object;)Z (greylist, linking, allowed)
07-28 16:11:57.854  6848  6848 I ViewInteraction: Performing 'replace text()' action on view view.getId() is <2131230795/com.example.cardiacrecorder:id/addSystolic>
07-28 16:11:57.865  6848  6848 D InputMethodManager: prepareNavigationBarInfo() DecorView@3b1affa[AddRecord]
07-28 16:11:57.865  6848  6848 D InputMethodManager: getNavigationBarColor() -855310
07-28 16:11:57.865  6848  6848 V InputMethodManager: Starting input: tba=com.example.cardiacrecorder ic=androidx.emoji2.viewsintegration.EmojiInputConnection@6f0388c mNaviBarColor -855310 mIsGetNaviBarColorSuccess true , NavVisible : true , NavTrans : false
07-28 16:11:57.865  6848  6848 D InputMethodManager: startInputInner - Id : 0
07-28 16:11:57.866  6848  6848 I InputMethodManager: startInputInner - mService.startInputOrWindowGainedFocus
07-28 16:11:57.869  3201  5631 D InputMethodManagerService: mDesktopModeManager null!
07-28 16:11:57.869  3201  5631 V InputMethodManagerService: getDisplayIdOfInputMethodWindowToBeAdded : 0
07-28 16:11:57.869  3201  5631 D InputMethodManagerService: checkDisplayOfStartInputAndUpdateKeyboard display Id 0last 0
07-28 16:11:57.870  3201  5631 V InputMethodManagerService: Attach new input asks to show input
07-28 16:11:57.871  3201  5631 D InputTransport: Input channel constructed: 'ClientS', fd=566
07-28 16:11:57.871  3201  5631 D InputTransport: Input channel destroyed: 'ClientS', fd=566
07-28 16:11:57.871  6812  6812 D InputMethodService: checkDisplayOfStartInputAndUpdateKeyboard display Id 0last 0
07-28 16:11:57.871  6848  6848 D InputTransport: Input channel destroyed: 'ClientS', fd=74
07-28 16:11:57.878  6848  7034 W cardiacrecorde: Accessing hidden method Lsun/misc/Unsafe;->compareAndSwapObject(Ljava/lang/Object;JLjava/lang/Object;Ljava/lang/Object;)Z (greylist, linking, allowed)
07-28 16:11:57.878  6848  7094 W cardiacrecorde: Accessing hidden method Lsun/misc/Unsafe;->compareAndSwapObject(Ljava/lang/Object;JLjava/lang/Object;Ljava/lang/Object;)Z (greylist, linking, allowed)
07-28 16:11:57.880  3201  3665 D InputMethodManagerService: isAccessoryKeyboard 0
07-28 16:11:57.881  3201  3665 D InputMethodManagerService: isAccessoryKeyboard 0
07-28 16:11:57.894  6848  6848 I ViewInteraction: Performing 'type text(130)' action on view view.getId() is <2131230795/com.example.cardiacrecorder:id/addSystolic>
07-28 16:11:57.902  3201  3665 D InputDispatcher: Inject motion (6848): action=0x0, time=4702678000000, f=0x0, d=0
07-28 16:11:57.902  3201  3359 D InputDispatcher: pointer touchable region used!
07-28 16:11:57.902  3201  3359 I InputDispatcher: Delivering touch to (3491): action: 0x4, f=0x0, d=0, '2958e4d', t=0
07-28 16:11:57.902  3201  3359 I InputDispatcher: Delivering touch to (3491): action: 0x4, f=0x0, d=0, '2f97158', t=0
07-28 16:11:57.902  3201  3359 I InputDispatcher: Delivering touch to (6848): action: 0x0, f=0x0, d=0, 'df3ab4c', t=0
07-28 16:11:57.903  3846  3846 D TouchInteractionService: onInputEvent, ACTION_DOWN - false, false, false, false, false, false, false, false, false
07-28 16:11:57.903  3846  3846 D TouchInteractionService: onInputEvent, inputConsumer = com.android.quickstep.inputconsumers.-$$Lambda$InputConsumer$K4h0u6o8zIxNiamFO260G9Omc7Q@4b9fb44
07-28 16:11:57.904  6848  6848 D ViewRootImpl@32305ed[AddRecord]: ViewPostIme pointer 0
07-28 16:11:57.926  3201  3665 D InputMethodManagerService: isAccessoryKeyboard 0
07-28 16:11:57.927  6812  6812 V InputMethodService: showSoftInput(), flags : 1
07-28 16:11:57.927  3201  3665 D InputMethodManagerService: isAccessoryKeyboard 0
07-28 16:11:57.928  3201  3665 D InputMethodManagerService: isAccessoryKeyboard 0
07-28 16:11:57.928  6812  6812 D InputMethodService: mDesktopModeManager null!
07-28 16:11:57.928  6812  6812 D InputMethodService: sendInputViewShownStateSSRM(): true
07-28 16:11:57.929  3201  3665 D InputMethodManagerService: isAccessoryKeyboard 0
07-28 16:11:57.929  3201  3665 D InputMethodManagerService: isAccessoryKeyboard 0
07-28 16:11:57.929  6812  6812 D InputMethodService: SWI - SIR true, mIVS : true
07-28 16:11:57.930  6812  6812 D InputMethodService: AxT9IME.sendInputViewShownState(): true
07-28 16:11:57.930  6812  6812 D InputMethodService: AxT9IME.IS_VISIBLE_CANDIDATE(): 4
07-28 16:11:57.931  3201  3665 D SamsungIMMSHWKeyboard: isConnectedDexOnPC false
07-28 16:11:57.931  3201  3665 D InputMethodManagerService: isImeSwitcherDisabledPackage : false
07-28 16:11:57.931  3201  3665 D InputMethodManagerService: shouldShowImeSwitcherLocked : checking vis : 3
07-28 16:11:57.934  3201  3665 D ApplicationPolicy: isStatusBarNotificationAllowedAsUser: packageName = android,userId = 0
07-28 16:11:57.934  3201  3665 D API test: getContainerInfo: value is
07-28 16:11:57.934  3201  3665 D ApplicationPolicy: isStatusBarNotificationAllowedAsUser: packageName = android,userId = -1
07-28 16:11:57.934  3201  3665 D API test: getContainerInfo: value is
07-28 16:11:57.934  3201  3665 D ApplicationPolicy: isStatusBarNotificationAllowedAsUser: converting userId from USER_ALLto 0
07-28 16:11:57.934  3201  3665 D API test: getContainerInfo: value is
07-28 16:11:57.938  3201  3218 D InputMethodManagerService: isAccessoryKeyboard 0
07-28 16:11:57.939  6812  6812 E DecorView: mWindow.mActivityCurrentConfig is null
07-28 16:11:57.943  3201  3218 D InputDispatcher: Inject motion (6848): action=0x1, time=4702719000000, f=0x0, d=0
07-28 16:11:57.944  3201  3359 I InputDispatcher: Delivering touch to (6848): action: 0x1, f=0x0, d=0, 'df3ab4c', t=1
07-28 16:11:57.944  3846  3846 D TouchInteractionService: onInputEvent, ACTION_UP
07-28 16:11:57.944  6848  6848 D ViewRootImpl@32305ed[AddRecord]: ViewPostIme pointer 1
07-28 16:11:57.947  6848  6848 D InputMethodManager: SSI - flag : 0 Pid : 6848 view : com.example.cardiacrecorder
07-28 16:11:57.947  6848  6848 D InputMethodManager: prepareNavigationBarInfo() DecorView@3b1affa[AddRecord]
07-28 16:11:57.947  6848  6848 D InputMethodManager: getNavigationBarColor() -855310
07-28 16:11:57.948  3201  3665 D InputMethodManagerService: isAccessoryKeyboard 0
07-28 16:11:57.948  3201  5631 V InputMethodManagerService: Client requesting input be shown, flags : 0
07-28 16:11:57.949  6812  6812 D InputMethodService: update NavBar color
07-28 16:11:57.949  6812  6812 V InputMethodService: showSoftInput(), flags : 1
07-28 16:11:57.949  3201  5631 D InputMethodManagerService: isAccessoryKeyboard 0
07-28 16:11:57.950  3201  5631 D InputMethodManagerService: isAccessoryKeyboard 0
07-28 16:11:57.950  6812  6812 D InputMethodService: mDesktopModeManager null!
07-28 16:11:57.950  6812  6812 D InputMethodService: sendInputViewShownStateSSRM(): true
07-28 16:11:57.951  3201  5631 D InputMethodManagerService: isAccessoryKeyboard 0
07-28 16:11:57.951  3201  5631 D InputMethodManagerService: isAccessoryKeyboard 0
07-28 16:11:57.952  6812  6812 D InputMethodService: SWI - SIR true, mIVS : true
07-28 16:11:57.952  6812  6812 D InputMethodService: AxT9IME.sendInputViewShownState(): true
07-28 16:11:57.952  6812  6812 D InputMethodService: AxT9IME.IS_VISIBLE_CANDIDATE(): 4
07-28 16:11:57.953  3201  3665 D SamsungIMMSHWKeyboard: isConnectedDexOnPC false
07-28 16:11:57.953  3201  3665 D InputMethodManagerService: isImeSwitcherDisabledPackage : false
07-28 16:11:57.953  3201  3665 D InputMethodManagerService: shouldShowImeSwitcherLocked : checking vis : 3
07-28 16:11:57.958  3201  3665 D ApplicationPolicy: isStatusBarNotificationAllowedAsUser: packageName = android,userId = 0
07-28 16:11:57.958  3201  3665 D API test: getContainerInfo: value is
07-28 16:11:57.958  3201  3665 D ApplicationPolicy: isStatusBarNotificationAllowedAsUser: packageName = android,userId = -1
07-28 16:11:57.959  3201  3665 D API test: getContainerInfo: value is
07-28 16:11:57.959  3201  3665 D ApplicationPolicy: isStatusBarNotificationAllowedAsUser: converting userId from USER_ALLto 0
07-28 16:11:57.959  3201  3665 D API test: getContainerInfo: value is
07-28 16:11:57.994  6848  6848 D skia    : approximate: numPoints=5, lengths[0]=0.000000, totalLength=8.845903, segmentPoints[0]=[0.000000,6.000000]
07-28 16:11:57.994  6848  6848 D skia    : approximate: approximation[0]=0.000000, approximation[1]=0.000000, approximation[2]=6.000000
07-28 16:11:57.994  6848  6848 D skia    : approximate: numPoints=5, lengths[4]=8.845903, totalLength=8.845903, segmentPoints[4]=[-6.500000,0.000000]
07-28 16:11:57.994  6848  6848 D skia    : approximate: approximation[12]=1.000000, approximation[13]=-6.500000, approximation[14]=0.000000
07-28 16:11:57.998  6848  6848 D skia    : approximate: numPoints=2, lengths[1]=4.500000, totalLength=4.500000, segmentPoints[1]=[4.500000,0.000000]
07-28 16:11:57.998  6848  6848 D skia    : approximate: approximation[3]=1.000000, approximation[4]=4.500000, approximation[5]=0.000000
07-28 16:11:58.006  6848  6848 D skia    : approximate: numPoints=5, lengths[4]=8.000000, totalLength=8.000000, segmentPoints[4]=[-8.000000,0.000000]
07-28 16:11:58.006  6848  6848 D skia    : approximate: approximation[12]=1.000000, approximation[13]=-8.000000, approximation[14]=0.000000
07-28 16:11:58.008  6848  6848 D skia    : approximate: numPoints=6, lengths[5]=11.000000, totalLength=11.000000, segmentPoints[5]=[9.000000,0.000000]
07-28 16:11:58.008  6848  6848 D skia    : approximate: approximation[15]=1.000000, approximation[16]=9.000000, approximation[17]=0.000000
07-28 16:11:58.018  6848  6848 D skia    : approximate: numPoints=5, lengths[0]=0.000000, totalLength=8.845903, segmentPoints[0]=[0.000000,-6.000000]
07-28 16:11:58.018  6848  6848 D skia    : approximate: approximation[0]=0.000000, approximation[1]=0.000000, approximation[2]=-6.000000
07-28 16:11:58.018  6848  6848 D skia    : approximate: numPoints=5, lengths[4]=8.845903, totalLength=8.845903, segmentPoints[4]=[-6.500000,0.000000]
07-28 16:11:58.018  6848  6848 D skia    : approximate: approximation[12]=1.000000, approximation[13]=-6.500000, approximation[14]=0.000000
07-28 16:11:58.020  3491  3844 D NetworkController.MobileSignalController(1/2): onSignalStrengthsChanged signalStrength=SignalStrength:{mCdma=Invalid,mGsm=Invalid,mWcdma=CellSignalStrengthWcdma: ss=-99 ber=99 rscp=-89 ecno=0 level=1,mTdscdma=Invalid,mLte=Invalid,mNr=Invalid,SignalBarInfo{ wcdmaLevel=3 },P,rat=3,primary=CellSignalStrengthWcdma} level=3
07-28 16:11:58.021  3491  3844 D NetworkController.MobileSignalController(1/2): getMobileIconGroup(): 9
07-28 16:11:58.023  6848  6848 D skia    : approximate: numPoints=2, lengths[1]=4.500000, totalLength=4.500000, segmentPoints[1]=[4.500000,0.000000]
07-28 16:11:58.023  6848  6848 D skia    : approximate: approximation[3]=1.000000, approximation[4]=4.500000, approximation[5]=0.000000
07-28 16:11:58.035  6848  6848 D skia    : approximate: numPoints=5, lengths[0]=0.000000, totalLength=8.845903, segmentPoints[0]=[-6.500000,0.000000]
07-28 16:11:58.035  6848  6848 D skia    : approximate: approximation[0]=0.000000, approximation[1]=-6.500000, approximation[2]=0.000000
07-28 16:11:58.035  6848  6848 D skia    : approximate: numPoints=5, lengths[4]=8.845903, totalLength=8.845903, segmentPoints[4]=[0.000000,6.000000]
07-28 16:11:58.036  6848  6848 D skia    : approximate: approximation[12]=1.000000, approximation[13]=0.000000, approximation[14]=6.000000
07-28 16:11:58.040  6848  6848 D skia    : approximate: numPoints=2, lengths[0]=0.000000, totalLength=4.500000, segmentPoints[0]=[4.500000,0.000000]
07-28 16:11:58.040  6848  6848 D skia    : approximate: approximation[0]=0.000000, approximation[1]=4.500000, approximation[2]=0.000000
07-28 16:11:58.040  6848  6848 D skia    : approximate: numPoints=2, lengths[1]=4.500000, totalLength=4.500000, segmentPoints[1]=[0.000000,0.000000]
07-28 16:11:58.040  6848  6848 D skia    : approximate: approximation[3]=1.000000, approximation[4]=0.000000, approximation[5]=0.000000
07-28 16:11:58.045  3846  3846 D Launcher.NotificationListener: onNotificationPosted : android number : 0 listener : null
07-28 16:11:58.052  6848  6848 D skia    : approximate: numPoints=5, lengths[0]=0.000000, totalLength=8.000000, segmentPoints[0]=[-8.000000,0.000000]
07-28 16:11:58.052  6848  6848 D skia    : approximate: approximation[0]=0.000000, approximation[1]=-8.000000, approximation[2]=0.000000
07-28 16:11:58.052  6848  6848 D skia    : approximate: numPoints=5, lengths[4]=8.000000, totalLength=8.000000, segmentPoints[4]=[0.000000,0.000000]
07-28 16:11:58.052  6848  6848 D skia    : approximate: approximation[12]=1.000000, approximation[13]=0.000000, approximation[14]=0.000000
07-28 16:11:58.055  6848  6848 D skia    : approximate: numPoints=5, lengths[0]=0.000000, totalLength=9.000000, segmentPoints[0]=[9.000000,0.000000]
07-28 16:11:58.055  6848  6848 D skia    : approximate: approximation[0]=0.000000, approximation[1]=9.000000, approximation[2]=0.000000
07-28 16:11:58.055  6848  6848 D skia    : approximate: numPoints=5, lengths[4]=9.000000, totalLength=9.000000, segmentPoints[4]=[0.000000,0.000000]
07-28 16:11:58.055  6848  6848 D skia    : approximate: approximation[12]=1.000000, approximation[13]=0.000000, approximation[14]=0.000000
07-28 16:11:58.065  3846  3846 D Launcher.NotificationListener: onNotificationPosted : android number : 0 listener : null
07-28 16:11:58.068  6848  6848 D skia    : approximate: numPoints=5, lengths[0]=0.000000, totalLength=8.845903, segmentPoints[0]=[-6.500000,0.000000]
07-28 16:11:58.068  6848  6848 D skia    : approximate: approximation[0]=0.000000, approximation[1]=-6.500000, approximation[2]=0.000000
07-28 16:11:58.068  6848  6848 D skia    : approximate: numPoints=5, lengths[4]=8.845903, totalLength=8.845903, segmentPoints[4]=[0.000000,-6.000000]
07-28 16:11:58.068  6848  6848 D skia    : approximate: approximation[12]=1.000000, approximation[13]=0.000000, approximation[14]=-6.000000
07-28 16:11:58.072  6848  6848 D skia    : approximate: numPoints=2, lengths[0]=0.000000, totalLength=4.500000, segmentPoints[0]=[4.500000,0.000000]
07-28 16:11:58.072  6848  6848 D skia    : approximate: approximation[0]=0.000000, approximation[1]=4.500000, approximation[2]=0.000000
07-28 16:11:58.072  6848  6848 D skia    : approximate: numPoints=2, lengths[1]=4.500000, totalLength=4.500000, segmentPoints[1]=[0.000000,0.000000]
07-28 16:11:58.072  6848  6848 D skia    : approximate: approximation[3]=1.000000, approximation[4]=0.000000, approximation[5]=0.000000
07-28 16:11:58.214  6848  6848 D skia    : approximate: numPoints=5, lengths[0]=0.000000, totalLength=8.845903, segmentPoints[0]=[0.000000,6.000000]
07-28 16:11:58.214  6848  6848 D skia    : approximate: approximation[0]=0.000000, approximation[1]=0.000000, approximation[2]=6.000000
07-28 16:11:58.214  6848  6848 D skia    : approximate: numPoints=5, lengths[4]=8.845903, totalLength=8.845903, segmentPoints[4]=[-6.500000,0.000000]
07-28 16:11:58.214  6848  6848 D skia    : approximate: approximation[12]=1.000000, approximation[13]=-6.500000, approximation[14]=0.000000
07-28 16:11:58.215  2941  3128 D EnterpriseController: netId is 0
07-28 16:11:58.215  2941  3128 E Netd    : getNetworkForDns: getNetId from enterpriseCtrl is netid 0
07-28 16:11:58.215  2941  3128 D DnsProxyListener: DNSDBG::dns addrinfo af 2 - 10078
07-28 16:11:58.218  6848  6848 D skia    : approximate: numPoints=2, lengths[1]=4.500000, totalLength=4.500000, segmentPoints[1]=[4.500000,0.000000]
07-28 16:11:58.218  6848  6848 D skia    : approximate: approximation[3]=1.000000, approximation[4]=4.500000, approximation[5]=0.000000
07-28 16:11:58.223  6848  6848 D skia    : approximate: numPoints=5, lengths[4]=8.000000, totalLength=8.000000, segmentPoints[4]=[-8.000000,0.000000]
07-28 16:11:58.224  6848  6848 D skia    : approximate: approximation[12]=1.000000, approximation[13]=-8.000000, approximation[14]=0.000000
07-28 16:11:58.225  6848  6848 D skia    : approximate: numPoints=6, lengths[5]=11.000000, totalLength=11.000000, segmentPoints[5]=[9.000000,0.000000]
07-28 16:11:58.225  6848  6848 D skia    : approximate: approximation[15]=1.000000, approximation[16]=9.000000, approximation[17]=0.000000
07-28 16:11:58.232  6848  6848 D skia    : approximate: numPoints=5, lengths[0]=0.000000, totalLength=8.845903, segmentPoints[0]=[0.000000,-6.000000]
07-28 16:11:58.232  6848  6848 D skia    : approximate: approximation[0]=0.000000, approximation[1]=0.000000, approximation[2]=-6.000000
07-28 16:11:58.232  6848  6848 D skia    : approximate: numPoints=5, lengths[4]=8.845903, totalLength=8.845903, segmentPoints[4]=[-6.500000,0.000000]
07-28 16:11:58.232  6848  6848 D skia    : approximate: approximation[12]=1.000000, approximation[13]=-6.500000, approximation[14]=0.000000
07-28 16:11:58.234  6848  6848 D skia    : approximate: numPoints=2, lengths[1]=4.500000, totalLength=4.500000, segmentPoints[1]=[4.500000,0.000000]
07-28 16:11:58.234  6848  6848 D skia    : approximate: approximation[3]=1.000000, approximation[4]=4.500000, approximation[5]=0.000000
07-28 16:11:58.242  6848  6848 D skia    : approximate: numPoints=5, lengths[0]=0.000000, totalLength=8.845903, segmentPoints[0]=[-6.500000,0.000000]
07-28 16:11:58.242  6848  6848 D skia    : approximate: approximation[0]=0.000000, approximation[1]=-6.500000, approximation[2]=0.000000
07-28 16:11:58.242  6848  6848 D skia    : approximate: numPoints=5, lengths[4]=8.845903, totalLength=8.845903, segmentPoints[4]=[0.000000,6.000000]
07-28 16:11:58.242  6848  6848 D skia    : approximate: approximation[12]=1.000000, approximation[13]=0.000000, approximation[14]=6.000000
07-28 16:11:58.245  6848  6848 D skia    : approximate: numPoints=2, lengths[0]=0.000000, totalLength=4.500000, segmentPoints[0]=[4.500000,0.000000]
07-28 16:11:58.245  6848  6848 D skia    : approximate: approximation[0]=0.000000, approximation[1]=4.500000, approximation[2]=0.000000
07-28 16:11:58.245  6848  6848 D skia    : approximate: numPoints=2, lengths[1]=4.500000, totalLength=4.500000, segmentPoints[1]=[0.000000,0.000000]
07-28 16:11:58.245  6848  6848 D skia    : approximate: approximation[3]=1.000000, approximation[4]=0.000000, approximation[5]=0.000000
07-28 16:11:58.253  6848  6848 D skia    : approximate: numPoints=5, lengths[0]=0.000000, totalLength=8.000000, segmentPoints[0]=[-8.000000,0.000000]
07-28 16:11:58.253  6848  6848 D skia    : approximate: approximation[0]=0.000000, approximation[1]=-8.000000, approximation[2]=0.000000
07-28 16:11:58.253  6848  6848 D skia    : approximate: numPoints=5, lengths[4]=8.000000, totalLength=8.000000, segmentPoints[4]=[0.000000,0.000000]
07-28 16:11:58.253  6848  6848 D skia    : approximate: approximation[12]=1.000000, approximation[13]=0.000000, approximation[14]=0.000000
07-28 16:11:58.255  6848  6848 D skia    : approximate: numPoints=5, lengths[0]=0.000000, totalLength=9.000000, segmentPoints[0]=[9.000000,0.000000]
07-28 16:11:58.255  6848  6848 D skia    : approximate: approximation[0]=0.000000, approximation[1]=9.000000, approximation[2]=0.000000
07-28 16:11:58.255  6848  6848 D skia    : approximate: numPoints=5, lengths[4]=9.000000, totalLength=9.000000, segmentPoints[4]=[0.000000,0.000000]
07-28 16:11:58.255  6848  6848 D skia    : approximate: approximation[12]=1.000000, approximation[13]=0.000000, approximation[14]=0.000000
07-28 16:11:58.263  6848  6848 D skia    : approximate: numPoints=5, lengths[0]=0.000000, totalLength=8.845903, segmentPoints[0]=[-6.500000,0.000000]
07-28 16:11:58.263  6848  6848 D skia    : approximate: approximation[0]=0.000000, approximation[1]=-6.500000, approximation[2]=0.000000
07-28 16:11:58.263  6848  6848 D skia    : approximate: numPoints=5, lengths[4]=8.845903, totalLength=8.845903, segmentPoints[4]=[0.000000,-6.000000]
07-28 16:11:58.263  6848  6848 D skia    : approximate: approximation[12]=1.000000, approximation[13]=0.000000, approximation[14]=-6.000000
07-28 16:11:58.265  6848  6848 D skia    : approximate: numPoints=2, lengths[0]=0.000000, totalLength=4.500000, segmentPoints[0]=[4.500000,0.000000]
07-28 16:11:58.265  6848  6848 D skia    : approximate: approximation[0]=0.000000, approximation[1]=4.500000, approximation[2]=0.000000
07-28 16:11:58.265  6848  6848 D skia    : approximate: numPoints=2, lengths[1]=4.500000, totalLength=4.500000, segmentPoints[1]=[0.000000,0.000000]
07-28 16:11:58.265  6848  6848 D skia    : approximate: approximation[3]=1.000000, approximation[4]=0.000000, approximation[5]=0.000000
07-28 16:11:58.272  3201  3423 E NetdEventListenerService: handleMessage: { when=0 what=10001 obj=com.android.server.connectivity.NetdEventListenerService$DnsResultParams@5b8a021 target=com.android.server.connectivity.NetdEventListenerService$DnsEventHandler }
07-28 16:11:58.314  2807  2985 I SurfaceFlinger: createSurf start. lock debugging [3cb9e07 PopupWindow:3bd6e59]
07-28 16:11:58.314  2807  2985 I SurfaceFlinger: id=488 createSurf (0x0),-1 flag=80004, 3cb9e07 PopupWindow:3bd6e59#0
07-28 16:11:58.315  3201  3218 D InputTransport: Input channel constructed: '3cb9e07', fd=566
07-28 16:11:58.315  3201  3218 D InputTransport: Input channel constructed: '3cb9e07', fd=567
07-28 16:11:58.316  3201  3218 D InputTransport: Input channel destroyed: '3cb9e07', fd=567
07-28 16:11:58.318  6848  6848 D ViewRootImpl@a7188cc[PopupWindow:3bd6e59]: setView = android.widget.PopupWindow$PopupDecorView@3cd9715 TM=true MM=false
07-28 16:11:58.336  3201  3218 V WindowManager: Relayout Window{3cb9e07 u0 PopupWindow:3bd6e59}: viewVisibility=0 req=60x72
07-28 16:11:58.340  2807  2985 I SurfaceFlinger: createSurf start. lock debugging [PopupWindow:3bd6e59$_6848]
07-28 16:11:58.341  2807  2985 I SurfaceFlinger: id=489 createSurf (60x72),1 flag=4, PopupWindow:3bd6e59$_6848#0
07-28 16:11:58.344  3201  3218 V WindowManager: Relayout 6848: mAttrs={(32,431)(60x72) gr=TOP START CENTER sim={state=unchanged adjust=pan} ty=APPLICATION_SUB_PANEL fmt=TRANSLUCENT wanim=0x103030f surfaceInsets=Rect(0, 0 - 0, 0) (manual)
07-28 16:11:58.344  3201  3218 V WindowManager:   fl=41800208
07-28 16:11:58.344  3201  3218 V WindowManager:   pfl=18000 naviIconColor=0}
07-28 16:11:58.347  6848  6848 D ViewRootImpl@a7188cc[PopupWindow:3bd6e59]: Relayout returned: old=(0,54,720,1490) new=(32,431,92,503) req=(60,72)0 dur=12 res=0x7 s={true 3187802112} ch=true
